<html>
<body>
<pre>
<h1>µVision Build Log</h1>
<h2>Tool Versions:</h2>
IDE-Version: µVision V5.31.0.0
Copyright (C) 2020 ARM Ltd and ARM Germany GmbH. All rights reserved.
License Information: Duong Hoang, das, LIC=HN0AE-57QWL-UHW8H-WJY6P-8LH28-25CF5
 
Tool Versions:
Toolchain:       MDK-ARM Plus  Version: 5.31.0.0
Toolchain Path:  C:\Keil_v5\ARM\ARMCC\Bin
C Compiler:      Armcc.exe V5.06 update 6 (build 750)
Assembler:       Armasm.exe V5.06 update 6 (build 750)
Linker/Locator:  ArmLink.exe V5.06 update 6 (build 750)
Library Manager: ArmAr.exe V5.06 update 6 (build 750)
Hex Converter:   FromElf.exe V5.06 update 6 (build 750)
CPU DLL:         SARMCM3.DLL V5.31.0.0
Dialog DLL:      DCM.DLL V1.17.3.0
Target DLL:      STLink\ST-LINKIII-KEIL_SWO.dll V3.0.7.0
Dialog DLL:      TCM.DLL V1.46.0.0
 
<h2>Project:</h2>
C:\Users\DuongHoang\Downloads\STM32\DigitalClock\MDK-ARM\DigitalClock.uvprojx
Project File Date:  12/08/2021

<h2>Output:</h2>
*** Using Compiler 'V5.06 update 6 (build 750)', folder: 'C:\Keil_v5\ARM\ARMCC\Bin'
Build target 'DigitalClock'
compiling main.c...
../Core/Src/main.c(59): warning:  #68-D: integer conversion resulted in a change of sign
  uint8_t Adjust = -1;
../Core/Src/main.c(105): warning:  #223-D: function "sprintf" declared implicitly
  			sprintf(bufferm, "January");
../Core/Src/main.c(163): warning:  #223-D: function "sprintf" declared implicitly
  		sprintf(buffer, "%02d:%02d:%02d", DS3231.Hours, DS3231.Min, DS3231.Sec);
../Core/Src/main.c(191): warning:  #223-D: function "sprintf" declared implicitly
  	sprintf(buffer, "%02d,%s,20%02d", DS3231.Date, bufferm, DS3231.Year);
../Core/Src/main.c(202): warning:  #223-D: function "sprintf" declared implicitly
  	sprintf(buffer, "%02d", Temp);
../Core/Src/main.c(212): warning:  #223-D: function "sprintf" declared implicitly
  	sprintf(buffer, "Time %02d:%02d", AlarmHours, AlarmMin);
../Core/Src/main.c(223): warning:  #223-D: function "sprintf" declared implicitly
  	sprintf(buffer, "Time %02d:%02d:%02d", DS3231.Hours, DS3231.Min, DS3231.Sec);
../Core/Src/main.c(268): warning:  #223-D: function "sprintf" declared implicitly
  	sprintf(buffer, "%02d:%02d", DS3231.Hours, DS3231.Min);
../Core/Src/main.c(359): warning:  #68-D: integer conversion resulted in a change of sign
  			Adjust = -1;
../Core/Src/main.c(589): warning:  #188-D: enumerated type mixed with another type
  		HAL_GPIO_WritePin(Buzzer_GPIO_Port, Buzzer_Pin, 1);
../Core/Src/main.c(591): warning:  #188-D: enumerated type mixed with another type
  		HAL_GPIO_WritePin(Buzzer_GPIO_Port, Buzzer_Pin, 0);
../Core/Src/main.c(593): warning:  #188-D: enumerated type mixed with another type
  		HAL_GPIO_WritePin(Buzzer_GPIO_Port, Buzzer_Pin, 1);
../Core/Src/main.c(595): warning:  #188-D: enumerated type mixed with another type
  		HAL_GPIO_WritePin(Buzzer_GPIO_Port, Buzzer_Pin, 0);
../Core/Src/main.c: 13 warnings, 0 errors
linking...
Program Size: Code=16280 RO-data=312 RW-data=24 ZI-data=1904  
FromELF: creating hex file...
"DigitalClock\DigitalClock.axf" - 0 Error(s), 13 Warning(s).

<h2>Software Packages used:</h2>

Package Vendor: ARM
                http://www.keil.com/pack/ARM.CMSIS.5.8.0.pack
                ARM.CMSIS.5.8.0
                CMSIS (Common Microcontroller Software Interface Standard)
   * Component: CORE Version: 5.5.0

Package Vendor: Keil
                http://www.keil.com/pack/Keil.STM32F1xx_DFP.2.3.0.pack
                Keil.STM32F1xx_DFP.2.3.0
                STMicroelectronics STM32F1 Series Device Support, Drivers and Examples

<h2>Collection of Component include folders:</h2>
  .\RTE\_DigitalClock
  C:\Users\DuongHoang\AppData\Local\Arm\Packs\ARM\CMSIS\5.8.0\CMSIS\Core\Include
  C:\Users\DuongHoang\AppData\Local\Arm\Packs\Keil\STM32F1xx_DFP\2.3.0\Device\Include

<h2>Collection of Component Files used:</h2>

   * Component: ARM::CMSIS:CORE:5.5.0
Build Time Elapsed:  00:00:03
</pre>
</body>
</html>
