Component: ARM Compiler 5.06 update 6 (build 750) Tool: armlink [4d35ed]

==============================================================================

Section Cross References

    startup_stm32f103xb.o(STACK) refers (Special) to heapauxi.o(.text) for __use_two_region_memory
    startup_stm32f103xb.o(HEAP) refers (Special) to heapauxi.o(.text) for __use_two_region_memory
    startup_stm32f103xb.o(RESET) refers (Special) to heapauxi.o(.text) for __use_two_region_memory
    startup_stm32f103xb.o(RESET) refers to startup_stm32f103xb.o(STACK) for __initial_sp
    startup_stm32f103xb.o(RESET) refers to startup_stm32f103xb.o(.text) for Reset_Handler
    startup_stm32f103xb.o(RESET) refers to stm32f1xx_it.o(i.NMI_Handler) for NMI_Handler
    startup_stm32f103xb.o(RESET) refers to stm32f1xx_it.o(i.HardFault_Handler) for HardFault_Handler
    startup_stm32f103xb.o(RESET) refers to stm32f1xx_it.o(i.MemManage_Handler) for MemManage_Handler
    startup_stm32f103xb.o(RESET) refers to stm32f1xx_it.o(i.BusFault_Handler) for BusFault_Handler
    startup_stm32f103xb.o(RESET) refers to stm32f1xx_it.o(i.UsageFault_Handler) for UsageFault_Handler
    startup_stm32f103xb.o(RESET) refers to stm32f1xx_it.o(i.SVC_Handler) for SVC_Handler
    startup_stm32f103xb.o(RESET) refers to stm32f1xx_it.o(i.DebugMon_Handler) for DebugMon_Handler
    startup_stm32f103xb.o(RESET) refers to stm32f1xx_it.o(i.PendSV_Handler) for PendSV_Handler
    startup_stm32f103xb.o(RESET) refers to stm32f1xx_it.o(i.SysTick_Handler) for SysTick_Handler
    startup_stm32f103xb.o(RESET) refers to stm32f1xx_it.o(i.EXTI0_IRQHandler) for EXTI0_IRQHandler
    startup_stm32f103xb.o(RESET) refers to stm32f1xx_it.o(i.EXTI1_IRQHandler) for EXTI1_IRQHandler
    startup_stm32f103xb.o(RESET) refers to stm32f1xx_it.o(i.EXTI2_IRQHandler) for EXTI2_IRQHandler
    startup_stm32f103xb.o(RESET) refers to stm32f1xx_it.o(i.EXTI3_IRQHandler) for EXTI3_IRQHandler
    startup_stm32f103xb.o(RESET) refers to stm32f1xx_it.o(i.EXTI9_5_IRQHandler) for EXTI9_5_IRQHandler
    startup_stm32f103xb.o(RESET) refers to stm32f1xx_it.o(i.TIM2_IRQHandler) for TIM2_IRQHandler
    startup_stm32f103xb.o(.text) refers (Special) to heapauxi.o(.text) for __use_two_region_memory
    startup_stm32f103xb.o(.text) refers to system_stm32f1xx.o(i.SystemInit) for SystemInit
    startup_stm32f103xb.o(.text) refers to __main.o(!!!main) for __main
    startup_stm32f103xb.o(.text) refers to startup_stm32f103xb.o(HEAP) for Heap_Mem
    startup_stm32f103xb.o(.text) refers to startup_stm32f103xb.o(STACK) for Stack_Mem
    clcd_i2c.o(i.CLCD_I2C_BlinkOff) refers to clcd_i2c.o(i.CLCD_WriteI2C) for CLCD_WriteI2C
    clcd_i2c.o(i.CLCD_I2C_BlinkOn) refers to clcd_i2c.o(i.CLCD_WriteI2C) for CLCD_WriteI2C
    clcd_i2c.o(i.CLCD_I2C_Clear) refers to clcd_i2c.o(i.CLCD_WriteI2C) for CLCD_WriteI2C
    clcd_i2c.o(i.CLCD_I2C_Clear) refers to stm32f1xx_hal.o(i.HAL_Delay) for HAL_Delay
    clcd_i2c.o(i.CLCD_I2C_CursorOff) refers to clcd_i2c.o(i.CLCD_WriteI2C) for CLCD_WriteI2C
    clcd_i2c.o(i.CLCD_I2C_CursorOn) refers to clcd_i2c.o(i.CLCD_WriteI2C) for CLCD_WriteI2C
    clcd_i2c.o(i.CLCD_I2C_Init) refers to stm32f1xx_hal.o(i.HAL_Delay) for HAL_Delay
    clcd_i2c.o(i.CLCD_I2C_Init) refers to clcd_i2c.o(i.CLCD_WriteI2C) for CLCD_WriteI2C
    clcd_i2c.o(i.CLCD_I2C_ReturnHome) refers to clcd_i2c.o(i.CLCD_WriteI2C) for CLCD_WriteI2C
    clcd_i2c.o(i.CLCD_I2C_ReturnHome) refers to stm32f1xx_hal.o(i.HAL_Delay) for HAL_Delay
    clcd_i2c.o(i.CLCD_I2C_SetCursor) refers to clcd_i2c.o(i.CLCD_WriteI2C) for CLCD_WriteI2C
    clcd_i2c.o(i.CLCD_I2C_WriteChar) refers to clcd_i2c.o(i.CLCD_WriteI2C) for CLCD_WriteI2C
    clcd_i2c.o(i.CLCD_I2C_WriteString) refers to clcd_i2c.o(i.CLCD_I2C_WriteChar) for CLCD_I2C_WriteChar
    clcd_i2c.o(i.CLCD_WriteI2C) refers to stm32f1xx_hal.o(i.HAL_Delay) for HAL_Delay
    clcd_i2c.o(i.CLCD_WriteI2C) refers to stm32f1xx_hal_i2c.o(i.HAL_I2C_Master_Transmit) for HAL_I2C_Master_Transmit
    ds3231.o(i.DS3231_GetDate) refers to stm32f1xx_hal_i2c.o(i.HAL_I2C_Mem_Read) for HAL_I2C_Mem_Read
    ds3231.o(i.DS3231_GetDate) refers to ds3231.o(i.BCD2DEC) for BCD2DEC
    ds3231.o(i.DS3231_GetTemp) refers to ds3231.o(i.force_temp_conv) for force_temp_conv
    ds3231.o(i.DS3231_GetTemp) refers to stm32f1xx_hal_i2c.o(i.HAL_I2C_Mem_Read) for HAL_I2C_Mem_Read
    ds3231.o(i.DS3231_GetTemp) refers to dflt_clz.o(x$fpl$dfltu) for __aeabi_ui2d
    ds3231.o(i.DS3231_GetTemp) refers to scalbn.o(x$fpl$scalbn) for __ARM_scalbn
    ds3231.o(i.DS3231_GetTemp) refers to daddsub_clz.o(x$fpl$dadd) for __aeabi_dadd
    ds3231.o(i.DS3231_GetTemp) refers to d2f.o(x$fpl$d2f) for __aeabi_d2f
    ds3231.o(i.DS3231_GetTime) refers to stm32f1xx_hal_i2c.o(i.HAL_I2C_Mem_Read) for HAL_I2C_Mem_Read
    ds3231.o(i.DS3231_GetTime) refers to ds3231.o(i.BCD2DEC) for BCD2DEC
    ds3231.o(i.DS3231_SetAlarmDate) refers to ds3231.o(i.DEC2BCD) for DEC2BCD
    ds3231.o(i.DS3231_SetAlarmDate) refers to stm32f1xx_hal_i2c.o(i.HAL_I2C_Mem_Write) for HAL_I2C_Mem_Write
[...]
    ..\Drivers\STM32F1xx_HAL_Driver\Src\stm32f1xx_hal_dma.c 0x00000000   Number         0  stm32f1xx_hal_dma.o ABSOLUTE
    ..\Drivers\STM32F1xx_HAL_Driver\Src\stm32f1xx_hal_exti.c 0x00000000   Number         0  stm32f1xx_hal_exti.o ABSOLUTE
    ..\Drivers\STM32F1xx_HAL_Driver\Src\stm32f1xx_hal_flash.c 0x00000000   Number         0  stm32f1xx_hal_flash.o ABSOLUTE
    ..\Drivers\STM32F1xx_HAL_Driver\Src\stm32f1xx_hal_flash_ex.c 0x00000000   Number         0  stm32f1xx_hal_flash_ex.o ABSOLUTE
    ..\Drivers\STM32F1xx_HAL_Driver\Src\stm32f1xx_hal_gpio.c 0x00000000   Number         0  stm32f1xx_hal_gpio.o ABSOLUTE
    ..\Drivers\STM32F1xx_HAL_Driver\Src\stm32f1xx_hal_gpio_ex.c 0x00000000   Number         0  stm32f1xx_hal_gpio_ex.o ABSOLUTE
    ..\Drivers\STM32F1xx_HAL_Driver\Src\stm32f1xx_hal_i2c.c 0x00000000   Number         0  stm32f1xx_hal_i2c.o ABSOLUTE
    ..\Drivers\STM32F1xx_HAL_Driver\Src\stm32f1xx_hal_pwr.c 0x00000000   Number         0  stm32f1xx_hal_pwr.o ABSOLUTE
    ..\Drivers\STM32F1xx_HAL_Driver\Src\stm32f1xx_hal_rcc.c 0x00000000   Number         0  stm32f1xx_hal_rcc.o ABSOLUTE
    ..\Drivers\STM32F1xx_HAL_Driver\Src\stm32f1xx_hal_rcc_ex.c 0x00000000   Number         0  stm32f1xx_hal_rcc_ex.o ABSOLUTE
    ..\Drivers\STM32F1xx_HAL_Driver\Src\stm32f1xx_hal_tim.c 0x00000000   Number         0  stm32f1xx_hal_tim.o ABSOLUTE
    ..\Drivers\STM32F1xx_HAL_Driver\Src\stm32f1xx_hal_tim_ex.c 0x00000000   Number         0  stm32f1xx_hal_tim_ex.o ABSOLUTE
    ..\\Core\\Src\\CLCD_I2C.c                0x00000000   Number         0  clcd_i2c.o ABSOLUTE
    ..\\Core\\Src\\DS3231.c                  0x00000000   Number         0  ds3231.o ABSOLUTE
    dc.s                                     0x00000000   Number         0  dc.o ABSOLUTE
    startup_stm32f103xb.s                    0x00000000   Number         0  startup_stm32f103xb.o ABSOLUTE
    RESET                                    0x08000000   Section      236  startup_stm32f103xb.o(RESET)
    !!!main                                  0x080000ec   Section        8  __main.o(!!!main)
    !!!scatter                               0x080000f4   Section       52  __scatter.o(!!!scatter)
    !!handler_copy                           0x08000128   Section       26  __scatter_copy.o(!!handler_copy)
    !!handler_zi                             0x08000144   Section       28  __scatter_zi.o(!!handler_zi)
    .ARM.Collect$$_printf_percent$$00000000  0x08000160   Section        0  _printf_percent.o(.ARM.Collect$$_printf_percent$$00000000)
    .ARM.Collect$$_printf_percent$$00000003  0x08000160   Section        6  _printf_f.o(.ARM.Collect$$_printf_percent$$00000003)
    .ARM.Collect$$_printf_percent$$00000009  0x08000166   Section        6  _printf_d.o(.ARM.Collect$$_printf_percent$$00000009)
    .ARM.Collect$$_printf_percent$$00000014  0x0800016c   Section        6  _printf_s.o(.ARM.Collect$$_printf_percent$$00000014)
    .ARM.Collect$$_printf_percent$$00000017  0x08000172   Section        4  _printf_percent_end.o(.ARM.Collect$$_printf_percent$$00000017)
    .ARM.Collect$$libinit$$00000000          0x08000176   Section        2  libinit.o(.ARM.Collect$$libinit$$00000000)
    .ARM.Collect$$libinit$$00000002          0x08000178   Section        0  libinit2.o(.ARM.Collect$$libinit$$00000002)
    .ARM.Collect$$libinit$$00000004          0x08000178   Section        0  libinit2.o(.ARM.Collect$$libinit$$00000004)
    .ARM.Collect$$libinit$$0000000A          0x08000178   Section        0  libinit2.o(.ARM.Collect$$libinit$$0000000A)
    .ARM.Collect$$libinit$$0000000C          0x08000178   Section        0  libinit2.o(.ARM.Collect$$libinit$$0000000C)
    .ARM.Collect$$libinit$$0000000E          0x08000178   Section        0  libinit2.o(.ARM.Collect$$libinit$$0000000E)
    .ARM.Collect$$libinit$$0000000F          0x08000178   Section        6  libinit2.o(.ARM.Collect$$libinit$$0000000F)
    .ARM.Collect$$libinit$$00000011          0x0800017e   Section        0  libinit2.o(.ARM.Collect$$libinit$$00000011)
    .ARM.Collect$$libinit$$00000013          0x0800017e   Section        0  libinit2.o(.ARM.Collect$$libinit$$00000013)
    .ARM.Collect$$libinit$$00000015          0x0800017e   Section        0  libinit2.o(.ARM.Collect$$libinit$$00000015)
    .ARM.Collect$$libinit$$00000016          0x0800017e   Section       10  libinit2.o(.ARM.Collect$$libinit$$00000016)
    .ARM.Collect$$libinit$$00000017          0x08000188   Section        0  libinit2.o(.ARM.Collect$$libinit$$00000017)
    .ARM.Collect$$libinit$$00000019          0x08000188   Section        0  libinit2.o(.ARM.Collect$$libinit$$00000019)
    .ARM.Collect$$libinit$$0000001B          0x08000188   Section        0  libinit2.o(.ARM.Collect$$libinit$$0000001B)
    .ARM.Collect$$libinit$$0000001D          0x08000188   Section        0  libinit2.o(.ARM.Collect$$libinit$$0000001D)
    .ARM.Collect$$libinit$$0000001F          0x08000188   Section        0  libinit2.o(.ARM.Collect$$libinit$$0000001F)
    .ARM.Collect$$libinit$$00000021          0x08000188   Section        0  libinit2.o(.ARM.Collect$$libinit$$00000021)
    .ARM.Collect$$libinit$$00000023          0x08000188   Section        0  libinit2.o(.ARM.Collect$$libinit$$00000023)
    .ARM.Collect$$libinit$$00000025          0x08000188   Section        0  libinit2.o(.ARM.Collect$$libinit$$00000025)
    .ARM.Collect$$libinit$$0000002C          0x08000188   Section        0  libinit2.o(.ARM.Collect$$libinit$$0000002C)
    .ARM.Collect$$libinit$$0000002E          0x08000188   Section        0  libinit2.o(.ARM.Collect$$libinit$$0000002E)
    .ARM.Collect$$libinit$$00000030          0x08000188   Section        0  libinit2.o(.ARM.Collect$$libinit$$00000030)
    .ARM.Collect$$libinit$$00000032          0x08000188   Section        0  libinit2.o(.ARM.Collect$$libinit$$00000032)
    .ARM.Collect$$libinit$$00000033          0x08000188   Section        2  libinit2.o(.ARM.Collect$$libinit$$00000033)
    .ARM.Collect$$libshutdown$$00000000      0x0800018a   Section        2  libshutdown.o(.ARM.Collect$$libshutdown$$00000000)
    .ARM.Collect$$libshutdown$$00000002      0x0800018c   Section        0  libshutdown2.o(.ARM.Collect$$libshutdown$$00000002)
    .ARM.Collect$$libshutdown$$00000004      0x0800018c   Section        0  libshutdown2.o(.ARM.Collect$$libshutdown$$00000004)
    .ARM.Collect$$libshutdown$$00000007      0x0800018c   Section        0  libshutdown2.o(.ARM.Collect$$libshutdown$$00000007)
    .ARM.Collect$$libshutdown$$0000000A      0x0800018c   Section        0  libshutdown2.o(.ARM.Collect$$libshutdown$$0000000A)
    .ARM.Collect$$libshutdown$$0000000C      0x0800018c   Section        0  libshutdown2.o(.ARM.Collect$$libshutdown$$0000000C)
    .ARM.Collect$$libshutdown$$0000000F      0x0800018c   Section        0  libshutdown2.o(.ARM.Collect$$libshutdown$$0000000F)
    .ARM.Collect$$libshutdown$$00000010      0x0800018c   Section        2  libshutdown2.o(.ARM.Collect$$libshutdown$$00000010)
    .ARM.Collect$$rtentry$$00000000          0x0800018e   Section        0  __rtentry.o(.ARM.Collect$$rtentry$$00000000)
    .ARM.Collect$$rtentry$$00000002          0x0800018e   Section        0  __rtentry2.o(.ARM.Collect$$rtentry$$00000002)
    .ARM.Collect$$rtentry$$00000004          0x0800018e   Section        6  __rtentry4.o(.ARM.Collect$$rtentry$$00000004)
    .ARM.Collect$$rtentry$$00000009          0x08000194   Section        0  __rtentry2.o(.ARM.Collect$$rtentry$$00000009)
    .ARM.Collect$$rtentry$$0000000A          0x08000194   Section        4  __rtentry2.o(.ARM.Collect$$rtentry$$0000000A)
    .ARM.Collect$$rtentry$$0000000C          0x08000198   Section        0  __rtentry2.o(.ARM.Collect$$rtentry$$0000000C)
    .ARM.Collect$$rtentry$$0000000D          0x08000198   Section        8  __rtentry2.o(.ARM.Collect$$rtentry$$0000000D)
    .ARM.Collect$$rtexit$$00000000           0x080001a0   Section        2  rtexit.o(.ARM.Collect$$rtexit$$00000000)
    .ARM.Collect$$rtexit$$00000002           0x080001a2   Section        0  rtexit2.o(.ARM.Collect$$rtexit$$00000002)
    .ARM.Collect$$rtexit$$00000003           0x080001a2   Section        4  rtexit2.o(.ARM.Collect$$rtexit$$00000003)
    .ARM.Collect$$rtexit$$00000004           0x080001a6   Section        6  rtexit2.o(.ARM.Collect$$rtexit$$00000004)
    .text                                    0x080001ac   Section       64  startup_stm32f103xb.o(.text)
    .text                                    0x080001ec   Section        0  noretval__2sprintf.o(.text)
    .text                                    0x08000214   Section        0  _printf_pad.o(.text)
    .text                                    0x08000262   Section        0  _printf_str.o(.text)
    .text                                    0x080002b4   Section        0  _printf_dec.o(.text)
    .text                                    0x0800032c   Section        0  __printf_flags_wp.o(.text)
    .text                                    0x08000464   Section       78  rt_memclr_w.o(.text)
    .text                                    0x080004b2   Section        0  heapauxi.o(.text)
    .text                                    0x080004b8   Section        0  _printf_intcommon.o(.text)
    .text                                    0x0800056a   Section        0  _printf_fp_dec.o(.text)
    _fp_digits                               0x0800056d   Thumb Code   432  _printf_fp_dec.o(.text)
    .text                                    0x08000988   Section        0  _printf_char_common.o(.text)
    _printf_input_char                       0x08000989   Thumb Code    10  _printf_char_common.o(.text)
    .text                                    0x080009b8   Section        0  _sputc.o(.text)
    .text                                    0x080009c2   Section        0  _printf_char.o(.text)
    .text                                    0x080009f0   Section        8  rt_locale_intlibspace.o(.text)
    .text                                    0x080009f8   Section      138  lludiv10.o(.text)
    .text                                    0x08000a84   Section        0  _printf_fp_infnan.o(.text)
    .text                                    0x08000b04   Section        0  bigflt0.o(.text)
    .text                                    0x08000be8   Section        8  libspace.o(.text)
    .text                                    0x08000bf0   Section       74  sys_stackheap_outer.o(.text)
    .text                                    0x08000c3a   Section        0  exit.o(.text)
    .text                                    0x08000c4c   Section      128  strcmpv7m.o(.text)
    .text                                    0x08000ccc   Section        0  sys_exit.o(.text)
    .text                                    0x08000cd8   Section        2  use_no_semi.o(.text)
    .text                                    0x08000cda   Section        0  indicate_semi.o(.text)
    CL$$btod_d2e                             0x08000cda   Section       62  btod.o(CL$$btod_d2e)
    CL$$btod_d2e_denorm_low                  0x08000d18   Section       70  btod.o(CL$$btod_d2e_denorm_low)
    CL$$btod_d2e_norm_op1                    0x08000d5e   Section       96  btod.o(CL$$btod_d2e_norm_op1)
    CL$$btod_div_common                      0x08000dbe   Section      824  btod.o(CL$$btod_div_common)
    CL$$btod_e2e                             0x080010f6   Section      220  btod.o(CL$$btod_e2e)
    CL$$btod_ediv                            0x080011d2   Section       42  btod.o(CL$$btod_ediv)
    CL$$btod_emul                            0x080011fc   Section       42  btod.o(CL$$btod_emul)
    CL$$btod_mult_common                     0x08001226   Section      580  btod.o(CL$$btod_mult_common)
    i.BCD2DEC                                0x0800146a   Section        0  ds3231.o(i.BCD2DEC)
    BCD2DEC                                  0x0800146b   Thumb Code    18  ds3231.o(i.BCD2DEC)
    i.BusFault_Handler                       0x0800147c   Section        0  stm32f1xx_it.o(i.BusFault_Handler)
    i.CLCD_I2C_Clear                         0x0800147e   Section        0  clcd_i2c.o(i.CLCD_I2C_Clear)
    i.CLCD_I2C_CursorOn                      0x08001492   Section        0  clcd_i2c.o(i.CLCD_I2C_CursorOn)
    i.CLCD_I2C_Init                          0x080014a0   Section        0  clcd_i2c.o(i.CLCD_I2C_Init)
    i.CLCD_I2C_SetCursor                     0x08001568   Section        0  clcd_i2c.o(i.CLCD_I2C_SetCursor)
    i.CLCD_I2C_WriteChar                     0x0800159c   Section        0  clcd_i2c.o(i.CLCD_I2C_WriteChar)
    i.CLCD_I2C_WriteString                   0x080015a2   Section        0  clcd_i2c.o(i.CLCD_I2C_WriteString)
    i.CLCD_WriteI2C                          0x080015ba   Section        0  clcd_i2c.o(i.CLCD_WriteI2C)
    CLCD_WriteI2C                            0x080015bb   Thumb Code   106  clcd_i2c.o(i.CLCD_WriteI2C)
    i.DEC2BCD                                0x08001624   Section        0  ds3231.o(i.DEC2BCD)
    DEC2BCD                                  0x08001625   Thumb Code    22  ds3231.o(i.DEC2BCD)
    i.DS3231_GetDate                         0x0800163a   Section        0  ds3231.o(i.DS3231_GetDate)
    i.DS3231_GetTemp                         0x08001678   Section        0  ds3231.o(i.DS3231_GetTemp)
    i.DS3231_GetTime                         0x080016c6   Section        0  ds3231.o(i.DS3231_GetTime)
    i.DS3231_Init                            0x080016fc   Section        0  ds3231.o(i.DS3231_Init)
    i.DS3231_SetAlarmDate                    0x08001700   Section        0  ds3231.o(i.DS3231_SetAlarmDate)
    i.DS3231_SetAlarmTime                    0x08001732   Section        0  ds3231.o(i.DS3231_SetAlarmTime)
    i.DS3231_SetDate                         0x0800176c   Section        0  ds3231.o(i.DS3231_SetDate)
    i.DS3231_SetTime                         0x080017b2   Section        0  ds3231.o(i.DS3231_SetTime)
    i.DebugMon_Handler                       0x080017ec   Section        0  stm32f1xx_it.o(i.DebugMon_Handler)
    i.Display_Adjust                         0x080017f0   Section        0  main.o(i.Display_Adjust)
    i.Display_ChangeDisplay                  0x08001830   Section        0  main.o(i.Display_ChangeDisplay)
    i.Display_Date                           0x08001864   Section        0  main.o(i.Display_Date)
    i.Display_SetAlarm                       0x080018b4   Section        0  main.o(i.Display_SetAlarm)
    i.Display_SetTime                        0x080018e4   Section        0  main.o(i.Display_SetTime)
    i.Display_Time                           0x08001914   Section        0  main.o(i.Display_Time)
    i.EXTI0_IRQHandler                       0x08001960   Section        0  stm32f1xx_it.o(i.EXTI0_IRQHandler)
    i.EXTI1_IRQHandler                       0x08001966   Section        0  stm32f1xx_it.o(i.EXTI1_IRQHandler)
    i.EXTI2_IRQHandler                       0x0800196c   Section        0  stm32f1xx_it.o(i.EXTI2_IRQHandler)
    i.EXTI3_IRQHandler                       0x08001972   Section        0  stm32f1xx_it.o(i.EXTI3_IRQHandler)
    i.EXTI9_5_IRQHandler                     0x08001978   Section        0  stm32f1xx_it.o(i.EXTI9_5_IRQHandler)
    i.HAL_Delay                              0x08001980   Section        0  stm32f1xx_hal.o(i.HAL_Delay)
    i.HAL_GPIO_EXTI_Callback                 0x080019a8   Section        0  main.o(i.HAL_GPIO_EXTI_Callback)
    i.HAL_GPIO_EXTI_IRQHandler               0x08001b5c   Section        0  stm32f1xx_hal_gpio.o(i.HAL_GPIO_EXTI_IRQHandler)
    i.HAL_GPIO_Init                          0x08001b74   Section        0  stm32f1xx_hal_gpio.o(i.HAL_GPIO_Init)
    i.HAL_GPIO_WritePin                      0x08001d70   Section        0  stm32f1xx_hal_gpio.o(i.HAL_GPIO_WritePin)
    i.HAL_GetTick                            0x08001d80   Section        0  stm32f1xx_hal.o(i.HAL_GetTick)
    i.HAL_I2C_Init                           0x08001d8c   Section        0  stm32f1xx_hal_i2c.o(i.HAL_I2C_Init)
    i.HAL_I2C_IsDeviceReady                  0x08001f38   Section        0  stm32f1xx_hal_i2c.o(i.HAL_I2C_IsDeviceReady)
    i.HAL_I2C_Master_Transmit                0x080020c0   Section        0  stm32f1xx_hal_i2c.o(i.HAL_I2C_Master_Transmit)
    i.HAL_I2C_Mem_Read                       0x08002220   Section        0  stm32f1xx_hal_i2c.o(i.HAL_I2C_Mem_Read)
    i.HAL_I2C_Mem_Write                      0x08002538   Section        0  stm32f1xx_hal_i2c.o(i.HAL_I2C_Mem_Write)
    i.HAL_I2C_MspInit                        0x080026ac   Section        0  stm32f1xx_hal_msp.o(i.HAL_I2C_MspInit)
    i.HAL_IncTick                            0x08002708   Section        0  stm32f1xx_hal.o(i.HAL_IncTick)
    i.HAL_Init                               0x08002718   Section        0  stm32f1xx_hal.o(i.HAL_Init)
    i.HAL_InitTick                           0x0800273c   Section        0  stm32f1xx_hal.o(i.HAL_InitTick)
    i.HAL_MspInit                            0x08002780   Section        0  stm32f1xx_hal_msp.o(i.HAL_MspInit)
    i.HAL_NVIC_EnableIRQ                     0x080027bc   Section        0  stm32f1xx_hal_cortex.o(i.HAL_NVIC_EnableIRQ)
    i.HAL_NVIC_SetPriority                   0x080027d8   Section        0  stm32f1xx_hal_cortex.o(i.HAL_NVIC_SetPriority)
    i.HAL_NVIC_SetPriorityGrouping           0x08002840   Section        0  stm32f1xx_hal_cortex.o(i.HAL_NVIC_SetPriorityGrouping)
    i.HAL_RCC_ClockConfig                    0x08002864   Section        0  stm32f1xx_hal_rcc.o(i.HAL_RCC_ClockConfig)
    i.HAL_RCC_GetHCLKFreq                    0x080029e4   Section        0  stm32f1xx_hal_rcc.o(i.HAL_RCC_GetHCLKFreq)
    i.HAL_RCC_GetPCLK1Freq                   0x080029f0   Section        0  stm32f1xx_hal_rcc.o(i.HAL_RCC_GetPCLK1Freq)
    i.HAL_RCC_GetSysClockFreq                0x08002a10   Section        0  stm32f1xx_hal_rcc.o(i.HAL_RCC_GetSysClockFreq)
    i.HAL_RCC_OscConfig                      0x08002a88   Section        0  stm32f1xx_hal_rcc.o(i.HAL_RCC_OscConfig)
    i.HAL_SYSTICK_Config                     0x08002eb4   Section        0  stm32f1xx_hal_cortex.o(i.HAL_SYSTICK_Config)
    i.HAL_TIMEx_BreakCallback                0x08002edc   Section        0  stm32f1xx_hal_tim_ex.o(i.HAL_TIMEx_BreakCallback)
    i.HAL_TIMEx_CommutCallback               0x08002ede   Section        0  stm32f1xx_hal_tim_ex.o(i.HAL_TIMEx_CommutCallback)
    i.HAL_TIMEx_MasterConfigSynchronization  0x08002ee0   Section        0  stm32f1xx_hal_tim_ex.o(i.HAL_TIMEx_MasterConfigSynchronization)
    i.HAL_TIM_Base_Init                      0x08002f52   Section        0  stm32f1xx_hal_tim.o(i.HAL_TIM_Base_Init)
    i.HAL_TIM_Base_MspInit                   0x08002fb0   Section        0  stm32f1xx_hal_msp.o(i.HAL_TIM_Base_MspInit)
    i.HAL_TIM_Base_Start_IT                  0x08002fe8   Section        0  stm32f1xx_hal_tim.o(i.HAL_TIM_Base_Start_IT)
    i.HAL_TIM_ConfigClockSource              0x0800304a   Section        0  stm32f1xx_hal_tim.o(i.HAL_TIM_ConfigClockSource)
    i.HAL_TIM_IC_CaptureCallback             0x0800312e   Section        0  stm32f1xx_hal_tim.o(i.HAL_TIM_IC_CaptureCallback)
    i.HAL_TIM_IRQHandler                     0x08003130   Section        0  stm32f1xx_hal_tim.o(i.HAL_TIM_IRQHandler)
    i.HAL_TIM_OC_DelayElapsedCallback        0x080032a4   Section        0  stm32f1xx_hal_tim.o(i.HAL_TIM_OC_DelayElapsedCallback)
    i.HAL_TIM_PWM_PulseFinishedCallback      0x080032a6   Section        0  stm32f1xx_hal_tim.o(i.HAL_TIM_PWM_PulseFinishedCallback)
    i.HAL_TIM_PeriodElapsedCallback          0x080032a8   Section        0  main.o(i.HAL_TIM_PeriodElapsedCallback)
    i.HAL_TIM_TriggerCallback                0x080032d0   Section        0  stm32f1xx_hal_tim.o(i.HAL_TIM_TriggerCallback)
    i.HardFault_Handler                      0x080032d2   Section        0  stm32f1xx_it.o(i.HardFault_Handler)
    i.I2C_IsAcknowledgeFailed                0x080032d4   Section        0  stm32f1xx_hal_i2c.o(i.I2C_IsAcknowledgeFailed)
    I2C_IsAcknowledgeFailed                  0x080032d5   Thumb Code    50  stm32f1xx_hal_i2c.o(i.I2C_IsAcknowledgeFailed)
    i.I2C_MasterRequestWrite                 0x08003308   Section        0  stm32f1xx_hal_i2c.o(i.I2C_MasterRequestWrite)
    I2C_MasterRequestWrite                   0x08003309   Thumb Code   172  stm32f1xx_hal_i2c.o(i.I2C_MasterRequestWrite)
    i.I2C_RequestMemoryRead                  0x080033bc   Section        0  stm32f1xx_hal_i2c.o(i.I2C_RequestMemoryRead)
    I2C_RequestMemoryRead                    0x080033bd   Thumb Code   336  stm32f1xx_hal_i2c.o(i.I2C_RequestMemoryRead)
    i.I2C_RequestMemoryWrite                 0x08003510   Section        0  stm32f1xx_hal_i2c.o(i.I2C_RequestMemoryWrite)
    I2C_RequestMemoryWrite                   0x08003511   Thumb Code   204  stm32f1xx_hal_i2c.o(i.I2C_RequestMemoryWrite)
    i.I2C_WaitOnBTFFlagUntilTimeout          0x080035e0   Section        0  stm32f1xx_hal_i2c.o(i.I2C_WaitOnBTFFlagUntilTimeout)
    I2C_WaitOnBTFFlagUntilTimeout            0x080035e1   Thumb Code    92  stm32f1xx_hal_i2c.o(i.I2C_WaitOnBTFFlagUntilTimeout)
    i.I2C_WaitOnFlagUntilTimeout             0x0800363c   Section        0  stm32f1xx_hal_i2c.o(i.I2C_WaitOnFlagUntilTimeout)
    I2C_WaitOnFlagUntilTimeout               0x0800363d   Thumb Code   180  stm32f1xx_hal_i2c.o(i.I2C_WaitOnFlagUntilTimeout)
    i.I2C_WaitOnMasterAddressFlagUntilTimeout 0x080036f0   Section        0  stm32f1xx_hal_i2c.o(i.I2C_WaitOnMasterAddressFlagUntilTimeout)
    I2C_WaitOnMasterAddressFlagUntilTimeout  0x080036f1   Thumb Code   206  stm32f1xx_hal_i2c.o(i.I2C_WaitOnMasterAddressFlagUntilTimeout)
    i.I2C_WaitOnRXNEFlagUntilTimeout         0x080037be   Section        0  stm32f1xx_hal_i2c.o(i.I2C_WaitOnRXNEFlagUntilTimeout)
    I2C_WaitOnRXNEFlagUntilTimeout           0x080037bf   Thumb Code   124  stm32f1xx_hal_i2c.o(i.I2C_WaitOnRXNEFlagUntilTimeout)
    i.I2C_WaitOnTXEFlagUntilTimeout          0x0800383a   Section        0  stm32f1xx_hal_i2c.o(i.I2C_WaitOnTXEFlagUntilTimeout)
    I2C_WaitOnTXEFlagUntilTimeout            0x0800383b   Thumb Code    92  stm32f1xx_hal_i2c.o(i.I2C_WaitOnTXEFlagUntilTimeout)
    i.MX_GPIO_Init                           0x08003898   Section        0  main.o(i.MX_GPIO_Init)
    MX_GPIO_Init                             0x08003899   Thumb Code   248  main.o(i.MX_GPIO_Init)
    i.MX_TIM2_Init                           0x080039a4   Section        0  main.o(i.MX_TIM2_Init)
    MX_TIM2_Init                             0x080039a5   Thumb Code    80  main.o(i.MX_TIM2_Init)
    i.MemManage_Handler                      0x080039f8   Section        0  stm32f1xx_it.o(i.MemManage_Handler)
    i.MonthPrint                             0x080039fc   Section        0  main.o(i.MonthPrint)
    i.NMI_Handler                            0x08003ad4   Section        0  stm32f1xx_it.o(i.NMI_Handler)
    i.PendSV_Handler                         0x08003ad6   Section        0  stm32f1xx_it.o(i.PendSV_Handler)
    i.RCC_Delay                              0x08003ad8   Section        0  stm32f1xx_hal_rcc.o(i.RCC_Delay)
    RCC_Delay                                0x08003ad9   Thumb Code    32  stm32f1xx_hal_rcc.o(i.RCC_Delay)
    i.SVC_Handler                            0x08003afc   Section        0  stm32f1xx_it.o(i.SVC_Handler)
    i.SysTick_Handler                        0x08003afe   Section        0  stm32f1xx_it.o(i.SysTick_Handler)
    i.SystemClock_Config                     0x08003b02   Section        0  main.o(i.SystemClock_Config)
    i.SystemInit                             0x08003b44   Section        0  system_stm32f1xx.o(i.SystemInit)
    i.TIM2_IRQHandler                        0x08003b48   Section        0  stm32f1xx_it.o(i.TIM2_IRQHandler)
    i.TIM_Base_SetConfig                     0x08003b54   Section        0  stm32f1xx_hal_tim.o(i.TIM_Base_SetConfig)
    i.TIM_ETR_SetConfig                      0x08003bcc   Section        0  stm32f1xx_hal_tim.o(i.TIM_ETR_SetConfig)
    i.TIM_ITRx_SetConfig                     0x08003be2   Section        0  stm32f1xx_hal_tim.o(i.TIM_ITRx_SetConfig)
    TIM_ITRx_SetConfig                       0x08003be3   Thumb Code    16  stm32f1xx_hal_tim.o(i.TIM_ITRx_SetConfig)
    i.TIM_TI1_ConfigInputStage               0x08003bf2   Section        0  stm32f1xx_hal_tim.o(i.TIM_TI1_ConfigInputStage)
    TIM_TI1_ConfigInputStage                 0x08003bf3   Thumb Code    38  stm32f1xx_hal_tim.o(i.TIM_TI1_ConfigInputStage)
    i.TIM_TI2_ConfigInputStage               0x08003c18   Section        0  stm32f1xx_hal_tim.o(i.TIM_TI2_ConfigInputStage)
    TIM_TI2_ConfigInputStage                 0x08003c19   Thumb Code    36  stm32f1xx_hal_tim.o(i.TIM_TI2_ConfigInputStage)
    i.UsageFault_Handler                     0x08003c3c   Section        0  stm32f1xx_it.o(i.UsageFault_Handler)
    i.__ARM_fpclassify                       0x08003c3e   Section        0  fpclassify.o(i.__ARM_fpclassify)
    i._is_digit                              0x08003c66   Section        0  __printf_wp.o(i._is_digit)
    i.force_temp_conv                        0x08003c74   Section        0  ds3231.o(i.force_temp_conv)
    i.main                                   0x08003cd8   Section        0  main.o(i.main)
    locale$$code                             0x08003f10   Section       44  lc_numeric_c.o(locale$$code)
    x$fpl$d2f                                0x08003f3c   Section       98  d2f.o(x$fpl$d2f)
    x$fpl$dadd                               0x08003fa0   Section      336  daddsub_clz.o(x$fpl$dadd)
    _dadd1                                   0x08003fb1   Thumb Code     0  daddsub_clz.o(x$fpl$dadd)
    x$fpl$dcheck1                            0x080040f0   Section       16  dcheck1.o(x$fpl$dcheck1)
    x$fpl$dfltu                              0x08004100   Section       38  dflt_clz.o(x$fpl$dfltu)
    x$fpl$dnaninf                            0x08004126   Section      156  dnaninf.o(x$fpl$dnaninf)
    x$fpl$dretinf                            0x080041c2   Section       12  dretinf.o(x$fpl$dretinf)
    x$fpl$dsub                               0x080041d0   Section      468  daddsub_clz.o(x$fpl$dsub)
    _dsub1                                   0x080041e1   Thumb Code     0  daddsub_clz.o(x$fpl$dsub)
    x$fpl$f2d                                0x080043a4   Section       86  f2d.o(x$fpl$f2d)
    x$fpl$fnaninf                            0x080043fa   Section      140  fnaninf.o(x$fpl$fnaninf)
    x$fpl$fretinf                            0x08004486   Section       10  fretinf.o(x$fpl$fretinf)
    x$fpl$printf1                            0x08004490   Section        4  printf1.o(x$fpl$printf1)
    x$fpl$retnan                             0x08004494   Section      100  retnan.o(x$fpl$retnan)
    x$fpl$scalbn                             0x080044f8   Section       92  scalbn.o(x$fpl$scalbn)
    x$fpl$trapveneer                         0x08004554   Section       48  trapv.o(x$fpl$trapveneer)
    .constdata                               0x08004584   Section       16  system_stm32f1xx.o(.constdata)
    x$fpl$usenofp                            0x08004584   Section        0  usenofp.o(x$fpl$usenofp)
    .constdata                               0x08004594   Section        8  system_stm32f1xx.o(.constdata)
    .constdata                               0x0800459c   Section       17  __printf_flags_wp.o(.constdata)
    maptable                                 0x0800459c   Data          17  __printf_flags_wp.o(.constdata)
    .constdata                               0x080045b0   Section      148  bigflt0.o(.constdata)
    tenpwrs_x                                0x080045b0   Data          60  bigflt0.o(.constdata)
    tenpwrs_i                                0x080045ec   Data          64  bigflt0.o(.constdata)
    locale$$data                             0x08004664   Section       28  lc_numeric_c.o(locale$$data)
    __lcnum_c_name                           0x08004668   Data           2  lc_numeric_c.o(locale$$data)
    __lcnum_c_start                          0x08004670   Data           0  lc_numeric_c.o(locale$$data)
    __lcnum_c_point                          0x0800467c   Data           0  lc_numeric_c.o(locale$$data)
    __lcnum_c_thousands                      0x0800467e   Data           0  lc_numeric_c.o(locale$$data)
    __lcnum_c_grouping                       0x0800467f   Data           0  lc_numeric_c.o(locale$$data)
    __lcnum_c_end                            0x08004680   Data           0  lc_numeric_c.o(locale$$data)
    .data                                    0x20000000   Section       16  main.o(.data)
    .data                                    0x20000010   Section       12  stm32f1xx_hal.o(.data)
    .data                                    0x2000001c   Section        4  system_stm32f1xx.o(.data)
    .bss                                     0x20000020   Section      228  main.o(.bss)
    .bss                                     0x20000104   Section       96  libspace.o(.bss)
    HEAP                                     0x20000168   Section      512  startup_stm32f103xb.o(HEAP)
    Heap_Mem                                 0x20000168   Data         512  startup_stm32f103xb.o(HEAP)
    STACK                                    0x20000368   Section     1024  startup_stm32f103xb.o(STACK)
    Stack_Mem                                0x20000368   Data        1024  startup_stm32f103xb.o(STACK)
    __initial_sp                             0x20000768   Data           0  startup_stm32f103xb.o(STACK)

    Global Symbols

    Symbol Name                              Value     Ov Type        Size  Object(Section)

    BuildAttributes$$THM_ISAv4$P$D$K$B$S$PE$A:L22UL41UL21$X:L11$S22US41US21$IEEE1$IW$USESV6$~STKCKD$USESV7$~SHL$OTIME$ROPI$IEEEJ$EBA8$UX$STANDARDLIB$REQ8$PRES8$EABIv2 0x00000000   Number         0  anon$$obj.o ABSOLUTE
    __ARM_use_no_argv                        0x00000000   Number         0  main.o ABSOLUTE
    _printf_flags                            0x00000000   Number         0  printf_stubs.o ABSOLUTE
    _printf_return_value                     0x00000000   Number         0  printf_stubs.o ABSOLUTE
    _printf_sizespec                         0x00000000   Number         0  printf_stubs.o ABSOLUTE
    _printf_widthprec                        0x00000000   Number         0  printf_stubs.o ABSOLUTE
    __ARM_exceptions_init                     - Undefined Weak Reference
    __alloca_initialize                       - Undefined Weak Reference
    __arm_preinit_                            - Undefined Weak Reference
    __cpp_initialize__aeabi_                  - Undefined Weak Reference
    __cxa_finalize                            - Undefined Weak Reference
    __sigvec_lookup                           - Undefined Weak Reference
    _atexit_init                              - Undefined Weak Reference
    _call_atexit_fns                          - Undefined Weak Reference
    _clock_init                               - Undefined Weak Reference
    _fp_trap_init                             - Undefined Weak Reference
    _fp_trap_shutdown                         - Undefined Weak Reference
    _get_lc_collate                           - Undefined Weak Reference
    _get_lc_ctype                             - Undefined Weak Reference
    _get_lc_monetary                          - Undefined Weak Reference
    _get_lc_time                              - Undefined Weak Reference
    _getenv_init                              - Undefined Weak Reference
    _handle_redirection                       - Undefined Weak Reference
    _init_alloc                               - Undefined Weak Reference
    _init_user_alloc                          - Undefined Weak Reference
    _initio                                   - Undefined Weak Reference
    _printf_mbtowc                            - Undefined Weak Reference
    _printf_truncate_signed                   - Undefined Weak Reference
    _printf_truncate_unsigned                 - Undefined Weak Reference
    _rand_init                                - Undefined Weak Reference
    _signal_finish                            - Undefined Weak Reference
    _signal_init                              - Undefined Weak Reference
    _terminate_alloc                          - Undefined Weak Reference
    _terminate_user_alloc                     - Undefined Weak Reference
    _terminateio                              - Undefined Weak Reference
    __Vectors_Size                           0x000000ec   Number         0  startup_stm32f103xb.o ABSOLUTE
    __Vectors                                0x08000000   Data           4  startup_stm32f103xb.o(RESET)
    __Vectors_End                            0x080000ec   Data           0  startup_stm32f103xb.o(RESET)
    __main                                   0x080000ed   Thumb Code     8  __main.o(!!!main)
    __scatterload                            0x080000f5   Thumb Code     0  __scatter.o(!!!scatter)
    __scatterload_rt2                        0x080000f5   Thumb Code    44  __scatter.o(!!!scatter)
    __scatterload_rt2_thumb_only             0x080000f5   Thumb Code     0  __scatter.o(!!!scatter)
    __scatterload_null                       0x08000103   Thumb Code     0  __scatter.o(!!!scatter)
    __scatterload_copy                       0x08000129   Thumb Code    26  __scatter_copy.o(!!handler_copy)
    __scatterload_zeroinit                   0x08000145   Thumb Code    28  __scatter_zi.o(!!handler_zi)
    _printf_f                                0x08000161   Thumb Code     0  _printf_f.o(.ARM.Collect$$_printf_percent$$00000003)
    _printf_percent                          0x08000161   Thumb Code     0  _printf_percent.o(.ARM.Collect$$_printf_percent$$00000000)
    _printf_d                                0x08000167   Thumb Code     0  _printf_d.o(.ARM.Collect$$_printf_percent$$00000009)
    _printf_s                                0x0800016d   Thumb Code     0  _printf_s.o(.ARM.Collect$$_printf_percent$$00000014)
    _printf_percent_end                      0x08000173   Thumb Code     0  _printf_percent_end.o(.ARM.Collect$$_printf_percent$$00000017)
    __rt_lib_init                            0x08000177   Thumb Code     0  libinit.o(.ARM.Collect$$libinit$$00000000)
    __rt_lib_init_fp_1                       0x08000179   Thumb Code     0  libinit2.o(.ARM.Collect$$libinit$$00000002)
    __rt_lib_init_heap_1                     0x08000179   Thumb Code     0  libinit2.o(.ARM.Collect$$libinit$$0000000A)
    __rt_lib_init_lc_common                  0x08000179   Thumb Code     0  libinit2.o(.ARM.Collect$$libinit$$0000000F)
    __rt_lib_init_preinit_1                  0x08000179   Thumb Code     0  libinit2.o(.ARM.Collect$$libinit$$00000004)
    __rt_lib_init_rand_1                     0x08000179   Thumb Code     0  libinit2.o(.ARM.Collect$$libinit$$0000000E)
    __rt_lib_init_user_alloc_1               0x08000179   Thumb Code     0  libinit2.o(.ARM.Collect$$libinit$$0000000C)
    __rt_lib_init_lc_collate_1               0x0800017f   Thumb Code     0  libinit2.o(.ARM.Collect$$libinit$$00000011)
    __rt_lib_init_lc_ctype_1                 0x0800017f   Thumb Code     0  libinit2.o(.ARM.Collect$$libinit$$00000013)
    __rt_lib_init_lc_monetary_1              0x0800017f   Thumb Code     0  libinit2.o(.ARM.Collect$$libinit$$00000015)
    __rt_lib_init_lc_numeric_2               0x0800017f   Thumb Code     0  libinit2.o(.ARM.Collect$$libinit$$00000016)
    __rt_lib_init_alloca_1                   0x08000189   Thumb Code     0  libinit2.o(.ARM.Collect$$libinit$$0000002E)
    __rt_lib_init_argv_1                     0x08000189   Thumb Code     0  libinit2.o(.ARM.Collect$$libinit$$0000002C)
    __rt_lib_init_atexit_1                   0x08000189   Thumb Code     0  libinit2.o(.ARM.Collect$$libinit$$0000001B)
    __rt_lib_init_clock_1                    0x08000189   Thumb Code     0  libinit2.o(.ARM.Collect$$libinit$$00000021)
    __rt_lib_init_cpp_1                      0x08000189   Thumb Code     0  libinit2.o(.ARM.Collect$$libinit$$00000032)
    __rt_lib_init_exceptions_1               0x08000189   Thumb Code     0  libinit2.o(.ARM.Collect$$libinit$$00000030)
    __rt_lib_init_fp_trap_1                  0x08000189   Thumb Code     0  libinit2.o(.ARM.Collect$$libinit$$0000001F)
    __rt_lib_init_getenv_1                   0x08000189   Thumb Code     0  libinit2.o(.ARM.Collect$$libinit$$00000023)
    __rt_lib_init_lc_numeric_1               0x08000189   Thumb Code     0  libinit2.o(.ARM.Collect$$libinit$$00000017)
    __rt_lib_init_lc_time_1                  0x08000189   Thumb Code     0  libinit2.o(.ARM.Collect$$libinit$$00000019)
    __rt_lib_init_return                     0x08000189   Thumb Code     0  libinit2.o(.ARM.Collect$$libinit$$00000033)
    __rt_lib_init_signal_1                   0x08000189   Thumb Code     0  libinit2.o(.ARM.Collect$$libinit$$0000001D)
    __rt_lib_init_stdio_1                    0x08000189   Thumb Code     0  libinit2.o(.ARM.Collect$$libinit$$00000025)
    __rt_lib_shutdown                        0x0800018b   Thumb Code     0  libshutdown.o(.ARM.Collect$$libshutdown$$00000000)
    __rt_lib_shutdown_cpp_1                  0x0800018d   Thumb Code     0  libshutdown2.o(.ARM.Collect$$libshutdown$$00000002)
    __rt_lib_shutdown_fp_trap_1              0x0800018d   Thumb Code     0  libshutdown2.o(.ARM.Collect$$libshutdown$$00000007)
    __rt_lib_shutdown_heap_1                 0x0800018d   Thumb Code     0  libshutdown2.o(.ARM.Collect$$libshutdown$$0000000F)
    __rt_lib_shutdown_return                 0x0800018d   Thumb Code     0  libshutdown2.o(.ARM.Collect$$libshutdown$$00000010)
    __rt_lib_shutdown_signal_1               0x0800018d   Thumb Code     0  libshutdown2.o(.ARM.Collect$$libshutdown$$0000000A)
    __rt_lib_shutdown_stdio_1                0x0800018d   Thumb Code     0  libshutdown2.o(.ARM.Collect$$libshutdown$$00000004)
    __rt_lib_shutdown_user_alloc_1           0x0800018d   Thumb Code     0  libshutdown2.o(.ARM.Collect$$libshutdown$$0000000C)
    __rt_entry                               0x0800018f   Thumb Code     0  __rtentry.o(.ARM.Collect$$rtentry$$00000000)
    __rt_entry_presh_1                       0x0800018f   Thumb Code     0  __rtentry2.o(.ARM.Collect$$rtentry$$00000002)
    __rt_entry_sh                            0x0800018f   Thumb Code     0  __rtentry4.o(.ARM.Collect$$rtentry$$00000004)
    __rt_entry_li                            0x08000195   Thumb Code     0  __rtentry2.o(.ARM.Collect$$rtentry$$0000000A)
    __rt_entry_postsh_1                      0x08000195   Thumb Code     0  __rtentry2.o(.ARM.Collect$$rtentry$$00000009)
    __rt_entry_main                          0x08000199   Thumb Code     0  __rtentry2.o(.ARM.Collect$$rtentry$$0000000D)
    __rt_entry_postli_1                      0x08000199   Thumb Code     0  __rtentry2.o(.ARM.Collect$$rtentry$$0000000C)
    __rt_exit                                0x080001a1   Thumb Code     0  rtexit.o(.ARM.Collect$$rtexit$$00000000)
    __rt_exit_ls                             0x080001a3   Thumb Code     0  rtexit2.o(.ARM.Collect$$rtexit$$00000003)
    __rt_exit_prels_1                        0x080001a3   Thumb Code     0  rtexit2.o(.ARM.Collect$$rtexit$$00000002)
    __rt_exit_exit                           0x080001a7   Thumb Code     0  rtexit2.o(.ARM.Collect$$rtexit$$00000004)
    Reset_Handler                            0x080001ad   Thumb Code     8  startup_stm32f103xb.o(.text)
    ADC1_2_IRQHandler                        0x080001c7   Thumb Code     0  startup_stm32f103xb.o(.text)
    CAN1_RX1_IRQHandler                      0x080001c7   Thumb Code     0  startup_stm32f103xb.o(.text)
    CAN1_SCE_IRQHandler                      0x080001c7   Thumb Code     0  startup_stm32f103xb.o(.text)
    DMA1_Channel1_IRQHandler                 0x080001c7   Thumb Code     0  startup_stm32f103xb.o(.text)
    DMA1_Channel2_IRQHandler                 0x080001c7   Thumb Code     0  startup_stm32f103xb.o(.text)
    DMA1_Channel3_IRQHandler                 0x080001c7   Thumb Code     0  startup_stm32f103xb.o(.text)
    DMA1_Channel4_IRQHandler                 0x080001c7   Thumb Code     0  startup_stm32f103xb.o(.text)
    DMA1_Channel5_IRQHandler                 0x080001c7   Thumb Code     0  startup_stm32f103xb.o(.text)
    DMA1_Channel6_IRQHandler                 0x080001c7   Thumb Code     0  startup_stm32f103xb.o(.text)
    DMA1_Channel7_IRQHandler                 0x080001c7   Thumb Code     0  startup_stm32f103xb.o(.text)
    EXTI15_10_IRQHandler                     0x080001c7   Thumb Code     0  startup_stm32f103xb.o(.text)
    EXTI4_IRQHandler                         0x080001c7   Thumb Code     0  startup_stm32f103xb.o(.text)
    FLASH_IRQHandler                         0x080001c7   Thumb Code     0  startup_stm32f103xb.o(.text)
    I2C1_ER_IRQHandler                       0x080001c7   Thumb Code     0  startup_stm32f103xb.o(.text)
    I2C1_EV_IRQHandler                       0x080001c7   Thumb Code     0  startup_stm32f103xb.o(.text)
    I2C2_ER_IRQHandler                       0x080001c7   Thumb Code     0  startup_stm32f103xb.o(.text)
    I2C2_EV_IRQHandler                       0x080001c7   Thumb Code     0  startup_stm32f103xb.o(.text)
    PVD_IRQHandler                           0x080001c7   Thumb Code     0  startup_stm32f103xb.o(.text)
    RCC_IRQHandler                           0x080001c7   Thumb Code     0  startup_stm32f103xb.o(.text)
    RTC_Alarm_IRQHandler                     0x080001c7   Thumb Code     0  startup_stm32f103xb.o(.text)
    RTC_IRQHandler                           0x080001c7   Thumb Code     0  startup_stm32f103xb.o(.text)
    SPI1_IRQHandler                          0x080001c7   Thumb Code     0  startup_stm32f103xb.o(.text)
    SPI2_IRQHandler                          0x080001c7   Thumb Code     0  startup_stm32f103xb.o(.text)
    TAMPER_IRQHandler                        0x080001c7   Thumb Code     0  startup_stm32f103xb.o(.text)
    TIM1_BRK_IRQHandler                      0x080001c7   Thumb Code     0  startup_stm32f103xb.o(.text)
    TIM1_CC_IRQHandler                       0x080001c7   Thumb Code     0  startup_stm32f103xb.o(.text)
    TIM1_TRG_COM_IRQHandler                  0x080001c7   Thumb Code     0  startup_stm32f103xb.o(.text)
    TIM1_UP_IRQHandler                       0x080001c7   Thumb Code     0  startup_stm32f103xb.o(.text)
    TIM3_IRQHandler                          0x080001c7   Thumb Code     0  startup_stm32f103xb.o(.text)
    TIM4_IRQHandler                          0x080001c7   Thumb Code     0  startup_stm32f103xb.o(.text)
    USART1_IRQHandler                        0x080001c7   Thumb Code     0  startup_stm32f103xb.o(.text)
    USART2_IRQHandler                        0x080001c7   Thumb Code     0  startup_stm32f103xb.o(.text)
    USART3_IRQHandler                        0x080001c7   Thumb Code     0  startup_stm32f103xb.o(.text)
    USBWakeUp_IRQHandler                     0x080001c7   Thumb Code     0  startup_stm32f103xb.o(.text)
    USB_HP_CAN1_TX_IRQHandler                0x080001c7   Thumb Code     0  startup_stm32f103xb.o(.text)
    USB_LP_CAN1_RX0_IRQHandler               0x080001c7   Thumb Code     0  startup_stm32f103xb.o(.text)
    WWDG_IRQHandler                          0x080001c7   Thumb Code     0  startup_stm32f103xb.o(.text)
    __user_initial_stackheap                 0x080001c9   Thumb Code     0  startup_stm32f103xb.o(.text)
    __2sprintf                               0x080001ed   Thumb Code    34  noretval__2sprintf.o(.text)
    _printf_pre_padding                      0x08000215   Thumb Code    44  _printf_pad.o(.text)
    _printf_post_padding                     0x08000241   Thumb Code    34  _printf_pad.o(.text)
    _printf_str                              0x08000263   Thumb Code    82  _printf_str.o(.text)
    _printf_int_dec                          0x080002b5   Thumb Code   104  _printf_dec.o(.text)
    __printf                                 0x0800032d   Thumb Code   308  __printf_flags_wp.o(.text)
    __aeabi_memclr4                          0x08000465   Thumb Code     0  rt_memclr_w.o(.text)
    __aeabi_memclr8                          0x08000465   Thumb Code     0  rt_memclr_w.o(.text)
    __rt_memclr_w                            0x08000465   Thumb Code    78  rt_memclr_w.o(.text)
    _memset_w                                0x08000469   Thumb Code     0  rt_memclr_w.o(.text)
    __use_two_region_memory                  0x080004b3   Thumb Code     2  heapauxi.o(.text)
    __rt_heap_escrow$2region                 0x080004b5   Thumb Code     2  heapauxi.o(.text)
    __rt_heap_expand$2region                 0x080004b7   Thumb Code     2  heapauxi.o(.text)
    _printf_int_common                       0x080004b9   Thumb Code   178  _printf_intcommon.o(.text)
    __lib_sel_fp_printf                      0x0800056b   Thumb Code     2  _printf_fp_dec.o(.text)
    _printf_fp_dec_real                      0x0800071d   Thumb Code   620  _printf_fp_dec.o(.text)
    _printf_char_common                      0x08000993   Thumb Code    32  _printf_char_common.o(.text)
    _sputc                                   0x080009b9   Thumb Code    10  _sputc.o(.text)
    _printf_cs_common                        0x080009c3   Thumb Code    20  _printf_char.o(.text)
    _printf_char                             0x080009d7   Thumb Code    16  _printf_char.o(.text)
    _printf_string                           0x080009e7   Thumb Code     8  _printf_char.o(.text)
    __rt_locale                              0x080009f1   Thumb Code     8  rt_locale_intlibspace.o(.text)
    _ll_udiv10                               0x080009f9   Thumb Code   138  lludiv10.o(.text)
    _printf_fp_infnan                        0x08000a85   Thumb Code   112  _printf_fp_infnan.o(.text)
    _btod_etento                             0x08000b05   Thumb Code   224  bigflt0.o(.text)
    __user_libspace                          0x08000be9   Thumb Code     8  libspace.o(.text)
    __user_perproc_libspace                  0x08000be9   Thumb Code     0  libspace.o(.text)
    __user_perthread_libspace                0x08000be9   Thumb Code     0  libspace.o(.text)
    __user_setup_stackheap                   0x08000bf1   Thumb Code    74  sys_stackheap_outer.o(.text)
    exit                                     0x08000c3b   Thumb Code    18  exit.o(.text)
    strcmp                                   0x08000c4d   Thumb Code   128  strcmpv7m.o(.text)
    _sys_exit                                0x08000ccd   Thumb Code     8  sys_exit.o(.text)
    __I$use$semihosting                      0x08000cd9   Thumb Code     0  use_no_semi.o(.text)
    __use_no_semihosting_swi                 0x08000cd9   Thumb Code     2  use_no_semi.o(.text)
    __semihosting_library_function           0x08000cdb   Thumb Code     0  indicate_semi.o(.text)
    _btod_d2e                                0x08000cdb   Thumb Code    62  btod.o(CL$$btod_d2e)
    _d2e_denorm_low                          0x08000d19   Thumb Code    70  btod.o(CL$$btod_d2e_denorm_low)
    _d2e_norm_op1                            0x08000d5f   Thumb Code    96  btod.o(CL$$btod_d2e_norm_op1)
    __btod_div_common                        0x08000dbf   Thumb Code   696  btod.o(CL$$btod_div_common)
    _e2e                                     0x080010f7   Thumb Code   220  btod.o(CL$$btod_e2e)
    _btod_ediv                               0x080011d3   Thumb Code    42  btod.o(CL$$btod_ediv)
    _btod_emul                               0x080011fd   Thumb Code    42  btod.o(CL$$btod_emul)
    __btod_mult_common                       0x08001227   Thumb Code   580  btod.o(CL$$btod_mult_common)
    BusFault_Handler                         0x0800147d   Thumb Code     2  stm32f1xx_it.o(i.BusFault_Handler)
    CLCD_I2C_Clear                           0x0800147f   Thumb Code    20  clcd_i2c.o(i.CLCD_I2C_Clear)
    CLCD_I2C_CursorOn                        0x08001493   Thumb Code    14  clcd_i2c.o(i.CLCD_I2C_CursorOn)
    CLCD_I2C_Init                            0x080014a1   Thumb Code   198  clcd_i2c.o(i.CLCD_I2C_Init)
    CLCD_I2C_SetCursor                       0x08001569   Thumb Code    48  clcd_i2c.o(i.CLCD_I2C_SetCursor)
    CLCD_I2C_WriteChar                       0x0800159d   Thumb Code     6  clcd_i2c.o(i.CLCD_I2C_WriteChar)
    CLCD_I2C_WriteString                     0x080015a3   Thumb Code    24  clcd_i2c.o(i.CLCD_I2C_WriteString)
    DS3231_GetDate                           0x0800163b   Thumb Code    62  ds3231.o(i.DS3231_GetDate)
    DS3231_GetTemp                           0x08001679   Thumb Code    78  ds3231.o(i.DS3231_GetTemp)
    DS3231_GetTime                           0x080016c7   Thumb Code    54  ds3231.o(i.DS3231_GetTime)
    DS3231_Init                              0x080016fd   Thumb Code     4  ds3231.o(i.DS3231_Init)
    DS3231_SetAlarmDate                      0x08001701   Thumb Code    50  ds3231.o(i.DS3231_SetAlarmDate)
    DS3231_SetAlarmTime                      0x08001733   Thumb Code    58  ds3231.o(i.DS3231_SetAlarmTime)
    DS3231_SetDate                           0x0800176d   Thumb Code    70  ds3231.o(i.DS3231_SetDate)
    DS3231_SetTime                           0x080017b3   Thumb Code    58  ds3231.o(i.DS3231_SetTime)
    DebugMon_Handler                         0x080017ed   Thumb Code     2  stm32f1xx_it.o(i.DebugMon_Handler)
    Display_Adjust                           0x080017f1   Thumb Code    54  main.o(i.Display_Adjust)
    Display_ChangeDisplay                    0x08001831   Thumb Code    30  main.o(i.Display_ChangeDisplay)
    Display_Date                             0x08001865   Thumb Code    54  main.o(i.Display_Date)
    Display_SetAlarm                         0x080018b5   Thumb Code    30  main.o(i.Display_SetAlarm)
    Display_SetTime                          0x080018e5   Thumb Code    30  main.o(i.Display_SetTime)
    Display_Time                             0x08001915   Thumb Code    54  main.o(i.Display_Time)
    EXTI0_IRQHandler                         0x08001961   Thumb Code     6  stm32f1xx_it.o(i.EXTI0_IRQHandler)
    EXTI1_IRQHandler                         0x08001967   Thumb Code     6  stm32f1xx_it.o(i.EXTI1_IRQHandler)
    EXTI2_IRQHandler                         0x0800196d   Thumb Code     6  stm32f1xx_it.o(i.EXTI2_IRQHandler)
    EXTI3_IRQHandler                         0x08001973   Thumb Code     6  stm32f1xx_it.o(i.EXTI3_IRQHandler)
    EXTI9_5_IRQHandler                       0x08001979   Thumb Code     6  stm32f1xx_it.o(i.EXTI9_5_IRQHandler)
    HAL_Delay                                0x08001981   Thumb Code    34  stm32f1xx_hal.o(i.HAL_Delay)
    HAL_GPIO_EXTI_Callback                   0x080019a9   Thumb Code   412  main.o(i.HAL_GPIO_EXTI_Callback)
    HAL_GPIO_EXTI_IRQHandler                 0x08001b5d   Thumb Code    18  stm32f1xx_hal_gpio.o(i.HAL_GPIO_EXTI_IRQHandler)
    HAL_GPIO_Init                            0x08001b75   Thumb Code   496  stm32f1xx_hal_gpio.o(i.HAL_GPIO_Init)
    HAL_GPIO_WritePin                        0x08001d71   Thumb Code    14  stm32f1xx_hal_gpio.o(i.HAL_GPIO_WritePin)
    HAL_GetTick                              0x08001d81   Thumb Code     6  stm32f1xx_hal.o(i.HAL_GetTick)
    HAL_I2C_Init                             0x08001d8d   Thumb Code   410  stm32f1xx_hal_i2c.o(i.HAL_I2C_Init)
    HAL_I2C_IsDeviceReady                    0x08001f39   Thumb Code   384  stm32f1xx_hal_i2c.o(i.HAL_I2C_IsDeviceReady)
    HAL_I2C_Master_Transmit                  0x080020c1   Thumb Code   344  stm32f1xx_hal_i2c.o(i.HAL_I2C_Master_Transmit)
    HAL_I2C_Mem_Read                         0x08002221   Thumb Code   776  stm32f1xx_hal_i2c.o(i.HAL_I2C_Mem_Read)
    HAL_I2C_Mem_Write                        0x08002539   Thumb Code   362  stm32f1xx_hal_i2c.o(i.HAL_I2C_Mem_Write)
    HAL_I2C_MspInit                          0x080026ad   Thumb Code    80  stm32f1xx_hal_msp.o(i.HAL_I2C_MspInit)
    HAL_IncTick                              0x08002709   Thumb Code    12  stm32f1xx_hal.o(i.HAL_IncTick)
    HAL_Init                                 0x08002719   Thumb Code    32  stm32f1xx_hal.o(i.HAL_Init)
    HAL_InitTick                             0x0800273d   Thumb Code    58  stm32f1xx_hal.o(i.HAL_InitTick)
    HAL_MspInit                              0x08002781   Thumb Code    52  stm32f1xx_hal_msp.o(i.HAL_MspInit)
    HAL_NVIC_EnableIRQ                       0x080027bd   Thumb Code    28  stm32f1xx_hal_cortex.o(i.HAL_NVIC_EnableIRQ)
    HAL_NVIC_SetPriority                     0x080027d9   Thumb Code    98  stm32f1xx_hal_cortex.o(i.HAL_NVIC_SetPriority)
    HAL_NVIC_SetPriorityGrouping             0x08002841   Thumb Code    30  stm32f1xx_hal_cortex.o(i.HAL_NVIC_SetPriorityGrouping)
    HAL_RCC_ClockConfig                      0x08002865   Thumb Code   364  stm32f1xx_hal_rcc.o(i.HAL_RCC_ClockConfig)
    HAL_RCC_GetHCLKFreq                      0x080029e5   Thumb Code     6  stm32f1xx_hal_rcc.o(i.HAL_RCC_GetHCLKFreq)
    HAL_RCC_GetPCLK1Freq                     0x080029f1   Thumb Code    22  stm32f1xx_hal_rcc.o(i.HAL_RCC_GetPCLK1Freq)
    HAL_RCC_GetSysClockFreq                  0x08002a11   Thumb Code    88  stm32f1xx_hal_rcc.o(i.HAL_RCC_GetSysClockFreq)
    HAL_RCC_OscConfig                        0x08002a89   Thumb Code  1068  stm32f1xx_hal_rcc.o(i.HAL_RCC_OscConfig)
    HAL_SYSTICK_Config                       0x08002eb5   Thumb Code    36  stm32f1xx_hal_cortex.o(i.HAL_SYSTICK_Config)
    HAL_TIMEx_BreakCallback                  0x08002edd   Thumb Code     2  stm32f1xx_hal_tim_ex.o(i.HAL_TIMEx_BreakCallback)
    HAL_TIMEx_CommutCallback                 0x08002edf   Thumb Code     2  stm32f1xx_hal_tim_ex.o(i.HAL_TIMEx_CommutCallback)
    HAL_TIMEx_MasterConfigSynchronization    0x08002ee1   Thumb Code   114  stm32f1xx_hal_tim_ex.o(i.HAL_TIMEx_MasterConfigSynchronization)
    HAL_TIM_Base_Init                        0x08002f53   Thumb Code    92  stm32f1xx_hal_tim.o(i.HAL_TIM_Base_Init)
    HAL_TIM_Base_MspInit                     0x08002fb1   Thumb Code    50  stm32f1xx_hal_msp.o(i.HAL_TIM_Base_MspInit)
    HAL_TIM_Base_Start_IT                    0x08002fe9   Thumb Code    98  stm32f1xx_hal_tim.o(i.HAL_TIM_Base_Start_IT)
    HAL_TIM_ConfigClockSource                0x0800304b   Thumb Code   228  stm32f1xx_hal_tim.o(i.HAL_TIM_ConfigClockSource)
    HAL_TIM_IC_CaptureCallback               0x0800312f   Thumb Code     2  stm32f1xx_hal_tim.o(i.HAL_TIM_IC_CaptureCallback)
    HAL_TIM_IRQHandler                       0x08003131   Thumb Code   372  stm32f1xx_hal_tim.o(i.HAL_TIM_IRQHandler)
    HAL_TIM_OC_DelayElapsedCallback          0x080032a5   Thumb Code     2  stm32f1xx_hal_tim.o(i.HAL_TIM_OC_DelayElapsedCallback)
    HAL_TIM_PWM_PulseFinishedCallback        0x080032a7   Thumb Code     2  stm32f1xx_hal_tim.o(i.HAL_TIM_PWM_PulseFinishedCallback)
    HAL_TIM_PeriodElapsedCallback            0x080032a9   Thumb Code    36  main.o(i.HAL_TIM_PeriodElapsedCallback)
    HAL_TIM_TriggerCallback                  0x080032d1   Thumb Code     2  stm32f1xx_hal_tim.o(i.HAL_TIM_TriggerCallback)
    HardFault_Handler                        0x080032d3   Thumb Code     2  stm32f1xx_it.o(i.HardFault_Handler)
    MemManage_Handler                        0x080039f9   Thumb Code     2  stm32f1xx_it.o(i.MemManage_Handler)
    MonthPrint                               0x080039fd   Thumb Code   102  main.o(i.MonthPrint)
    NMI_Handler                              0x08003ad5   Thumb Code     2  stm32f1xx_it.o(i.NMI_Handler)
    PendSV_Handler                           0x08003ad7   Thumb Code     2  stm32f1xx_it.o(i.PendSV_Handler)
    SVC_Handler                              0x08003afd   Thumb Code     2  stm32f1xx_it.o(i.SVC_Handler)
    SysTick_Handler                          0x08003aff   Thumb Code     4  stm32f1xx_it.o(i.SysTick_Handler)
    SystemClock_Config                       0x08003b03   Thumb Code    66  main.o(i.SystemClock_Config)
    SystemInit                               0x08003b45   Thumb Code     2  system_stm32f1xx.o(i.SystemInit)
    TIM2_IRQHandler                          0x08003b49   Thumb Code     6  stm32f1xx_it.o(i.TIM2_IRQHandler)
    TIM_Base_SetConfig                       0x08003b55   Thumb Code   106  stm32f1xx_hal_tim.o(i.TIM_Base_SetConfig)
    TIM_ETR_SetConfig                        0x08003bcd   Thumb Code    22  stm32f1xx_hal_tim.o(i.TIM_ETR_SetConfig)
    UsageFault_Handler                       0x08003c3d   Thumb Code     2  stm32f1xx_it.o(i.UsageFault_Handler)
    __ARM_fpclassify                         0x08003c3f   Thumb Code    40  fpclassify.o(i.__ARM_fpclassify)
    _is_digit                                0x08003c67   Thumb Code    14  __printf_wp.o(i._is_digit)
    force_temp_conv                          0x08003c75   Thumb Code    98  ds3231.o(i.force_temp_conv)
    main                                     0x08003cd9   Thumb Code   508  main.o(i.main)
    _get_lc_numeric                          0x08003f11   Thumb Code    44  lc_numeric_c.o(locale$$code)
    __aeabi_d2f                              0x08003f3d   Thumb Code     0  d2f.o(x$fpl$d2f)
    _d2f                                     0x08003f3d   Thumb Code    98  d2f.o(x$fpl$d2f)
    __aeabi_dadd                             0x08003fa1   Thumb Code     0  daddsub_clz.o(x$fpl$dadd)
    _dadd                                    0x08003fa1   Thumb Code   332  daddsub_clz.o(x$fpl$dadd)
    __fpl_dcheck_NaN1                        0x080040f1   Thumb Code    10  dcheck1.o(x$fpl$dcheck1)
    __aeabi_ui2d                             0x08004101   Thumb Code     0  dflt_clz.o(x$fpl$dfltu)
    _dfltu                                   0x08004101   Thumb Code    38  dflt_clz.o(x$fpl$dfltu)
    __fpl_dnaninf                            0x08004127   Thumb Code   156  dnaninf.o(x$fpl$dnaninf)
    __fpl_dretinf                            0x080041c3   Thumb Code    12  dretinf.o(x$fpl$dretinf)
    __aeabi_dsub                             0x080041d1   Thumb Code     0  daddsub_clz.o(x$fpl$dsub)
    _dsub                                    0x080041d1   Thumb Code   464  daddsub_clz.o(x$fpl$dsub)
    __aeabi_f2d                              0x080043a5   Thumb Code     0  f2d.o(x$fpl$f2d)
    _f2d                                     0x080043a5   Thumb Code    86  f2d.o(x$fpl$f2d)
    __fpl_fnaninf                            0x080043fb   Thumb Code   140  fnaninf.o(x$fpl$fnaninf)
    __fpl_fretinf                            0x08004487   Thumb Code    10  fretinf.o(x$fpl$fretinf)
    _printf_fp_dec                           0x08004491   Thumb Code     4  printf1.o(x$fpl$printf1)
    __fpl_return_NaN                         0x08004495   Thumb Code   100  retnan.o(x$fpl$retnan)
    __ARM_scalbn                             0x080044f9   Thumb Code    92  scalbn.o(x$fpl$scalbn)
    __fpl_cmpreturn                          0x08004555   Thumb Code    48  trapv.o(x$fpl$trapveneer)
    AHBPrescTable                            0x08004584   Data          16  system_stm32f1xx.o(.constdata)
    __I$use$fp                               0x08004584   Number         0  usenofp.o(x$fpl$usenofp)
    APBPrescTable                            0x08004594   Data           8  system_stm32f1xx.o(.constdata)
    Region$$Table$$Base                      0x08004644   Number         0  anon$$obj.o(Region$$Table)
    Region$$Table$$Limit                     0x08004664   Number         0  anon$$obj.o(Region$$Table)
    Mode                                     0x20000000   Data           1  main.o(.data)
    Adjust                                   0x20000001   Data           1  main.o(.data)
    tim2_flag                                0x20000002   Data           1  main.o(.data)
    alarm_flag                               0x20000003   Data           1  main.o(.data)
    finish_flag                              0x20000004   Data           1  main.o(.data)
    isSetAlarm                               0x20000005   Data           1  main.o(.data)
    isSetTime                                0x20000006   Data           1  main.o(.data)
    isChangeDisplay                          0x20000007   Data           1  main.o(.data)
    count_5s                                 0x20000008   Data           1  main.o(.data)
    device                                   0x20000009   Data           1  main.o(.data)
    Temp                                     0x2000000c   Data           4  main.o(.data)
    uwTickFreq                               0x20000010   Data           1  stm32f1xx_hal.o(.data)
    uwTickPrio                               0x20000014   Data           4  stm32f1xx_hal.o(.data)
    uwTick                                   0x20000018   Data           4  stm32f1xx_hal.o(.data)
    SystemCoreClock                          0x2000001c   Data           4  system_stm32f1xx.o(.data)
    DS3231                                   0x20000020   Data          32  main.o(.bss)
    LCD1                                     0x20000040   Data          12  main.o(.bss)
    buffer                                   0x2000004c   Data          16  main.o(.bss)
    ASCII                                    0x2000005c   Data          10  main.o(.bss)
    hi2c1                                    0x20000068   Data          84  main.o(.bss)
    htim2                                    0x200000bc   Data          72  main.o(.bss)
    __libspace_start                         0x20000104   Data          96  libspace.o(.bss)
    __temporary_stack_top$libspace           0x20000164   Data           0  libspace.o(.bss)



==============================================================================

Memory Map of the image

  Image Entry point : 0x080000ed

  Load Region LR_IROM1 (Base: 0x08000000, Size: 0x000046a0, Max: 0x00010000, ABSOLUTE)

    Execution Region ER_IROM1 (Exec base: 0x08000000, Load base: 0x08000000, Size: 0x00004680, Max: 0x00010000, ABSOLUTE)

    Exec Addr    Load Addr    Size         Type   Attr      Idx    E Section Name        Object

    0x08000000   0x08000000   0x000000ec   Data   RO            3    RESET               startup_stm32f103xb.o
    0x080000ec   0x080000ec   0x00000008   Code   RO         3108  * !!!main             c_w.l(__main.o)
    0x080000f4   0x080000f4   0x00000034   Code   RO         3356    !!!scatter          c_w.l(__scatter.o)
    0x08000128   0x08000128   0x0000001a   Code   RO         3358    !!handler_copy      c_w.l(__scatter_copy.o)
    0x08000142   0x08000142   0x00000002   PAD
    0x08000144   0x08000144   0x0000001c   Code   RO         3360    !!handler_zi        c_w.l(__scatter_zi.o)
    0x08000160   0x08000160   0x00000000   Code   RO         3103    .ARM.Collect$$_printf_percent$$00000000  c_w.l(_printf_percent.o)
    0x08000160   0x08000160   0x00000006   Code   RO         3102    .ARM.Collect$$_printf_percent$$00000003  c_w.l(_printf_f.o)
    0x08000166   0x08000166   0x00000006   Code   RO         3101    .ARM.Collect$$_printf_percent$$00000009  c_w.l(_printf_d.o)
    0x0800016c   0x0800016c   0x00000006   Code   RO         3100    .ARM.Collect$$_printf_percent$$00000014  c_w.l(_printf_s.o)
    0x08000172   0x08000172   0x00000004   Code   RO         3141    .ARM.Collect$$_printf_percent$$00000017  c_w.l(_printf_percent_end.o)
    0x08000176   0x08000176   0x00000002   Code   RO         3227    .ARM.Collect$$libinit$$00000000  c_w.l(libinit.o)
    0x08000178   0x08000178   0x00000000   Code   RO         3229    .ARM.Collect$$libinit$$00000002  c_w.l(libinit2.o)
    0x08000178   0x08000178   0x00000000   Code   RO         3231    .ARM.Collect$$libinit$$00000004  c_w.l(libinit2.o)
    0x08000178   0x08000178   0x00000000   Code   RO         3234    .ARM.Collect$$libinit$$0000000A  c_w.l(libinit2.o)
    0x08000178   0x08000178   0x00000000   Code   RO         3236    .ARM.Collect$$libinit$$0000000C  c_w.l(libinit2.o)
    0x08000178   0x08000178   0x00000000   Code   RO         3238    .ARM.Collect$$libinit$$0000000E  c_w.l(libinit2.o)
    0x08000178   0x08000178   0x00000006   Code   RO         3239    .ARM.Collect$$libinit$$0000000F  c_w.l(libinit2.o)
    0x0800017e   0x0800017e   0x00000000   Code   RO         3241    .ARM.Collect$$libinit$$00000011  c_w.l(libinit2.o)
    0x0800017e   0x0800017e   0x00000000   Code   RO         3243    .ARM.Collect$$libinit$$00000013  c_w.l(libinit2.o)
    0x0800017e   0x0800017e   0x00000000   Code   RO         3245    .ARM.Collect$$libinit$$00000015  c_w.l(libinit2.o)
    0x0800017e   0x0800017e   0x0000000a   Code   RO         3246    .ARM.Collect$$libinit$$00000016  c_w.l(libinit2.o)
    0x08000188   0x08000188   0x00000000   Code   RO         3247    .ARM.Collect$$libinit$$00000017  c_w.l(libinit2.o)
    0x08000188   0x08000188   0x00000000   Code   RO         3249    .ARM.Collect$$libinit$$00000019  c_w.l(libinit2.o)
    0x08000188   0x08000188   0x00000000   Code   RO         3251    .ARM.Collect$$libinit$$0000001B  c_w.l(libinit2.o)
    0x08000188   0x08000188   0x00000000   Code   RO         3253    .ARM.Collect$$libinit$$0000001D  c_w.l(libinit2.o)
    0x08000188   0x08000188   0x00000000   Code   RO         3255    .ARM.Collect$$libinit$$0000001F  c_w.l(libinit2.o)
    0x08000188   0x08000188   0x00000000   Code   RO         3257    .ARM.Collect$$libinit$$00000021  c_w.l(libinit2.o)
    0x08000188   0x08000188   0x00000000   Code   RO         3259    .ARM.Collect$$libinit$$00000023  c_w.l(libinit2.o)
    0x08000188   0x08000188   0x00000000   Code   RO         3261    .ARM.Collect$$libinit$$00000025  c_w.l(libinit2.o)
    0x08000188   0x08000188   0x00000000   Code   RO         3265    .ARM.Collect$$libinit$$0000002C  c_w.l(libinit2.o)
    0x08000188   0x08000188   0x00000000   Code   RO         3267    .ARM.Collect$$libinit$$0000002E  c_w.l(libinit2.o)
    0x08000188   0x08000188   0x00000000   Code   RO         3269    .ARM.Collect$$libinit$$00000030  c_w.l(libinit2.o)
    0x08000188   0x08000188   0x00000000   Code   RO         3271    .ARM.Collect$$libinit$$00000032  c_w.l(libinit2.o)
    0x08000188   0x08000188   0x00000002   Code   RO         3272    .ARM.Collect$$libinit$$00000033  c_w.l(libinit2.o)
    0x0800018a   0x0800018a   0x00000002   Code   RO         3304    .ARM.Collect$$libshutdown$$00000000  c_w.l(libshutdown.o)
    0x0800018c   0x0800018c   0x00000000   Code   RO         3315    .ARM.Collect$$libshutdown$$00000002  c_w.l(libshutdown2.o)
    0x0800018c   0x0800018c   0x00000000   Code   RO         3317    .ARM.Collect$$libshutdown$$00000004  c_w.l(libshutdown2.o)
    0x0800018c   0x0800018c   0x00000000   Code   RO         3320    .ARM.Collect$$libshutdown$$00000007  c_w.l(libshutdown2.o)
    0x0800018c   0x0800018c   0x00000000   Code   RO         3323    .ARM.Collect$$libshutdown$$0000000A  c_w.l(libshutdown2.o)
    0x0800018c   0x0800018c   0x00000000   Code   RO         3325    .ARM.Collect$$libshutdown$$0000000C  c_w.l(libshutdown2.o)
    0x0800018c   0x0800018c   0x00000000   Code   RO         3328    .ARM.Collect$$libshutdown$$0000000F  c_w.l(libshutdown2.o)
    0x0800018c   0x0800018c   0x00000002   Code   RO         3329    .ARM.Collect$$libshutdown$$00000010  c_w.l(libshutdown2.o)
    0x0800018e   0x0800018e   0x00000000   Code   RO         3130    .ARM.Collect$$rtentry$$00000000  c_w.l(__rtentry.o)
    0x0800018e   0x0800018e   0x00000000   Code   RO         3154    .ARM.Collect$$rtentry$$00000002  c_w.l(__rtentry2.o)
    0x0800018e   0x0800018e   0x00000006   Code   RO         3166    .ARM.Collect$$rtentry$$00000004  c_w.l(__rtentry4.o)
    0x08000194   0x08000194   0x00000000   Code   RO         3156    .ARM.Collect$$rtentry$$00000009  c_w.l(__rtentry2.o)
    0x08000194   0x08000194   0x00000004   Code   RO         3157    .ARM.Collect$$rtentry$$0000000A  c_w.l(__rtentry2.o)
    0x08000198   0x08000198   0x00000000   Code   RO         3159    .ARM.Collect$$rtentry$$0000000C  c_w.l(__rtentry2.o)
    0x08000198   0x08000198   0x00000008   Code   RO         3160    .ARM.Collect$$rtentry$$0000000D  c_w.l(__rtentry2.o)
    0x080001a0   0x080001a0   0x00000002   Code   RO         3275    .ARM.Collect$$rtexit$$00000000  c_w.l(rtexit.o)
    0x080001a2   0x080001a2   0x00000000   Code   RO         3282    .ARM.Collect$$rtexit$$00000002  c_w.l(rtexit2.o)
    0x080001a2   0x080001a2   0x00000004   Code   RO         3283    .ARM.Collect$$rtexit$$00000003  c_w.l(rtexit2.o)
    0x080001a6   0x080001a6   0x00000006   Code   RO         3284    .ARM.Collect$$rtexit$$00000004  c_w.l(rtexit2.o)
    0x080001ac   0x080001ac   0x00000040   Code   RO            4    .text               startup_stm32f103xb.o
    0x080001ec   0x080001ec   0x00000028   Code   RO         3070    .text               c_w.l(noretval__2sprintf.o)
    0x08000214   0x08000214   0x0000004e   Code   RO         3074    .text               c_w.l(_printf_pad.o)
    0x08000262   0x08000262   0x00000052   Code   RO         3076    .text               c_w.l(_printf_str.o)
    0x080002b4   0x080002b4   0x00000078   Code   RO         3078    .text               c_w.l(_printf_dec.o)
    0x0800032c   0x0800032c   0x00000138   Code   RO         3092    .text               c_w.l(__printf_flags_wp.o)
    0x08000464   0x08000464   0x0000004e   Code   RO         3104    .text               c_w.l(rt_memclr_w.o)
    0x080004b2   0x080004b2   0x00000006   Code   RO         3106    .text               c_w.l(heapauxi.o)
    0x080004b8   0x080004b8   0x000000b2   Code   RO         3131    .text               c_w.l(_printf_intcommon.o)
    0x0800056a   0x0800056a   0x0000041e   Code   RO         3133    .text               c_w.l(_printf_fp_dec.o)
    0x08000988   0x08000988   0x00000030   Code   RO         3135    .text               c_w.l(_printf_char_common.o)
    0x080009b8   0x080009b8   0x0000000a   Code   RO         3137    .text               c_w.l(_sputc.o)
    0x080009c2   0x080009c2   0x0000002c   Code   RO         3139    .text               c_w.l(_printf_char.o)
    0x080009ee   0x080009ee   0x00000002   PAD
    0x080009f0   0x080009f0   0x00000008   Code   RO         3171    .text               c_w.l(rt_locale_intlibspace.o)
    0x080009f8   0x080009f8   0x0000008a   Code   RO         3173    .text               c_w.l(lludiv10.o)
    0x08000a82   0x08000a82   0x00000002   PAD
    0x08000a84   0x08000a84   0x00000080   Code   RO         3175    .text               c_w.l(_printf_fp_infnan.o)
    0x08000b04   0x08000b04   0x000000e4   Code   RO         3179    .text               c_w.l(bigflt0.o)
    0x08000be8   0x08000be8   0x00000008   Code   RO         3213    .text               c_w.l(libspace.o)
    0x08000bf0   0x08000bf0   0x0000004a   Code   RO         3216    .text               c_w.l(sys_stackheap_outer.o)
    0x08000c3a   0x08000c3a   0x00000012   Code   RO         3218    .text               c_w.l(exit.o)
    0x08000c4c   0x08000c4c   0x00000080   Code   RO         3220    .text               c_w.l(strcmpv7m.o)
    0x08000ccc   0x08000ccc   0x0000000c   Code   RO         3294    .text               c_w.l(sys_exit.o)
    0x08000cd8   0x08000cd8   0x00000002   Code   RO         3305    .text               c_w.l(use_no_semi.o)
    0x08000cda   0x08000cda   0x00000000   Code   RO         3307    .text               c_w.l(indicate_semi.o)
    0x08000cda   0x08000cda   0x0000003e   Code   RO         3182    CL$$btod_d2e        c_w.l(btod.o)
    0x08000d18   0x08000d18   0x00000046   Code   RO         3184    CL$$btod_d2e_denorm_low  c_w.l(btod.o)
    0x08000d5e   0x08000d5e   0x00000060   Code   RO         3183    CL$$btod_d2e_norm_op1  c_w.l(btod.o)
    0x08000dbe   0x08000dbe   0x00000338   Code   RO         3192    CL$$btod_div_common  c_w.l(btod.o)
    0x080010f6   0x080010f6   0x000000dc   Code   RO         3189    CL$$btod_e2e        c_w.l(btod.o)
    0x080011d2   0x080011d2   0x0000002a   Code   RO         3186    CL$$btod_ediv       c_w.l(btod.o)
    0x080011fc   0x080011fc   0x0000002a   Code   RO         3185    CL$$btod_emul       c_w.l(btod.o)
    0x08001226   0x08001226   0x00000244   Code   RO         3191    CL$$btod_mult_common  c_w.l(btod.o)
    0x0800146a   0x0800146a   0x00000012   Code   RO          184    i.BCD2DEC           ds3231.o
    0x0800147c   0x0800147c   0x00000002   Code   RO          381    i.BusFault_Handler  stm32f1xx_it.o
    0x0800147e   0x0800147e   0x00000014   Code   RO           15    i.CLCD_I2C_Clear    clcd_i2c.o
    0x08001492   0x08001492   0x0000000e   Code   RO           17    i.CLCD_I2C_CursorOn  clcd_i2c.o
    0x080014a0   0x080014a0   0x000000c6   Code   RO           18    i.CLCD_I2C_Init     clcd_i2c.o
    0x08001566   0x08001566   0x00000002   PAD
    0x08001568   0x08001568   0x00000034   Code   RO           20    i.CLCD_I2C_SetCursor  clcd_i2c.o
    0x0800159c   0x0800159c   0x00000006   Code   RO           21    i.CLCD_I2C_WriteChar  clcd_i2c.o
    0x080015a2   0x080015a2   0x00000018   Code   RO           22    i.CLCD_I2C_WriteString  clcd_i2c.o
    0x080015ba   0x080015ba   0x0000006a   Code   RO           23    i.CLCD_WriteI2C     clcd_i2c.o
    0x08001624   0x08001624   0x00000016   Code   RO          185    i.DEC2BCD           ds3231.o
    0x0800163a   0x0800163a   0x0000003e   Code   RO          186    i.DS3231_GetDate    ds3231.o
    0x08001678   0x08001678   0x0000004e   Code   RO          187    i.DS3231_GetTemp    ds3231.o
    0x080016c6   0x080016c6   0x00000036   Code   RO          188    i.DS3231_GetTime    ds3231.o
    0x080016fc   0x080016fc   0x00000004   Code   RO          189    i.DS3231_Init       ds3231.o
    0x08001700   0x08001700   0x00000032   Code   RO          190    i.DS3231_SetAlarmDate  ds3231.o
    0x08001732   0x08001732   0x0000003a   Code   RO          191    i.DS3231_SetAlarmTime  ds3231.o
    0x0800176c   0x0800176c   0x00000046   Code   RO          192    i.DS3231_SetDate    ds3231.o
    0x080017b2   0x080017b2   0x0000003a   Code   RO          193    i.DS3231_SetTime    ds3231.o
    0x080017ec   0x080017ec   0x00000002   Code   RO          382    i.DebugMon_Handler  stm32f1xx_it.o
    0x080017ee   0x080017ee   0x00000002   PAD
    0x080017f0   0x080017f0   0x00000040   Code   RO          270    i.Display_Adjust    main.o
    0x08001830   0x08001830   0x00000034   Code   RO          271    i.Display_ChangeDisplay  main.o
    0x08001864   0x08001864   0x00000050   Code   RO          272    i.Display_Date      main.o
    0x080018b4   0x080018b4   0x00000030   Code   RO          273    i.Display_SetAlarm  main.o
    0x080018e4   0x080018e4   0x00000030   Code   RO          274    i.Display_SetTime   main.o
    0x08001914   0x08001914   0x0000004c   Code   RO          275    i.Display_Time      main.o
    0x08001960   0x08001960   0x00000006   Code   RO          383    i.EXTI0_IRQHandler  stm32f1xx_it.o
    0x08001966   0x08001966   0x00000006   Code   RO          384    i.EXTI1_IRQHandler  stm32f1xx_it.o
    0x0800196c   0x0800196c   0x00000006   Code   RO          385    i.EXTI2_IRQHandler  stm32f1xx_it.o
    0x08001972   0x08001972   0x00000006   Code   RO          386    i.EXTI3_IRQHandler  stm32f1xx_it.o
    0x08001978   0x08001978   0x00000006   Code   RO          387    i.EXTI9_5_IRQHandler  stm32f1xx_it.o
    0x0800197e   0x0800197e   0x00000002   PAD
    0x08001980   0x08001980   0x00000028   Code   RO         1056    i.HAL_Delay         stm32f1xx_hal.o
    0x080019a8   0x080019a8   0x000001b4   Code   RO          277    i.HAL_GPIO_EXTI_Callback  main.o
    0x08001b5c   0x08001b5c   0x00000018   Code   RO         1368    i.HAL_GPIO_EXTI_IRQHandler  stm32f1xx_hal_gpio.o
    0x08001b74   0x08001b74   0x000001fc   Code   RO         1369    i.HAL_GPIO_Init     stm32f1xx_hal_gpio.o
    0x08001d70   0x08001d70   0x0000000e   Code   RO         1373    i.HAL_GPIO_WritePin  stm32f1xx_hal_gpio.o
    0x08001d7e   0x08001d7e   0x00000002   PAD
    0x08001d80   0x08001d80   0x0000000c   Code   RO         1060    i.HAL_GetTick       stm32f1xx_hal.o
    0x08001d8c   0x08001d8c   0x000001ac   Code   RO          588    i.HAL_I2C_Init      stm32f1xx_hal_i2c.o
    0x08001f38   0x08001f38   0x00000188   Code   RO          589    i.HAL_I2C_IsDeviceReady  stm32f1xx_hal_i2c.o
    0x080020c0   0x080020c0   0x00000160   Code   RO          601    i.HAL_I2C_Master_Transmit  stm32f1xx_hal_i2c.o
    0x08002220   0x08002220   0x00000318   Code   RO          606    i.HAL_I2C_Mem_Read  stm32f1xx_hal_i2c.o
    0x08002538   0x08002538   0x00000174   Code   RO          609    i.HAL_I2C_Mem_Write  stm32f1xx_hal_i2c.o
    0x080026ac   0x080026ac   0x0000005c   Code   RO          494    i.HAL_I2C_MspInit   stm32f1xx_hal_msp.o
    0x08002708   0x08002708   0x00000010   Code   RO         1066    i.HAL_IncTick       stm32f1xx_hal.o
    0x08002718   0x08002718   0x00000024   Code   RO         1067    i.HAL_Init          stm32f1xx_hal.o
    0x0800273c   0x0800273c   0x00000044   Code   RO         1068    i.HAL_InitTick      stm32f1xx_hal.o
    0x08002780   0x08002780   0x0000003c   Code   RO          495    i.HAL_MspInit       stm32f1xx_hal_msp.o
    0x080027bc   0x080027bc   0x0000001c   Code   RO         1529    i.HAL_NVIC_EnableIRQ  stm32f1xx_hal_cortex.o
    0x080027d8   0x080027d8   0x00000068   Code   RO         1535    i.HAL_NVIC_SetPriority  stm32f1xx_hal_cortex.o
    0x08002840   0x08002840   0x00000024   Code   RO         1536    i.HAL_NVIC_SetPriorityGrouping  stm32f1xx_hal_cortex.o
    0x08002864   0x08002864   0x00000180   Code   RO         1224    i.HAL_RCC_ClockConfig  stm32f1xx_hal_rcc.o
    0x080029e4   0x080029e4   0x0000000c   Code   RO         1229    i.HAL_RCC_GetHCLKFreq  stm32f1xx_hal_rcc.o
    0x080029f0   0x080029f0   0x00000020   Code   RO         1231    i.HAL_RCC_GetPCLK1Freq  stm32f1xx_hal_rcc.o
    0x08002a10   0x08002a10   0x00000078   Code   RO         1233    i.HAL_RCC_GetSysClockFreq  stm32f1xx_hal_rcc.o
    0x08002a88   0x08002a88   0x0000042c   Code   RO         1236    i.HAL_RCC_OscConfig  stm32f1xx_hal_rcc.o
    0x08002eb4   0x08002eb4   0x00000028   Code   RO         1540    i.HAL_SYSTICK_Config  stm32f1xx_hal_cortex.o
    0x08002edc   0x08002edc   0x00000002   Code   RO         2762    i.HAL_TIMEx_BreakCallback  stm32f1xx_hal_tim_ex.o
    0x08002ede   0x08002ede   0x00000002   Code   RO         2763    i.HAL_TIMEx_CommutCallback  stm32f1xx_hal_tim_ex.o
    0x08002ee0   0x08002ee0   0x00000072   Code   RO         2781    i.HAL_TIMEx_MasterConfigSynchronization  stm32f1xx_hal_tim_ex.o
    0x08002f52   0x08002f52   0x0000005c   Code   RO         2047    i.HAL_TIM_Base_Init  stm32f1xx_hal_tim.o
    0x08002fae   0x08002fae   0x00000002   PAD
    0x08002fb0   0x08002fb0   0x00000038   Code   RO          497    i.HAL_TIM_Base_MspInit  stm32f1xx_hal_msp.o
    0x08002fe8   0x08002fe8   0x00000062   Code   RO         2052    i.HAL_TIM_Base_Start_IT  stm32f1xx_hal_tim.o
    0x0800304a   0x0800304a   0x000000e4   Code   RO         2056    i.HAL_TIM_ConfigClockSource  stm32f1xx_hal_tim.o
    0x0800312e   0x0800312e   0x00000002   Code   RO         2081    i.HAL_TIM_IC_CaptureCallback  stm32f1xx_hal_tim.o
    0x08003130   0x08003130   0x00000174   Code   RO         2095    i.HAL_TIM_IRQHandler  stm32f1xx_hal_tim.o
    0x080032a4   0x080032a4   0x00000002   Code   RO         2098    i.HAL_TIM_OC_DelayElapsedCallback  stm32f1xx_hal_tim.o
    0x080032a6   0x080032a6   0x00000002   Code   RO         2125    i.HAL_TIM_PWM_PulseFinishedCallback  stm32f1xx_hal_tim.o
    0x080032a8   0x080032a8   0x00000028   Code   RO          278    i.HAL_TIM_PeriodElapsedCallback  main.o
    0x080032d0   0x080032d0   0x00000002   Code   RO         2138    i.HAL_TIM_TriggerCallback  stm32f1xx_hal_tim.o
    0x080032d2   0x080032d2   0x00000002   Code   RO          388    i.HardFault_Handler  stm32f1xx_it.o
    0x080032d4   0x080032d4   0x00000032   Code   RO          631    i.I2C_IsAcknowledgeFailed  stm32f1xx_hal_i2c.o
    0x08003306   0x08003306   0x00000002   PAD
    0x08003308   0x08003308   0x000000b4   Code   RO          635    i.I2C_MasterRequestWrite  stm32f1xx_hal_i2c.o
    0x080033bc   0x080033bc   0x00000154   Code   RO          642    i.I2C_RequestMemoryRead  stm32f1xx_hal_i2c.o
    0x08003510   0x08003510   0x000000d0   Code   RO          643    i.I2C_RequestMemoryWrite  stm32f1xx_hal_i2c.o
    0x080035e0   0x080035e0   0x0000005c   Code   RO          651    i.I2C_WaitOnBTFFlagUntilTimeout  stm32f1xx_hal_i2c.o
    0x0800363c   0x0800363c   0x000000b4   Code   RO          652    i.I2C_WaitOnFlagUntilTimeout  stm32f1xx_hal_i2c.o
    0x080036f0   0x080036f0   0x000000ce   Code   RO          653    i.I2C_WaitOnMasterAddressFlagUntilTimeout  stm32f1xx_hal_i2c.o
    0x080037be   0x080037be   0x0000007c   Code   RO          654    i.I2C_WaitOnRXNEFlagUntilTimeout  stm32f1xx_hal_i2c.o
    0x0800383a   0x0800383a   0x0000005c   Code   RO          657    i.I2C_WaitOnTXEFlagUntilTimeout  stm32f1xx_hal_i2c.o
    0x08003896   0x08003896   0x00000002   PAD
    0x08003898   0x08003898   0x0000010c   Code   RO          279    i.MX_GPIO_Init      main.o
    0x080039a4   0x080039a4   0x00000054   Code   RO          280    i.MX_TIM2_Init      main.o
    0x080039f8   0x080039f8   0x00000002   Code   RO          389    i.MemManage_Handler  stm32f1xx_it.o
    0x080039fa   0x080039fa   0x00000002   PAD
    0x080039fc   0x080039fc   0x000000d8   Code   RO          281    i.MonthPrint        main.o
    0x08003ad4   0x08003ad4   0x00000002   Code   RO          390    i.NMI_Handler       stm32f1xx_it.o
    0x08003ad6   0x08003ad6   0x00000002   Code   RO          391    i.PendSV_Handler    stm32f1xx_it.o
    0x08003ad8   0x08003ad8   0x00000024   Code   RO         1237    i.RCC_Delay         stm32f1xx_hal_rcc.o
    0x08003afc   0x08003afc   0x00000002   Code   RO          392    i.SVC_Handler       stm32f1xx_it.o
    0x08003afe   0x08003afe   0x00000004   Code   RO          393    i.SysTick_Handler   stm32f1xx_it.o
    0x08003b02   0x08003b02   0x00000042   Code   RO          282    i.SystemClock_Config  main.o
    0x08003b44   0x08003b44   0x00000002   Code   RO         3030    i.SystemInit        system_stm32f1xx.o
    0x08003b46   0x08003b46   0x00000002   PAD
    0x08003b48   0x08003b48   0x0000000c   Code   RO          394    i.TIM2_IRQHandler   stm32f1xx_it.o
    0x08003b54   0x08003b54   0x00000078   Code   RO         2140    i.TIM_Base_SetConfig  stm32f1xx_hal_tim.o
    0x08003bcc   0x08003bcc   0x00000016   Code   RO         2151    i.TIM_ETR_SetConfig  stm32f1xx_hal_tim.o
    0x08003be2   0x08003be2   0x00000010   Code   RO         2152    i.TIM_ITRx_SetConfig  stm32f1xx_hal_tim.o
    0x08003bf2   0x08003bf2   0x00000026   Code   RO         2158    i.TIM_TI1_ConfigInputStage  stm32f1xx_hal_tim.o
    0x08003c18   0x08003c18   0x00000024   Code   RO         2160    i.TIM_TI2_ConfigInputStage  stm32f1xx_hal_tim.o
    0x08003c3c   0x08003c3c   0x00000002   Code   RO          395    i.UsageFault_Handler  stm32f1xx_it.o
    0x08003c3e   0x08003c3e   0x00000028   Code   RO         3211    i.__ARM_fpclassify  m_ws.l(fpclassify.o)
    0x08003c66   0x08003c66   0x0000000e   Code   RO         3090    i._is_digit         c_w.l(__printf_wp.o)
    0x08003c74   0x08003c74   0x00000062   Code   RO          194    i.force_temp_conv   ds3231.o
    0x08003cd6   0x08003cd6   0x00000002   PAD
    0x08003cd8   0x08003cd8   0x00000238   Code   RO          283    i.main              main.o
    0x08003f10   0x08003f10   0x0000002c   Code   RO         3205    locale$$code        c_w.l(lc_numeric_c.o)
    0x08003f3c   0x08003f3c   0x00000062   Code   RO         3110    x$fpl$d2f           fz_ws.l(d2f.o)
    0x08003f9e   0x08003f9e   0x00000002   PAD
    0x08003fa0   0x08003fa0   0x00000150   Code   RO         3112    x$fpl$dadd          fz_ws.l(daddsub_clz.o)
    0x080040f0   0x080040f0   0x00000010   Code   RO         3142    x$fpl$dcheck1       fz_ws.l(dcheck1.o)
    0x08004100   0x08004100   0x00000026   Code   RO         3118    x$fpl$dfltu         fz_ws.l(dflt_clz.o)
    0x08004126   0x08004126   0x0000009c   Code   RO         3144    x$fpl$dnaninf       fz_ws.l(dnaninf.o)
    0x080041c2   0x080041c2   0x0000000c   Code   RO         3146    x$fpl$dretinf       fz_ws.l(dretinf.o)
    0x080041ce   0x080041ce   0x00000002   PAD
    0x080041d0   0x080041d0   0x000001d4   Code   RO         3114    x$fpl$dsub          fz_ws.l(daddsub_clz.o)
    0x080043a4   0x080043a4   0x00000056   Code   RO         3124    x$fpl$f2d           fz_ws.l(f2d.o)
    0x080043fa   0x080043fa   0x0000008c   Code   RO         3148    x$fpl$fnaninf       fz_ws.l(fnaninf.o)
    0x08004486   0x08004486   0x0000000a   Code   RO         3150    x$fpl$fretinf       fz_ws.l(fretinf.o)
    0x08004490   0x08004490   0x00000004   Code   RO         3126    x$fpl$printf1       fz_ws.l(printf1.o)
    0x08004494   0x08004494   0x00000064   Code   RO         3209    x$fpl$retnan        fz_ws.l(retnan.o)
    0x080044f8   0x080044f8   0x0000005c   Code   RO         3128    x$fpl$scalbn        fz_ws.l(scalbn.o)
    0x08004554   0x08004554   0x00000030   Code   RO         3273    x$fpl$trapveneer    fz_ws.l(trapv.o)
    0x08004584   0x08004584   0x00000000   Code   RO         3152    x$fpl$usenofp       fz_ws.l(usenofp.o)
    0x08004584   0x08004584   0x00000010   Data   RO         3031    .constdata          system_stm32f1xx.o
    0x08004594   0x08004594   0x00000008   Data   RO         3032    .constdata          system_stm32f1xx.o
    0x0800459c   0x0800459c   0x00000011   Data   RO         3093    .constdata          c_w.l(__printf_flags_wp.o)
    0x080045ad   0x080045ad   0x00000003   PAD
    0x080045b0   0x080045b0   0x00000094   Data   RO         3180    .constdata          c_w.l(bigflt0.o)
    0x08004644   0x08004644   0x00000020   Data   RO         3354    Region$$Table       anon$$obj.o
    0x08004664   0x08004664   0x0000001c   Data   RO         3204    locale$$data        c_w.l(lc_numeric_c.o)


    Execution Region RW_IRAM1 (Exec base: 0x20000000, Load base: 0x08004680, Size: 0x00000768, Max: 0x00005000, ABSOLUTE)

    Exec Addr    Load Addr    Size         Type   Attr      Idx    E Section Name        Object

    0x20000000   0x08004680   0x00000010   Data   RW          285    .data               main.o
    0x20000010   0x08004690   0x0000000c   Data   RW         1074    .data               stm32f1xx_hal.o
    0x2000001c   0x0800469c   0x00000004   Data   RW         3033    .data               system_stm32f1xx.o
    0x20000020        -       0x000000e4   Zero   RW          284    .bss                main.o
    0x20000104        -       0x00000060   Zero   RW         3214    .bss                c_w.l(libspace.o)
    0x20000164   0x080046a0   0x00000004   PAD
    0x20000168        -       0x00000200   Zero   RW            2    HEAP                startup_stm32f103xb.o
    0x20000368        -       0x00000400   Zero   RW            1    STACK               startup_stm32f103xb.o


==============================================================================

Image component sizes


      Code (inc. data)   RO Data    RW Data    ZI Data      Debug   Object Name

       420          4          0          0          0     430710   clcd_i2c.o
       572          0          0          0          0       7417   ds3231.o
      2046        378          0         16        228       9106   main.o
        64         26        236          0       1536        808   startup_stm32f103xb.o
       172         30          0         12          0       5881   stm32f1xx_hal.o
       208         16          0          0          0      28671   stm32f1xx_hal_cortex.o
       546         18          0          0          0       3451   stm32f1xx_hal_gpio.o
      3808         76          0          0          0      17072   stm32f1xx_hal_i2c.o
       208         26          0          0          0       2143   stm32f1xx_hal_msp.o
      1652         88          0          0          0       6313   stm32f1xx_hal_rcc.o
      1030         14          0          0          0       9323   stm32f1xx_hal_tim.o
       118          0          0          0          0       2449   stm32f1xx_hal_tim_ex.o
        62          6          0          0          0       6425   stm32f1xx_it.o
         2          0         24          4          0       1107   system_stm32f1xx.o

    ----------------------------------------------------------------------
     10928        682        292         32       1764     530876   Object Totals
         0          0         32          0          0          0   (incl. Generated)
        20          0          0          0          0          0   (incl. Padding)

    ----------------------------------------------------------------------

      Code (inc. data)   RO Data    RW Data    ZI Data      Debug   Library Member Name

         8          0          0          0          0         68   __main.o
       312          4         17          0          0         92   __printf_flags_wp.o
        14          0          0          0          0         68   __printf_wp.o
         0          0          0          0          0          0   __rtentry.o
        12          0          0          0          0          0   __rtentry2.o
         6          0          0          0          0          0   __rtentry4.o
        52          8          0          0          0          0   __scatter.o
        26          0          0          0          0          0   __scatter_copy.o
        28          0          0          0          0          0   __scatter_zi.o
        44          0          0          0          0        108   _printf_char.o
        48          6          0          0          0         96   _printf_char_common.o
         6          0          0          0          0          0   _printf_d.o
       120         16          0          0          0         92   _printf_dec.o
         6          0          0          0          0          0   _printf_f.o
      1054          0          0          0          0        216   _printf_fp_dec.o
       128         16          0          0          0         84   _printf_fp_infnan.o
       178          0          0          0          0         88   _printf_intcommon.o
        78          0          0          0          0        108   _printf_pad.o
         0          0          0          0          0          0   _printf_percent.o
         4          0          0          0          0          0   _printf_percent_end.o
         6          0          0          0          0          0   _printf_s.o
        82          0          0          0          0         80   _printf_str.o
        10          0          0          0          0         68   _sputc.o
       228          4        148          0          0         96   bigflt0.o
      1936        128          0          0          0        672   btod.o
        18          0          0          0          0         80   exit.o
         6          0          0          0          0        152   heapauxi.o
         0          0          0          0          0          0   indicate_semi.o
        44         10         28          0          0         76   lc_numeric_c.o
         2          0          0          0          0          0   libinit.o
        18          0          0          0          0          0   libinit2.o
         2          0          0          0          0          0   libshutdown.o
         2          0          0          0          0          0   libshutdown2.o
         8          4          0          0         96         68   libspace.o
       138          0          0          0          0         80   lludiv10.o
        40          6          0          0          0         84   noretval__2sprintf.o
         8          4          0          0          0         68   rt_locale_intlibspace.o
        78          0          0          0          0         80   rt_memclr_w.o
         2          0          0          0          0          0   rtexit.o
        10          0          0          0          0          0   rtexit2.o
       128          0          0          0          0         68   strcmpv7m.o
        12          4          0          0          0         68   sys_exit.o
        74          0          0          0          0         80   sys_stackheap_outer.o
         2          0          0          0          0         68   use_no_semi.o
        98          4          0          0          0         92   d2f.o
       804         16          0          0          0        272   daddsub_clz.o
        16          4          0          0          0         68   dcheck1.o
        38          0          0          0          0         68   dflt_clz.o
       156          4          0          0          0         92   dnaninf.o
        12          0          0          0          0         68   dretinf.o
        86          4          0          0          0         84   f2d.o
       140          4          0          0          0         84   fnaninf.o
        10          0          0          0          0         68   fretinf.o
         4          0          0          0          0         68   printf1.o
       100          0          0          0          0         68   retnan.o
        92          0          0          0          0         68   scalbn.o
        48          0          0          0          0         68   trapv.o
         0          0          0          0          0          0   usenofp.o
        40          0          0          0          0         68   fpclassify.o

    ----------------------------------------------------------------------
      6632        246        196          0        100       4144   Library Totals
        10          0          3          0          4          0   (incl. Padding)

    ----------------------------------------------------------------------

      Code (inc. data)   RO Data    RW Data    ZI Data      Debug   Library Name

      4978        210        193          0         96       2908   c_w.l
      1604         36          0          0          0       1168   fz_ws.l
        40          0          0          0          0         68   m_ws.l

    ----------------------------------------------------------------------
      6632        246        196          0        100       4144   Library Totals

    ----------------------------------------------------------------------

==============================================================================


      Code (inc. data)   RO Data    RW Data    ZI Data      Debug   

     17560        928        488         32       1864     527944   Grand Totals
     17560        928        488         32       1864     527944   ELF Image Totals
     17560        928        488         32          0          0   ROM Totals

==============================================================================

    Total RO  Size (Code + RO Data)                18048 (  17.63kB)
    Total RW  Size (RW Data + ZI Data)              1896 (   1.85kB)
    Total ROM Size (Code + RO Data + RW Data)      18080 (  17.66kB)

==============================================================================

