Component: ARM Compiler 5.06 update 6 (build 750) Tool: armlink [4d35ed]

==============================================================================

Section Cross References

    startup_stm32f103xb.o(STACK) refers (Special) to heapauxi.o(.text) for __use_two_region_memory
    startup_stm32f103xb.o(HEAP) refers (Special) to heapauxi.o(.text) for __use_two_region_memory
    startup_stm32f103xb.o(RESET) refers (Special) to heapauxi.o(.text) for __use_two_region_memory
    startup_stm32f103xb.o(RESET) refers to startup_stm32f103xb.o(STACK) for __initial_sp
    startup_stm32f103xb.o(RESET) refers to startup_stm32f103xb.o(.text) for Reset_Handler
    startup_stm32f103xb.o(RESET) refers to stm32f1xx_it.o(i.NMI_Handler) for NMI_Handler
    startup_stm32f103xb.o(RESET) refers to stm32f1xx_it.o(i.HardFault_Handler) for HardFault_Handler
    startup_stm32f103xb.o(RESET) refers to stm32f1xx_it.o(i.MemManage_Handler) for MemManage_Handler
    startup_stm32f103xb.o(RESET) refers to stm32f1xx_it.o(i.BusFault_Handler) for BusFault_Handler
    startup_stm32f103xb.o(RESET) refers to stm32f1xx_it.o(i.UsageFault_Handler) for UsageFault_Handler
    startup_stm32f103xb.o(RESET) refers to stm32f1xx_it.o(i.SVC_Handler) for SVC_Handler
    startup_stm32f103xb.o(RESET) refers to stm32f1xx_it.o(i.DebugMon_Handler) for DebugMon_Handler
    startup_stm32f103xb.o(RESET) refers to stm32f1xx_it.o(i.PendSV_Handler) for PendSV_Handler
    startup_stm32f103xb.o(RESET) refers to stm32f1xx_it.o(i.SysTick_Handler) for SysTick_Handler
    startup_stm32f103xb.o(RESET) refers to stm32f1xx_it.o(i.EXTI0_IRQHandler) for EXTI0_IRQHandler
    startup_stm32f103xb.o(RESET) refers to stm32f1xx_it.o(i.EXTI1_IRQHandler) for EXTI1_IRQHandler
    startup_stm32f103xb.o(RESET) refers to stm32f1xx_it.o(i.EXTI2_IRQHandler) for EXTI2_IRQHandler
    startup_stm32f103xb.o(RESET) refers to stm32f1xx_it.o(i.EXTI3_IRQHandler) for EXTI3_IRQHandler
    startup_stm32f103xb.o(RESET) refers to stm32f1xx_it.o(i.EXTI9_5_IRQHandler) for EXTI9_5_IRQHandler
    startup_stm32f103xb.o(RESET) refers to stm32f1xx_it.o(i.TIM2_IRQHandler) for TIM2_IRQHandler
    startup_stm32f103xb.o(RESET) refers to stm32f1xx_it.o(i.USART1_IRQHandler) for USART1_IRQHandler
    startup_stm32f103xb.o(.text) refers (Special) to heapauxi.o(.text) for __use_two_region_memory
    startup_stm32f103xb.o(.text) refers to system_stm32f1xx.o(i.SystemInit) for SystemInit
    startup_stm32f103xb.o(.text) refers to __main.o(!!!main) for __main
    startup_stm32f103xb.o(.text) refers to startup_stm32f103xb.o(HEAP) for Heap_Mem
    startup_stm32f103xb.o(.text) refers to startup_stm32f103xb.o(STACK) for Stack_Mem
    clcd_i2c.o(i.CLCD_I2C_BlinkOff) refers to clcd_i2c.o(i.CLCD_WriteI2C) for CLCD_WriteI2C
    clcd_i2c.o(i.CLCD_I2C_BlinkOn) refers to clcd_i2c.o(i.CLCD_WriteI2C) for CLCD_WriteI2C
    clcd_i2c.o(i.CLCD_I2C_Clear) refers to clcd_i2c.o(i.CLCD_WriteI2C) for CLCD_WriteI2C
    clcd_i2c.o(i.CLCD_I2C_Clear) refers to stm32f1xx_hal.o(i.HAL_Delay) for HAL_Delay
    clcd_i2c.o(i.CLCD_I2C_CursorOff) refers to clcd_i2c.o(i.CLCD_WriteI2C) for CLCD_WriteI2C
    clcd_i2c.o(i.CLCD_I2C_CursorOn) refers to clcd_i2c.o(i.CLCD_WriteI2C) for CLCD_WriteI2C
    clcd_i2c.o(i.CLCD_I2C_Init) refers to stm32f1xx_hal.o(i.HAL_Delay) for HAL_Delay
    clcd_i2c.o(i.CLCD_I2C_Init) refers to clcd_i2c.o(i.CLCD_WriteI2C) for CLCD_WriteI2C
    clcd_i2c.o(i.CLCD_I2C_ReturnHome) refers to clcd_i2c.o(i.CLCD_WriteI2C) for CLCD_WriteI2C
    clcd_i2c.o(i.CLCD_I2C_ReturnHome) refers to stm32f1xx_hal.o(i.HAL_Delay) for HAL_Delay
    clcd_i2c.o(i.CLCD_I2C_SetCursor) refers to clcd_i2c.o(i.CLCD_WriteI2C) for CLCD_WriteI2C
    clcd_i2c.o(i.CLCD_I2C_WriteChar) refers to clcd_i2c.o(i.CLCD_WriteI2C) for CLCD_WriteI2C
    clcd_i2c.o(i.CLCD_I2C_WriteString) refers to clcd_i2c.o(i.CLCD_I2C_WriteChar) for CLCD_I2C_WriteChar
    clcd_i2c.o(i.CLCD_WriteI2C) refers to stm32f1xx_hal.o(i.HAL_Delay) for HAL_Delay
    clcd_i2c.o(i.CLCD_WriteI2C) refers to stm32f1xx_hal_i2c.o(i.HAL_I2C_Master_Transmit) for HAL_I2C_Master_Transmit
    ds3231.o(i.DS3231_ClearAlarm1Flag) refers to stm32f1xx_hal_i2c.o(i.HAL_I2C_Mem_Read) for HAL_I2C_Mem_Read
    ds3231.o(i.DS3231_ClearAlarm1Flag) refers to stm32f1xx_hal_i2c.o(i.HAL_I2C_Mem_Write) for HAL_I2C_Mem_Write
    ds3231.o(i.DS3231_ClearAlarm2Flag) refers to stm32f1xx_hal_i2c.o(i.HAL_I2C_Mem_Read) for HAL_I2C_Mem_Read
    ds3231.o(i.DS3231_ClearAlarm2Flag) refers to stm32f1xx_hal_i2c.o(i.HAL_I2C_Mem_Write) for HAL_I2C_Mem_Write
    ds3231.o(i.DS3231_EnableAlarm1) refers to stm32f1xx_hal_i2c.o(i.HAL_I2C_Mem_Read) for HAL_I2C_Mem_Read
    ds3231.o(i.DS3231_EnableAlarm1) refers to stm32f1xx_hal_i2c.o(i.HAL_I2C_Mem_Write) for HAL_I2C_Mem_Write
    ds3231.o(i.DS3231_EnableAlarm2) refers to stm32f1xx_hal_i2c.o(i.HAL_I2C_Mem_Read) for HAL_I2C_Mem_Read
    ds3231.o(i.DS3231_EnableAlarm2) refers to stm32f1xx_hal_i2c.o(i.HAL_I2C_Mem_Write) for HAL_I2C_Mem_Write
[...]
    .ARM.Collect$$rtexit$$00000004           0x080001a6   Section        6  rtexit2.o(.ARM.Collect$$rtexit$$00000004)
    .text                                    0x080001ac   Section       64  startup_stm32f103xb.o(.text)
    .text                                    0x080001ec   Section        0  noretval__2sprintf.o(.text)
    .text                                    0x08000214   Section        0  _printf_pad.o(.text)
    .text                                    0x08000262   Section        0  _printf_str.o(.text)
    .text                                    0x080002b4   Section        0  _printf_dec.o(.text)
    .text                                    0x0800032c   Section        0  __printf_flags_wp.o(.text)
    .text                                    0x08000464   Section       78  rt_memclr_w.o(.text)
    .text                                    0x080004b2   Section        0  heapauxi.o(.text)
    .text                                    0x080004b8   Section        0  _printf_intcommon.o(.text)
    .text                                    0x0800056a   Section        0  _printf_fp_dec.o(.text)
    _fp_digits                               0x0800056d   Thumb Code   432  _printf_fp_dec.o(.text)
    .text                                    0x08000988   Section        0  _printf_char_common.o(.text)
    _printf_input_char                       0x08000989   Thumb Code    10  _printf_char_common.o(.text)
    .text                                    0x080009b8   Section        0  _sputc.o(.text)
    .text                                    0x080009c2   Section        0  _printf_char.o(.text)
    .text                                    0x080009f0   Section        8  rt_locale_intlibspace.o(.text)
    .text                                    0x080009f8   Section      138  lludiv10.o(.text)
    .text                                    0x08000a84   Section        0  _printf_fp_infnan.o(.text)
    .text                                    0x08000b04   Section        0  bigflt0.o(.text)
    .text                                    0x08000be8   Section        8  libspace.o(.text)
    .text                                    0x08000bf0   Section       74  sys_stackheap_outer.o(.text)
    .text                                    0x08000c3a   Section        0  exit.o(.text)
    .text                                    0x08000c4c   Section      128  strcmpv7m.o(.text)
    .text                                    0x08000ccc   Section        0  sys_exit.o(.text)
    .text                                    0x08000cd8   Section        2  use_no_semi.o(.text)
    .text                                    0x08000cda   Section        0  indicate_semi.o(.text)
    CL$$btod_d2e                             0x08000cda   Section       62  btod.o(CL$$btod_d2e)
    CL$$btod_d2e_denorm_low                  0x08000d18   Section       70  btod.o(CL$$btod_d2e_denorm_low)
    CL$$btod_d2e_norm_op1                    0x08000d5e   Section       96  btod.o(CL$$btod_d2e_norm_op1)
    CL$$btod_div_common                      0x08000dbe   Section      824  btod.o(CL$$btod_div_common)
    CL$$btod_e2e                             0x080010f6   Section      220  btod.o(CL$$btod_e2e)
    CL$$btod_ediv                            0x080011d2   Section       42  btod.o(CL$$btod_ediv)
    CL$$btod_emul                            0x080011fc   Section       42  btod.o(CL$$btod_emul)
    CL$$btod_mult_common                     0x08001226   Section      580  btod.o(CL$$btod_mult_common)
    i.AlarmTone                              0x0800146c   Section        0  main.o(i.AlarmTone)
    i.BCD2DEC                                0x080014f0   Section        0  ds3231.o(i.BCD2DEC)
    BCD2DEC                                  0x080014f1   Thumb Code    18  ds3231.o(i.BCD2DEC)
    i.BusFault_Handler                       0x08001502   Section        0  stm32f1xx_it.o(i.BusFault_Handler)
    i.CLCD_I2C_BlinkOff                      0x08001504   Section        0  clcd_i2c.o(i.CLCD_I2C_BlinkOff)
    i.CLCD_I2C_BlinkOn                       0x08001512   Section        0  clcd_i2c.o(i.CLCD_I2C_BlinkOn)
    i.CLCD_I2C_Clear                         0x08001520   Section        0  clcd_i2c.o(i.CLCD_I2C_Clear)
    i.CLCD_I2C_Init                          0x08001534   Section        0  clcd_i2c.o(i.CLCD_I2C_Init)
    i.CLCD_I2C_SetCursor                     0x080015fc   Section        0  clcd_i2c.o(i.CLCD_I2C_SetCursor)
    i.CLCD_I2C_WriteChar                     0x08001630   Section        0  clcd_i2c.o(i.CLCD_I2C_WriteChar)
    i.CLCD_I2C_WriteString                   0x08001636   Section        0  clcd_i2c.o(i.CLCD_I2C_WriteString)
    i.CLCD_WriteI2C                          0x0800164e   Section        0  clcd_i2c.o(i.CLCD_WriteI2C)
    CLCD_WriteI2C                            0x0800164f   Thumb Code   106  clcd_i2c.o(i.CLCD_WriteI2C)
    i.DEC2BCD                                0x080016b8   Section        0  ds3231.o(i.DEC2BCD)
    DEC2BCD                                  0x080016b9   Thumb Code    22  ds3231.o(i.DEC2BCD)
    i.DS3231_ClearAlarm1Flag                 0x080016ce   Section        0  ds3231.o(i.DS3231_ClearAlarm1Flag)
    i.DS3231_ClearAlarm2Flag                 0x0800170c   Section        0  ds3231.o(i.DS3231_ClearAlarm2Flag)
    i.DS3231_EnableAlarm1                    0x0800174a   Section        0  ds3231.o(i.DS3231_EnableAlarm1)
    i.DS3231_EnableAlarm2                    0x08001794   Section        0  ds3231.o(i.DS3231_EnableAlarm2)
    i.DS3231_GetDate                         0x080017e0   Section        0  ds3231.o(i.DS3231_GetDate)
    i.DS3231_GetTemp                         0x0800181e   Section        0  ds3231.o(i.DS3231_GetTemp)
    i.DS3231_GetTime                         0x0800186c   Section        0  ds3231.o(i.DS3231_GetTime)
    i.DS3231_Init                            0x080018a2   Section        0  ds3231.o(i.DS3231_Init)
    i.DS3231_SetDate                         0x080018ce   Section        0  ds3231.o(i.DS3231_SetDate)
    i.DS3231_SetInterruptMode                0x08001914   Section        0  ds3231.o(i.DS3231_SetInterruptMode)
    i.DS3231_SetTime                         0x08001956   Section        0  ds3231.o(i.DS3231_SetTime)
    i.DebugMon_Handler                       0x08001990   Section        0  stm32f1xx_it.o(i.DebugMon_Handler)
    i.Delay_ms                               0x08001994   Section        0  main.o(i.Delay_ms)
    i.Display_Adjust                         0x080019ac   Section        0  main.o(i.Display_Adjust)
    i.Display_ChangeDisplay                  0x080019ec   Section        0  main.o(i.Display_ChangeDisplay)
    i.Display_SetAlarm                       0x08001a20   Section        0  main.o(i.Display_SetAlarm)
    i.Display_SetTime                        0x08001a50   Section        0  main.o(i.Display_SetTime)
    i.Display_Time                           0x08001a80   Section        0  main.o(i.Display_Time)
    i.EXTI0_IRQHandler                       0x08001acc   Section        0  stm32f1xx_it.o(i.EXTI0_IRQHandler)
    i.EXTI1_IRQHandler                       0x08001ad2   Section        0  stm32f1xx_it.o(i.EXTI1_IRQHandler)
    i.EXTI2_IRQHandler                       0x08001ad8   Section        0  stm32f1xx_it.o(i.EXTI2_IRQHandler)
    i.EXTI3_IRQHandler                       0x08001ade   Section        0  stm32f1xx_it.o(i.EXTI3_IRQHandler)
    i.EXTI9_5_IRQHandler                     0x08001ae4   Section        0  stm32f1xx_it.o(i.EXTI9_5_IRQHandler)
    i.HAL_DMA_Abort                          0x08001aea   Section        0  stm32f1xx_hal_dma.o(i.HAL_DMA_Abort)
    i.HAL_DMA_Abort_IT                       0x08001b34   Section        0  stm32f1xx_hal_dma.o(i.HAL_DMA_Abort_IT)
    i.HAL_Delay                              0x08001bd8   Section        0  stm32f1xx_hal.o(i.HAL_Delay)
    i.HAL_GPIO_EXTI_Callback                 0x08001c00   Section        0  main.o(i.HAL_GPIO_EXTI_Callback)
    i.HAL_GPIO_EXTI_IRQHandler               0x08002384   Section        0  stm32f1xx_hal_gpio.o(i.HAL_GPIO_EXTI_IRQHandler)
    i.HAL_GPIO_Init                          0x0800239c   Section        0  stm32f1xx_hal_gpio.o(i.HAL_GPIO_Init)
    i.HAL_GPIO_WritePin                      0x08002598   Section        0  stm32f1xx_hal_gpio.o(i.HAL_GPIO_WritePin)
    i.HAL_GetTick                            0x080025a8   Section        0  stm32f1xx_hal.o(i.HAL_GetTick)
    i.HAL_I2C_Init                           0x080025b4   Section        0  stm32f1xx_hal_i2c.o(i.HAL_I2C_Init)
    i.HAL_I2C_IsDeviceReady                  0x08002760   Section        0  stm32f1xx_hal_i2c.o(i.HAL_I2C_IsDeviceReady)
    i.HAL_I2C_Master_Transmit                0x080028e8   Section        0  stm32f1xx_hal_i2c.o(i.HAL_I2C_Master_Transmit)
    i.HAL_I2C_Mem_Read                       0x08002a48   Section        0  stm32f1xx_hal_i2c.o(i.HAL_I2C_Mem_Read)
    i.HAL_I2C_Mem_Write                      0x08002d60   Section        0  stm32f1xx_hal_i2c.o(i.HAL_I2C_Mem_Write)
    i.HAL_I2C_MspInit                        0x08002ed4   Section        0  stm32f1xx_hal_msp.o(i.HAL_I2C_MspInit)
    i.HAL_IncTick                            0x08002f30   Section        0  stm32f1xx_hal.o(i.HAL_IncTick)
    i.HAL_Init                               0x08002f40   Section        0  stm32f1xx_hal.o(i.HAL_Init)
    i.HAL_InitTick                           0x08002f64   Section        0  stm32f1xx_hal.o(i.HAL_InitTick)
    i.HAL_MspInit                            0x08002fa8   Section        0  stm32f1xx_hal_msp.o(i.HAL_MspInit)
    i.HAL_NVIC_EnableIRQ                     0x08002fe4   Section        0  stm32f1xx_hal_cortex.o(i.HAL_NVIC_EnableIRQ)
    i.HAL_NVIC_SetPriority                   0x08003000   Section        0  stm32f1xx_hal_cortex.o(i.HAL_NVIC_SetPriority)
    i.HAL_NVIC_SetPriorityGrouping           0x08003068   Section        0  stm32f1xx_hal_cortex.o(i.HAL_NVIC_SetPriorityGrouping)
    i.HAL_RCC_ClockConfig                    0x0800308c   Section        0  stm32f1xx_hal_rcc.o(i.HAL_RCC_ClockConfig)
    i.HAL_RCC_GetHCLKFreq                    0x0800320c   Section        0  stm32f1xx_hal_rcc.o(i.HAL_RCC_GetHCLKFreq)
    i.HAL_RCC_GetPCLK1Freq                   0x08003218   Section        0  stm32f1xx_hal_rcc.o(i.HAL_RCC_GetPCLK1Freq)
    i.HAL_RCC_GetPCLK2Freq                   0x08003238   Section        0  stm32f1xx_hal_rcc.o(i.HAL_RCC_GetPCLK2Freq)
    i.HAL_RCC_GetSysClockFreq                0x08003258   Section        0  stm32f1xx_hal_rcc.o(i.HAL_RCC_GetSysClockFreq)
    i.HAL_RCC_OscConfig                      0x080032d0   Section        0  stm32f1xx_hal_rcc.o(i.HAL_RCC_OscConfig)
    i.HAL_SYSTICK_Config                     0x080036fc   Section        0  stm32f1xx_hal_cortex.o(i.HAL_SYSTICK_Config)
    i.HAL_TIMEx_BreakCallback                0x08003724   Section        0  stm32f1xx_hal_tim_ex.o(i.HAL_TIMEx_BreakCallback)
    i.HAL_TIMEx_CommutCallback               0x08003726   Section        0  stm32f1xx_hal_tim_ex.o(i.HAL_TIMEx_CommutCallback)
    i.HAL_TIMEx_MasterConfigSynchronization  0x08003728   Section        0  stm32f1xx_hal_tim_ex.o(i.HAL_TIMEx_MasterConfigSynchronization)
    i.HAL_TIM_Base_Init                      0x0800379a   Section        0  stm32f1xx_hal_tim.o(i.HAL_TIM_Base_Init)
    i.HAL_TIM_Base_MspInit                   0x080037f8   Section        0  stm32f1xx_hal_msp.o(i.HAL_TIM_Base_MspInit)
    i.HAL_TIM_Base_Start                     0x08003848   Section        0  stm32f1xx_hal_tim.o(i.HAL_TIM_Base_Start)
    i.HAL_TIM_Base_Start_IT                  0x080038a0   Section        0  stm32f1xx_hal_tim.o(i.HAL_TIM_Base_Start_IT)
    i.HAL_TIM_ConfigClockSource              0x08003902   Section        0  stm32f1xx_hal_tim.o(i.HAL_TIM_ConfigClockSource)
    i.HAL_TIM_IC_CaptureCallback             0x080039e6   Section        0  stm32f1xx_hal_tim.o(i.HAL_TIM_IC_CaptureCallback)
    i.HAL_TIM_IRQHandler                     0x080039e8   Section        0  stm32f1xx_hal_tim.o(i.HAL_TIM_IRQHandler)
    i.HAL_TIM_OC_DelayElapsedCallback        0x08003b5c   Section        0  stm32f1xx_hal_tim.o(i.HAL_TIM_OC_DelayElapsedCallback)
    i.HAL_TIM_PWM_PulseFinishedCallback      0x08003b5e   Section        0  stm32f1xx_hal_tim.o(i.HAL_TIM_PWM_PulseFinishedCallback)
    i.HAL_TIM_PeriodElapsedCallback          0x08003b60   Section        0  main.o(i.HAL_TIM_PeriodElapsedCallback)
    i.HAL_TIM_TriggerCallback                0x08003ca8   Section        0  stm32f1xx_hal_tim.o(i.HAL_TIM_TriggerCallback)
    i.HAL_UARTEx_RxEventCallback             0x08003caa   Section        0  stm32f1xx_hal_uart.o(i.HAL_UARTEx_RxEventCallback)
    i.HAL_UART_ErrorCallback                 0x08003cac   Section        0  stm32f1xx_hal_uart.o(i.HAL_UART_ErrorCallback)
    i.HAL_UART_IRQHandler                    0x08003cb0   Section        0  stm32f1xx_hal_uart.o(i.HAL_UART_IRQHandler)
    i.HAL_UART_Init                          0x08003eb0   Section        0  stm32f1xx_hal_uart.o(i.HAL_UART_Init)
    i.HAL_UART_MspInit                       0x08003f14   Section        0  stm32f1xx_hal_msp.o(i.HAL_UART_MspInit)
    i.HAL_UART_RxCpltCallback                0x08003f94   Section        0  stm32f1xx_hal_uart.o(i.HAL_UART_RxCpltCallback)
    i.HAL_UART_TxCpltCallback                0x08003f96   Section        0  stm32f1xx_hal_uart.o(i.HAL_UART_TxCpltCallback)
    i.HardFault_Handler                      0x08003f98   Section        0  stm32f1xx_it.o(i.HardFault_Handler)
    i.I2C_IsAcknowledgeFailed                0x08003f9a   Section        0  stm32f1xx_hal_i2c.o(i.I2C_IsAcknowledgeFailed)
    I2C_IsAcknowledgeFailed                  0x08003f9b   Thumb Code    50  stm32f1xx_hal_i2c.o(i.I2C_IsAcknowledgeFailed)
    i.I2C_MasterRequestWrite                 0x08003fcc   Section        0  stm32f1xx_hal_i2c.o(i.I2C_MasterRequestWrite)
    I2C_MasterRequestWrite                   0x08003fcd   Thumb Code   172  stm32f1xx_hal_i2c.o(i.I2C_MasterRequestWrite)
    i.I2C_RequestMemoryRead                  0x08004080   Section        0  stm32f1xx_hal_i2c.o(i.I2C_RequestMemoryRead)
    I2C_RequestMemoryRead                    0x08004081   Thumb Code   336  stm32f1xx_hal_i2c.o(i.I2C_RequestMemoryRead)
    i.I2C_RequestMemoryWrite                 0x080041d4   Section        0  stm32f1xx_hal_i2c.o(i.I2C_RequestMemoryWrite)
    I2C_RequestMemoryWrite                   0x080041d5   Thumb Code   204  stm32f1xx_hal_i2c.o(i.I2C_RequestMemoryWrite)
    i.I2C_WaitOnBTFFlagUntilTimeout          0x080042a4   Section        0  stm32f1xx_hal_i2c.o(i.I2C_WaitOnBTFFlagUntilTimeout)
    I2C_WaitOnBTFFlagUntilTimeout            0x080042a5   Thumb Code    92  stm32f1xx_hal_i2c.o(i.I2C_WaitOnBTFFlagUntilTimeout)
    i.I2C_WaitOnFlagUntilTimeout             0x08004300   Section        0  stm32f1xx_hal_i2c.o(i.I2C_WaitOnFlagUntilTimeout)
    I2C_WaitOnFlagUntilTimeout               0x08004301   Thumb Code   180  stm32f1xx_hal_i2c.o(i.I2C_WaitOnFlagUntilTimeout)
    i.I2C_WaitOnMasterAddressFlagUntilTimeout 0x080043b4   Section        0  stm32f1xx_hal_i2c.o(i.I2C_WaitOnMasterAddressFlagUntilTimeout)
    I2C_WaitOnMasterAddressFlagUntilTimeout  0x080043b5   Thumb Code   206  stm32f1xx_hal_i2c.o(i.I2C_WaitOnMasterAddressFlagUntilTimeout)
    i.I2C_WaitOnRXNEFlagUntilTimeout         0x08004482   Section        0  stm32f1xx_hal_i2c.o(i.I2C_WaitOnRXNEFlagUntilTimeout)
    I2C_WaitOnRXNEFlagUntilTimeout           0x08004483   Thumb Code   124  stm32f1xx_hal_i2c.o(i.I2C_WaitOnRXNEFlagUntilTimeout)
    i.I2C_WaitOnTXEFlagUntilTimeout          0x080044fe   Section        0  stm32f1xx_hal_i2c.o(i.I2C_WaitOnTXEFlagUntilTimeout)
    I2C_WaitOnTXEFlagUntilTimeout            0x080044ff   Thumb Code    92  stm32f1xx_hal_i2c.o(i.I2C_WaitOnTXEFlagUntilTimeout)
    i.MX_GPIO_Init                           0x0800455c   Section        0  main.o(i.MX_GPIO_Init)
    MX_GPIO_Init                             0x0800455d   Thumb Code   264  main.o(i.MX_GPIO_Init)
    i.MX_TIM1_Init                           0x0800467c   Section        0  main.o(i.MX_TIM1_Init)
    MX_TIM1_Init                             0x0800467d   Thumb Code    78  main.o(i.MX_TIM1_Init)
    i.MX_TIM2_Init                           0x080046d4   Section        0  main.o(i.MX_TIM2_Init)
    MX_TIM2_Init                             0x080046d5   Thumb Code    80  main.o(i.MX_TIM2_Init)
    i.MemManage_Handler                      0x08004728   Section        0  stm32f1xx_it.o(i.MemManage_Handler)
    i.MonthPrint                             0x0800472c   Section        0  main.o(i.MonthPrint)
    i.NMI_Handler                            0x08004804   Section        0  stm32f1xx_it.o(i.NMI_Handler)
    i.PendSV_Handler                         0x08004806   Section        0  stm32f1xx_it.o(i.PendSV_Handler)
    i.RCC_Delay                              0x08004808   Section        0  stm32f1xx_hal_rcc.o(i.RCC_Delay)
    RCC_Delay                                0x08004809   Thumb Code    32  stm32f1xx_hal_rcc.o(i.RCC_Delay)
    i.SVC_Handler                            0x0800482c   Section        0  stm32f1xx_it.o(i.SVC_Handler)
    i.SysTick_Handler                        0x0800482e   Section        0  stm32f1xx_it.o(i.SysTick_Handler)
    i.SystemClock_Config                     0x08004832   Section        0  main.o(i.SystemClock_Config)
    i.SystemInit                             0x08004882   Section        0  system_stm32f1xx.o(i.SystemInit)
    i.TIM2_IRQHandler                        0x08004884   Section        0  stm32f1xx_it.o(i.TIM2_IRQHandler)
    i.TIM_Base_SetConfig                     0x08004890   Section        0  stm32f1xx_hal_tim.o(i.TIM_Base_SetConfig)
    i.TIM_ETR_SetConfig                      0x08004908   Section        0  stm32f1xx_hal_tim.o(i.TIM_ETR_SetConfig)
    i.TIM_ITRx_SetConfig                     0x0800491e   Section        0  stm32f1xx_hal_tim.o(i.TIM_ITRx_SetConfig)
    TIM_ITRx_SetConfig                       0x0800491f   Thumb Code    16  stm32f1xx_hal_tim.o(i.TIM_ITRx_SetConfig)
    i.TIM_TI1_ConfigInputStage               0x0800492e   Section        0  stm32f1xx_hal_tim.o(i.TIM_TI1_ConfigInputStage)
    TIM_TI1_ConfigInputStage                 0x0800492f   Thumb Code    38  stm32f1xx_hal_tim.o(i.TIM_TI1_ConfigInputStage)
    i.TIM_TI2_ConfigInputStage               0x08004954   Section        0  stm32f1xx_hal_tim.o(i.TIM_TI2_ConfigInputStage)
    TIM_TI2_ConfigInputStage                 0x08004955   Thumb Code    36  stm32f1xx_hal_tim.o(i.TIM_TI2_ConfigInputStage)
    i.UART_DMAAbortOnError                   0x08004978   Section        0  stm32f1xx_hal_uart.o(i.UART_DMAAbortOnError)
    UART_DMAAbortOnError                     0x08004979   Thumb Code    16  stm32f1xx_hal_uart.o(i.UART_DMAAbortOnError)
    i.UART_EndRxTransfer                     0x08004988   Section        0  stm32f1xx_hal_uart.o(i.UART_EndRxTransfer)
    UART_EndRxTransfer                       0x08004989   Thumb Code    48  stm32f1xx_hal_uart.o(i.UART_EndRxTransfer)
    i.UART_EndTransmit_IT                    0x080049b8   Section        0  stm32f1xx_hal_uart.o(i.UART_EndTransmit_IT)
    UART_EndTransmit_IT                      0x080049b9   Thumb Code    26  stm32f1xx_hal_uart.o(i.UART_EndTransmit_IT)
    i.UART_Receive_IT                        0x080049d2   Section        0  stm32f1xx_hal_uart.o(i.UART_Receive_IT)
    UART_Receive_IT                          0x080049d3   Thumb Code   190  stm32f1xx_hal_uart.o(i.UART_Receive_IT)
    i.UART_SetConfig                         0x08004a90   Section        0  stm32f1xx_hal_uart.o(i.UART_SetConfig)
    UART_SetConfig                           0x08004a91   Thumb Code   194  stm32f1xx_hal_uart.o(i.UART_SetConfig)
    i.UART_Transmit_IT                       0x08004b58   Section        0  stm32f1xx_hal_uart.o(i.UART_Transmit_IT)
    UART_Transmit_IT                         0x08004b59   Thumb Code    94  stm32f1xx_hal_uart.o(i.UART_Transmit_IT)
    i.USART1_IRQHandler                      0x08004bb8   Section        0  stm32f1xx_it.o(i.USART1_IRQHandler)
    i.UsageFault_Handler                     0x08004bc4   Section        0  stm32f1xx_it.o(i.UsageFault_Handler)
    i.__ARM_fpclassify                       0x08004bc6   Section        0  fpclassify.o(i.__ARM_fpclassify)
    i._is_digit                              0x08004bee   Section        0  __printf_wp.o(i._is_digit)
    i.force_temp_conv                        0x08004bfc   Section        0  ds3231.o(i.force_temp_conv)
    i.main                                   0x08004c60   Section        0  main.o(i.main)
    locale$$code                             0x08004d18   Section       44  lc_numeric_c.o(locale$$code)
    x$fpl$d2f                                0x08004d44   Section       98  d2f.o(x$fpl$d2f)
    x$fpl$dadd                               0x08004da8   Section      336  daddsub_clz.o(x$fpl$dadd)
    _dadd1                                   0x08004db9   Thumb Code     0  daddsub_clz.o(x$fpl$dadd)
    x$fpl$dcheck1                            0x08004ef8   Section       16  dcheck1.o(x$fpl$dcheck1)
    x$fpl$dfltu                              0x08004f08   Section       38  dflt_clz.o(x$fpl$dfltu)
    x$fpl$dnaninf                            0x08004f2e   Section      156  dnaninf.o(x$fpl$dnaninf)
    x$fpl$dretinf                            0x08004fca   Section       12  dretinf.o(x$fpl$dretinf)
    x$fpl$dsub                               0x08004fd8   Section      468  daddsub_clz.o(x$fpl$dsub)
    _dsub1                                   0x08004fe9   Thumb Code     0  daddsub_clz.o(x$fpl$dsub)
    x$fpl$f2d                                0x080051ac   Section       86  f2d.o(x$fpl$f2d)
    x$fpl$fnaninf                            0x08005202   Section      140  fnaninf.o(x$fpl$fnaninf)
    x$fpl$fretinf                            0x0800528e   Section       10  fretinf.o(x$fpl$fretinf)
    x$fpl$printf1                            0x08005298   Section        4  printf1.o(x$fpl$printf1)
    x$fpl$retnan                             0x0800529c   Section      100  retnan.o(x$fpl$retnan)
    x$fpl$scalbn                             0x08005300   Section       92  scalbn.o(x$fpl$scalbn)
    x$fpl$trapveneer                         0x0800535c   Section       48  trapv.o(x$fpl$trapveneer)
    .constdata                               0x0800538c   Section       16  system_stm32f1xx.o(.constdata)
    x$fpl$usenofp                            0x0800538c   Section        0  usenofp.o(x$fpl$usenofp)
    .constdata                               0x0800539c   Section        8  system_stm32f1xx.o(.constdata)
    .constdata                               0x080053a4   Section       17  __printf_flags_wp.o(.constdata)
    maptable                                 0x080053a4   Data          17  __printf_flags_wp.o(.constdata)
    .constdata                               0x080053b8   Section      148  bigflt0.o(.constdata)
    tenpwrs_x                                0x080053b8   Data          60  bigflt0.o(.constdata)
    tenpwrs_i                                0x080053f4   Data          64  bigflt0.o(.constdata)
    locale$$data                             0x0800546c   Section       28  lc_numeric_c.o(locale$$data)
    __lcnum_c_name                           0x08005470   Data           2  lc_numeric_c.o(locale$$data)
    __lcnum_c_start                          0x08005478   Data           0  lc_numeric_c.o(locale$$data)
    __lcnum_c_point                          0x08005484   Data           0  lc_numeric_c.o(locale$$data)
    __lcnum_c_thousands                      0x08005486   Data           0  lc_numeric_c.o(locale$$data)
    __lcnum_c_grouping                       0x08005487   Data           0  lc_numeric_c.o(locale$$data)
    __lcnum_c_end                            0x08005488   Data           0  lc_numeric_c.o(locale$$data)
    .data                                    0x20000000   Section       12  main.o(.data)
    .data                                    0x2000000c   Section       12  stm32f1xx_hal.o(.data)
    .data                                    0x20000018   Section        4  system_stm32f1xx.o(.data)
    .bss                                     0x2000001c   Section      372  main.o(.bss)
    .bss                                     0x20000190   Section       96  libspace.o(.bss)
    HEAP                                     0x200001f0   Section      512  startup_stm32f103xb.o(HEAP)
    Heap_Mem                                 0x200001f0   Data         512  startup_stm32f103xb.o(HEAP)
    STACK                                    0x200003f0   Section     1024  startup_stm32f103xb.o(STACK)
    Stack_Mem                                0x200003f0   Data        1024  startup_stm32f103xb.o(STACK)
    __initial_sp                             0x200007f0   Data           0  startup_stm32f103xb.o(STACK)

    Global Symbols

    Symbol Name                              Value     Ov Type        Size  Object(Section)

    BuildAttributes$$THM_ISAv4$P$D$K$B$S$PE$A:L22UL41UL21$X:L11$S22US41US21$IEEE1$IW$USESV6$~STKCKD$USESV7$~SHL$OTIME$ROPI$IEEEJ$EBA8$UX$STANDARDLIB$REQ8$PRES8$EABIv2 0x00000000   Number         0  anon$$obj.o ABSOLUTE
    __ARM_use_no_argv                        0x00000000   Number         0  main.o ABSOLUTE
    _printf_flags                            0x00000000   Number         0  printf_stubs.o ABSOLUTE
    _printf_return_value                     0x00000000   Number         0  printf_stubs.o ABSOLUTE
    _printf_sizespec                         0x00000000   Number         0  printf_stubs.o ABSOLUTE
    _printf_widthprec                        0x00000000   Number         0  printf_stubs.o ABSOLUTE
    __ARM_exceptions_init                     - Undefined Weak Reference
    __alloca_initialize                       - Undefined Weak Reference
    __arm_preinit_                            - Undefined Weak Reference
    __cpp_initialize__aeabi_                  - Undefined Weak Reference
    __cxa_finalize                            - Undefined Weak Reference
    __sigvec_lookup                           - Undefined Weak Reference
    _atexit_init                              - Undefined Weak Reference
    _call_atexit_fns                          - Undefined Weak Reference
    _clock_init                               - Undefined Weak Reference
    _fp_trap_init                             - Undefined Weak Reference
    _fp_trap_shutdown                         - Undefined Weak Reference
    _get_lc_collate                           - Undefined Weak Reference
    _get_lc_ctype                             - Undefined Weak Reference
    _get_lc_monetary                          - Undefined Weak Reference
    _get_lc_time                              - Undefined Weak Reference
    _getenv_init                              - Undefined Weak Reference
    _handle_redirection                       - Undefined Weak Reference
    _init_alloc                               - Undefined Weak Reference
    _init_user_alloc                          - Undefined Weak Reference
    _initio                                   - Undefined Weak Reference
    _printf_mbtowc                            - Undefined Weak Reference
    _printf_truncate_signed                   - Undefined Weak Reference
    _printf_truncate_unsigned                 - Undefined Weak Reference
    _rand_init                                - Undefined Weak Reference
    _signal_finish                            - Undefined Weak Reference
    _signal_init                              - Undefined Weak Reference
    _terminate_alloc                          - Undefined Weak Reference
    _terminate_user_alloc                     - Undefined Weak Reference
    _terminateio                              - Undefined Weak Reference
    __Vectors_Size                           0x000000ec   Number         0  startup_stm32f103xb.o ABSOLUTE
    __Vectors                                0x08000000   Data           4  startup_stm32f103xb.o(RESET)
    __Vectors_End                            0x080000ec   Data           0  startup_stm32f103xb.o(RESET)
    __main                                   0x080000ed   Thumb Code     8  __main.o(!!!main)
    __scatterload                            0x080000f5   Thumb Code     0  __scatter.o(!!!scatter)
    __scatterload_rt2                        0x080000f5   Thumb Code    44  __scatter.o(!!!scatter)
    __scatterload_rt2_thumb_only             0x080000f5   Thumb Code     0  __scatter.o(!!!scatter)
    __scatterload_null                       0x08000103   Thumb Code     0  __scatter.o(!!!scatter)
    __scatterload_copy                       0x08000129   Thumb Code    26  __scatter_copy.o(!!handler_copy)
    __scatterload_zeroinit                   0x08000145   Thumb Code    28  __scatter_zi.o(!!handler_zi)
    _printf_f                                0x08000161   Thumb Code     0  _printf_f.o(.ARM.Collect$$_printf_percent$$00000003)
    _printf_percent                          0x08000161   Thumb Code     0  _printf_percent.o(.ARM.Collect$$_printf_percent$$00000000)
    _printf_d                                0x08000167   Thumb Code     0  _printf_d.o(.ARM.Collect$$_printf_percent$$00000009)
    _printf_s                                0x0800016d   Thumb Code     0  _printf_s.o(.ARM.Collect$$_printf_percent$$00000014)
    _printf_percent_end                      0x08000173   Thumb Code     0  _printf_percent_end.o(.ARM.Collect$$_printf_percent$$00000017)
    __rt_lib_init                            0x08000177   Thumb Code     0  libinit.o(.ARM.Collect$$libinit$$00000000)
    __rt_lib_init_fp_1                       0x08000179   Thumb Code     0  libinit2.o(.ARM.Collect$$libinit$$00000002)
    __rt_lib_init_heap_1                     0x08000179   Thumb Code     0  libinit2.o(.ARM.Collect$$libinit$$0000000A)
    __rt_lib_init_lc_common                  0x08000179   Thumb Code     0  libinit2.o(.ARM.Collect$$libinit$$0000000F)
    __rt_lib_init_preinit_1                  0x08000179   Thumb Code     0  libinit2.o(.ARM.Collect$$libinit$$00000004)
    __rt_lib_init_rand_1                     0x08000179   Thumb Code     0  libinit2.o(.ARM.Collect$$libinit$$0000000E)
    __rt_lib_init_user_alloc_1               0x08000179   Thumb Code     0  libinit2.o(.ARM.Collect$$libinit$$0000000C)
    __rt_lib_init_lc_collate_1               0x0800017f   Thumb Code     0  libinit2.o(.ARM.Collect$$libinit$$00000011)
    __rt_lib_init_lc_ctype_1                 0x0800017f   Thumb Code     0  libinit2.o(.ARM.Collect$$libinit$$00000013)
    __rt_lib_init_lc_monetary_1              0x0800017f   Thumb Code     0  libinit2.o(.ARM.Collect$$libinit$$00000015)
    __rt_lib_init_lc_numeric_2               0x0800017f   Thumb Code     0  libinit2.o(.ARM.Collect$$libinit$$00000016)
    __rt_lib_init_alloca_1                   0x08000189   Thumb Code     0  libinit2.o(.ARM.Collect$$libinit$$0000002E)
    __rt_lib_init_argv_1                     0x08000189   Thumb Code     0  libinit2.o(.ARM.Collect$$libinit$$0000002C)
    __rt_lib_init_atexit_1                   0x08000189   Thumb Code     0  libinit2.o(.ARM.Collect$$libinit$$0000001B)
    __rt_lib_init_clock_1                    0x08000189   Thumb Code     0  libinit2.o(.ARM.Collect$$libinit$$00000021)
    __rt_lib_init_cpp_1                      0x08000189   Thumb Code     0  libinit2.o(.ARM.Collect$$libinit$$00000032)
    __rt_lib_init_exceptions_1               0x08000189   Thumb Code     0  libinit2.o(.ARM.Collect$$libinit$$00000030)
    __rt_lib_init_fp_trap_1                  0x08000189   Thumb Code     0  libinit2.o(.ARM.Collect$$libinit$$0000001F)
    __rt_lib_init_getenv_1                   0x08000189   Thumb Code     0  libinit2.o(.ARM.Collect$$libinit$$00000023)
    __rt_lib_init_lc_numeric_1               0x08000189   Thumb Code     0  libinit2.o(.ARM.Collect$$libinit$$00000017)
    __rt_lib_init_lc_time_1                  0x08000189   Thumb Code     0  libinit2.o(.ARM.Collect$$libinit$$00000019)
    __rt_lib_init_return                     0x08000189   Thumb Code     0  libinit2.o(.ARM.Collect$$libinit$$00000033)
    __rt_lib_init_signal_1                   0x08000189   Thumb Code     0  libinit2.o(.ARM.Collect$$libinit$$0000001D)
    __rt_lib_init_stdio_1                    0x08000189   Thumb Code     0  libinit2.o(.ARM.Collect$$libinit$$00000025)
    __rt_lib_shutdown                        0x0800018b   Thumb Code     0  libshutdown.o(.ARM.Collect$$libshutdown$$00000000)
    __rt_lib_shutdown_cpp_1                  0x0800018d   Thumb Code     0  libshutdown2.o(.ARM.Collect$$libshutdown$$00000002)
    __rt_lib_shutdown_fp_trap_1              0x0800018d   Thumb Code     0  libshutdown2.o(.ARM.Collect$$libshutdown$$00000007)
    __rt_lib_shutdown_heap_1                 0x0800018d   Thumb Code     0  libshutdown2.o(.ARM.Collect$$libshutdown$$0000000F)
    __rt_lib_shutdown_return                 0x0800018d   Thumb Code     0  libshutdown2.o(.ARM.Collect$$libshutdown$$00000010)
    __rt_lib_shutdown_signal_1               0x0800018d   Thumb Code     0  libshutdown2.o(.ARM.Collect$$libshutdown$$0000000A)
    __rt_lib_shutdown_stdio_1                0x0800018d   Thumb Code     0  libshutdown2.o(.ARM.Collect$$libshutdown$$00000004)
    __rt_lib_shutdown_user_alloc_1           0x0800018d   Thumb Code     0  libshutdown2.o(.ARM.Collect$$libshutdown$$0000000C)
    __rt_entry                               0x0800018f   Thumb Code     0  __rtentry.o(.ARM.Collect$$rtentry$$00000000)
    __rt_entry_presh_1                       0x0800018f   Thumb Code     0  __rtentry2.o(.ARM.Collect$$rtentry$$00000002)
    __rt_entry_sh                            0x0800018f   Thumb Code     0  __rtentry4.o(.ARM.Collect$$rtentry$$00000004)
    __rt_entry_li                            0x08000195   Thumb Code     0  __rtentry2.o(.ARM.Collect$$rtentry$$0000000A)
    __rt_entry_postsh_1                      0x08000195   Thumb Code     0  __rtentry2.o(.ARM.Collect$$rtentry$$00000009)
    __rt_entry_main                          0x08000199   Thumb Code     0  __rtentry2.o(.ARM.Collect$$rtentry$$0000000D)
    __rt_entry_postli_1                      0x08000199   Thumb Code     0  __rtentry2.o(.ARM.Collect$$rtentry$$0000000C)
    __rt_exit                                0x080001a1   Thumb Code     0  rtexit.o(.ARM.Collect$$rtexit$$00000000)
    __rt_exit_ls                             0x080001a3   Thumb Code     0  rtexit2.o(.ARM.Collect$$rtexit$$00000003)
    __rt_exit_prels_1                        0x080001a3   Thumb Code     0  rtexit2.o(.ARM.Collect$$rtexit$$00000002)
    __rt_exit_exit                           0x080001a7   Thumb Code     0  rtexit2.o(.ARM.Collect$$rtexit$$00000004)
    Reset_Handler                            0x080001ad   Thumb Code     8  startup_stm32f103xb.o(.text)
    ADC1_2_IRQHandler                        0x080001c7   Thumb Code     0  startup_stm32f103xb.o(.text)
    CAN1_RX1_IRQHandler                      0x080001c7   Thumb Code     0  startup_stm32f103xb.o(.text)
    CAN1_SCE_IRQHandler                      0x080001c7   Thumb Code     0  startup_stm32f103xb.o(.text)
    DMA1_Channel1_IRQHandler                 0x080001c7   Thumb Code     0  startup_stm32f103xb.o(.text)
    DMA1_Channel2_IRQHandler                 0x080001c7   Thumb Code     0  startup_stm32f103xb.o(.text)
    DMA1_Channel3_IRQHandler                 0x080001c7   Thumb Code     0  startup_stm32f103xb.o(.text)
    DMA1_Channel4_IRQHandler                 0x080001c7   Thumb Code     0  startup_stm32f103xb.o(.text)
    DMA1_Channel5_IRQHandler                 0x080001c7   Thumb Code     0  startup_stm32f103xb.o(.text)
    DMA1_Channel6_IRQHandler                 0x080001c7   Thumb Code     0  startup_stm32f103xb.o(.text)
    DMA1_Channel7_IRQHandler                 0x080001c7   Thumb Code     0  startup_stm32f103xb.o(.text)
    EXTI15_10_IRQHandler                     0x080001c7   Thumb Code     0  startup_stm32f103xb.o(.text)
    EXTI4_IRQHandler                         0x080001c7   Thumb Code     0  startup_stm32f103xb.o(.text)
    FLASH_IRQHandler                         0x080001c7   Thumb Code     0  startup_stm32f103xb.o(.text)
    I2C1_ER_IRQHandler                       0x080001c7   Thumb Code     0  startup_stm32f103xb.o(.text)
    I2C1_EV_IRQHandler                       0x080001c7   Thumb Code     0  startup_stm32f103xb.o(.text)
    I2C2_ER_IRQHandler                       0x080001c7   Thumb Code     0  startup_stm32f103xb.o(.text)
    I2C2_EV_IRQHandler                       0x080001c7   Thumb Code     0  startup_stm32f103xb.o(.text)
    PVD_IRQHandler                           0x080001c7   Thumb Code     0  startup_stm32f103xb.o(.text)
    RCC_IRQHandler                           0x080001c7   Thumb Code     0  startup_stm32f103xb.o(.text)
    RTC_Alarm_IRQHandler                     0x080001c7   Thumb Code     0  startup_stm32f103xb.o(.text)
    RTC_IRQHandler                           0x080001c7   Thumb Code     0  startup_stm32f103xb.o(.text)
    SPI1_IRQHandler                          0x080001c7   Thumb Code     0  startup_stm32f103xb.o(.text)
    SPI2_IRQHandler                          0x080001c7   Thumb Code     0  startup_stm32f103xb.o(.text)
    TAMPER_IRQHandler                        0x080001c7   Thumb Code     0  startup_stm32f103xb.o(.text)
    TIM1_BRK_IRQHandler                      0x080001c7   Thumb Code     0  startup_stm32f103xb.o(.text)
    TIM1_CC_IRQHandler                       0x080001c7   Thumb Code     0  startup_stm32f103xb.o(.text)
    TIM1_TRG_COM_IRQHandler                  0x080001c7   Thumb Code     0  startup_stm32f103xb.o(.text)
    TIM1_UP_IRQHandler                       0x080001c7   Thumb Code     0  startup_stm32f103xb.o(.text)
    TIM3_IRQHandler                          0x080001c7   Thumb Code     0  startup_stm32f103xb.o(.text)
    TIM4_IRQHandler                          0x080001c7   Thumb Code     0  startup_stm32f103xb.o(.text)
    USART2_IRQHandler                        0x080001c7   Thumb Code     0  startup_stm32f103xb.o(.text)
    USART3_IRQHandler                        0x080001c7   Thumb Code     0  startup_stm32f103xb.o(.text)
    USBWakeUp_IRQHandler                     0x080001c7   Thumb Code     0  startup_stm32f103xb.o(.text)
    USB_HP_CAN1_TX_IRQHandler                0x080001c7   Thumb Code     0  startup_stm32f103xb.o(.text)
    USB_LP_CAN1_RX0_IRQHandler               0x080001c7   Thumb Code     0  startup_stm32f103xb.o(.text)
    WWDG_IRQHandler                          0x080001c7   Thumb Code     0  startup_stm32f103xb.o(.text)
    __user_initial_stackheap                 0x080001c9   Thumb Code     0  startup_stm32f103xb.o(.text)
    __2sprintf                               0x080001ed   Thumb Code    34  noretval__2sprintf.o(.text)
    _printf_pre_padding                      0x08000215   Thumb Code    44  _printf_pad.o(.text)
    _printf_post_padding                     0x08000241   Thumb Code    34  _printf_pad.o(.text)
    _printf_str                              0x08000263   Thumb Code    82  _printf_str.o(.text)
    _printf_int_dec                          0x080002b5   Thumb Code   104  _printf_dec.o(.text)
    __printf                                 0x0800032d   Thumb Code   308  __printf_flags_wp.o(.text)
    __aeabi_memclr4                          0x08000465   Thumb Code     0  rt_memclr_w.o(.text)
    __aeabi_memclr8                          0x08000465   Thumb Code     0  rt_memclr_w.o(.text)
    __rt_memclr_w                            0x08000465   Thumb Code    78  rt_memclr_w.o(.text)
    _memset_w                                0x08000469   Thumb Code     0  rt_memclr_w.o(.text)
    __use_two_region_memory                  0x080004b3   Thumb Code     2  heapauxi.o(.text)
    __rt_heap_escrow$2region                 0x080004b5   Thumb Code     2  heapauxi.o(.text)
    __rt_heap_expand$2region                 0x080004b7   Thumb Code     2  heapauxi.o(.text)
    _printf_int_common                       0x080004b9   Thumb Code   178  _printf_intcommon.o(.text)
    __lib_sel_fp_printf                      0x0800056b   Thumb Code     2  _printf_fp_dec.o(.text)
    _printf_fp_dec_real                      0x0800071d   Thumb Code   620  _printf_fp_dec.o(.text)
    _printf_char_common                      0x08000993   Thumb Code    32  _printf_char_common.o(.text)
    _sputc                                   0x080009b9   Thumb Code    10  _sputc.o(.text)
    _printf_cs_common                        0x080009c3   Thumb Code    20  _printf_char.o(.text)
    _printf_char                             0x080009d7   Thumb Code    16  _printf_char.o(.text)
    _printf_string                           0x080009e7   Thumb Code     8  _printf_char.o(.text)
    __rt_locale                              0x080009f1   Thumb Code     8  rt_locale_intlibspace.o(.text)
    _ll_udiv10                               0x080009f9   Thumb Code   138  lludiv10.o(.text)
    _printf_fp_infnan                        0x08000a85   Thumb Code   112  _printf_fp_infnan.o(.text)
    _btod_etento                             0x08000b05   Thumb Code   224  bigflt0.o(.text)
    __user_libspace                          0x08000be9   Thumb Code     8  libspace.o(.text)
    __user_perproc_libspace                  0x08000be9   Thumb Code     0  libspace.o(.text)
    __user_perthread_libspace                0x08000be9   Thumb Code     0  libspace.o(.text)
    __user_setup_stackheap                   0x08000bf1   Thumb Code    74  sys_stackheap_outer.o(.text)
    exit                                     0x08000c3b   Thumb Code    18  exit.o(.text)
    strcmp                                   0x08000c4d   Thumb Code   128  strcmpv7m.o(.text)
    _sys_exit                                0x08000ccd   Thumb Code     8  sys_exit.o(.text)
    __I$use$semihosting                      0x08000cd9   Thumb Code     0  use_no_semi.o(.text)
    __use_no_semihosting_swi                 0x08000cd9   Thumb Code     2  use_no_semi.o(.text)
    __semihosting_library_function           0x08000cdb   Thumb Code     0  indicate_semi.o(.text)
    _btod_d2e                                0x08000cdb   Thumb Code    62  btod.o(CL$$btod_d2e)
    _d2e_denorm_low                          0x08000d19   Thumb Code    70  btod.o(CL$$btod_d2e_denorm_low)
    _d2e_norm_op1                            0x08000d5f   Thumb Code    96  btod.o(CL$$btod_d2e_norm_op1)
    __btod_div_common                        0x08000dbf   Thumb Code   696  btod.o(CL$$btod_div_common)
    _e2e                                     0x080010f7   Thumb Code   220  btod.o(CL$$btod_e2e)
    _btod_ediv                               0x080011d3   Thumb Code    42  btod.o(CL$$btod_ediv)
    _btod_emul                               0x080011fd   Thumb Code    42  btod.o(CL$$btod_emul)
    __btod_mult_common                       0x08001227   Thumb Code   580  btod.o(CL$$btod_mult_common)
    AlarmTone                                0x0800146d   Thumb Code   120  main.o(i.AlarmTone)
    BusFault_Handler                         0x08001503   Thumb Code     2  stm32f1xx_it.o(i.BusFault_Handler)
    CLCD_I2C_BlinkOff                        0x08001505   Thumb Code    14  clcd_i2c.o(i.CLCD_I2C_BlinkOff)
    CLCD_I2C_BlinkOn                         0x08001513   Thumb Code    14  clcd_i2c.o(i.CLCD_I2C_BlinkOn)
    CLCD_I2C_Clear                           0x08001521   Thumb Code    20  clcd_i2c.o(i.CLCD_I2C_Clear)
    CLCD_I2C_Init                            0x08001535   Thumb Code   198  clcd_i2c.o(i.CLCD_I2C_Init)
    CLCD_I2C_SetCursor                       0x080015fd   Thumb Code    48  clcd_i2c.o(i.CLCD_I2C_SetCursor)
    CLCD_I2C_WriteChar                       0x08001631   Thumb Code     6  clcd_i2c.o(i.CLCD_I2C_WriteChar)
    CLCD_I2C_WriteString                     0x08001637   Thumb Code    24  clcd_i2c.o(i.CLCD_I2C_WriteString)
    DS3231_ClearAlarm1Flag                   0x080016cf   Thumb Code    62  ds3231.o(i.DS3231_ClearAlarm1Flag)
    DS3231_ClearAlarm2Flag                   0x0800170d   Thumb Code    62  ds3231.o(i.DS3231_ClearAlarm2Flag)
    DS3231_EnableAlarm1                      0x0800174b   Thumb Code    74  ds3231.o(i.DS3231_EnableAlarm1)
    DS3231_EnableAlarm2                      0x08001795   Thumb Code    76  ds3231.o(i.DS3231_EnableAlarm2)
    DS3231_GetDate                           0x080017e1   Thumb Code    62  ds3231.o(i.DS3231_GetDate)
    DS3231_GetTemp                           0x0800181f   Thumb Code    78  ds3231.o(i.DS3231_GetTemp)
    DS3231_GetTime                           0x0800186d   Thumb Code    54  ds3231.o(i.DS3231_GetTime)
    DS3231_Init                              0x080018a3   Thumb Code    44  ds3231.o(i.DS3231_Init)
    DS3231_SetDate                           0x080018cf   Thumb Code    70  ds3231.o(i.DS3231_SetDate)
    DS3231_SetInterruptMode                  0x08001915   Thumb Code    66  ds3231.o(i.DS3231_SetInterruptMode)
    DS3231_SetTime                           0x08001957   Thumb Code    58  ds3231.o(i.DS3231_SetTime)
    DebugMon_Handler                         0x08001991   Thumb Code     2  stm32f1xx_it.o(i.DebugMon_Handler)
    Delay_ms                                 0x08001995   Thumb Code    18  main.o(i.Delay_ms)
    Display_Adjust                           0x080019ad   Thumb Code    54  main.o(i.Display_Adjust)
    Display_ChangeDisplay                    0x080019ed   Thumb Code    30  main.o(i.Display_ChangeDisplay)
    Display_SetAlarm                         0x08001a21   Thumb Code    30  main.o(i.Display_SetAlarm)
    Display_SetTime                          0x08001a51   Thumb Code    30  main.o(i.Display_SetTime)
    Display_Time                             0x08001a81   Thumb Code    54  main.o(i.Display_Time)
    EXTI0_IRQHandler                         0x08001acd   Thumb Code     6  stm32f1xx_it.o(i.EXTI0_IRQHandler)
    EXTI1_IRQHandler                         0x08001ad3   Thumb Code     6  stm32f1xx_it.o(i.EXTI1_IRQHandler)
    EXTI2_IRQHandler                         0x08001ad9   Thumb Code     6  stm32f1xx_it.o(i.EXTI2_IRQHandler)
    EXTI3_IRQHandler                         0x08001adf   Thumb Code     6  stm32f1xx_it.o(i.EXTI3_IRQHandler)
    EXTI9_5_IRQHandler                       0x08001ae5   Thumb Code     6  stm32f1xx_it.o(i.EXTI9_5_IRQHandler)
    HAL_DMA_Abort                            0x08001aeb   Thumb Code    72  stm32f1xx_hal_dma.o(i.HAL_DMA_Abort)
    HAL_DMA_Abort_IT                         0x08001b35   Thumb Code   136  stm32f1xx_hal_dma.o(i.HAL_DMA_Abort_IT)
    HAL_Delay                                0x08001bd9   Thumb Code    34  stm32f1xx_hal.o(i.HAL_Delay)
    HAL_GPIO_EXTI_Callback                   0x08001c01   Thumb Code  1918  main.o(i.HAL_GPIO_EXTI_Callback)
    HAL_GPIO_EXTI_IRQHandler                 0x08002385   Thumb Code    18  stm32f1xx_hal_gpio.o(i.HAL_GPIO_EXTI_IRQHandler)
    HAL_GPIO_Init                            0x0800239d   Thumb Code   496  stm32f1xx_hal_gpio.o(i.HAL_GPIO_Init)
    HAL_GPIO_WritePin                        0x08002599   Thumb Code    14  stm32f1xx_hal_gpio.o(i.HAL_GPIO_WritePin)
    HAL_GetTick                              0x080025a9   Thumb Code     6  stm32f1xx_hal.o(i.HAL_GetTick)
    HAL_I2C_Init                             0x080025b5   Thumb Code   410  stm32f1xx_hal_i2c.o(i.HAL_I2C_Init)
    HAL_I2C_IsDeviceReady                    0x08002761   Thumb Code   384  stm32f1xx_hal_i2c.o(i.HAL_I2C_IsDeviceReady)
    HAL_I2C_Master_Transmit                  0x080028e9   Thumb Code   344  stm32f1xx_hal_i2c.o(i.HAL_I2C_Master_Transmit)
    HAL_I2C_Mem_Read                         0x08002a49   Thumb Code   776  stm32f1xx_hal_i2c.o(i.HAL_I2C_Mem_Read)
    HAL_I2C_Mem_Write                        0x08002d61   Thumb Code   362  stm32f1xx_hal_i2c.o(i.HAL_I2C_Mem_Write)
    HAL_I2C_MspInit                          0x08002ed5   Thumb Code    80  stm32f1xx_hal_msp.o(i.HAL_I2C_MspInit)
    HAL_IncTick                              0x08002f31   Thumb Code    12  stm32f1xx_hal.o(i.HAL_IncTick)
    HAL_Init                                 0x08002f41   Thumb Code    32  stm32f1xx_hal.o(i.HAL_Init)
    HAL_InitTick                             0x08002f65   Thumb Code    58  stm32f1xx_hal.o(i.HAL_InitTick)
    HAL_MspInit                              0x08002fa9   Thumb Code    52  stm32f1xx_hal_msp.o(i.HAL_MspInit)
    HAL_NVIC_EnableIRQ                       0x08002fe5   Thumb Code    28  stm32f1xx_hal_cortex.o(i.HAL_NVIC_EnableIRQ)
    HAL_NVIC_SetPriority                     0x08003001   Thumb Code    98  stm32f1xx_hal_cortex.o(i.HAL_NVIC_SetPriority)
    HAL_NVIC_SetPriorityGrouping             0x08003069   Thumb Code    30  stm32f1xx_hal_cortex.o(i.HAL_NVIC_SetPriorityGrouping)
    HAL_RCC_ClockConfig                      0x0800308d   Thumb Code   364  stm32f1xx_hal_rcc.o(i.HAL_RCC_ClockConfig)
    HAL_RCC_GetHCLKFreq                      0x0800320d   Thumb Code     6  stm32f1xx_hal_rcc.o(i.HAL_RCC_GetHCLKFreq)
    HAL_RCC_GetPCLK1Freq                     0x08003219   Thumb Code    22  stm32f1xx_hal_rcc.o(i.HAL_RCC_GetPCLK1Freq)
    HAL_RCC_GetPCLK2Freq                     0x08003239   Thumb Code    22  stm32f1xx_hal_rcc.o(i.HAL_RCC_GetPCLK2Freq)
    HAL_RCC_GetSysClockFreq                  0x08003259   Thumb Code    88  stm32f1xx_hal_rcc.o(i.HAL_RCC_GetSysClockFreq)
    HAL_RCC_OscConfig                        0x080032d1   Thumb Code  1068  stm32f1xx_hal_rcc.o(i.HAL_RCC_OscConfig)
    HAL_SYSTICK_Config                       0x080036fd   Thumb Code    36  stm32f1xx_hal_cortex.o(i.HAL_SYSTICK_Config)
    HAL_TIMEx_BreakCallback                  0x08003725   Thumb Code     2  stm32f1xx_hal_tim_ex.o(i.HAL_TIMEx_BreakCallback)
    HAL_TIMEx_CommutCallback                 0x08003727   Thumb Code     2  stm32f1xx_hal_tim_ex.o(i.HAL_TIMEx_CommutCallback)
    HAL_TIMEx_MasterConfigSynchronization    0x08003729   Thumb Code   114  stm32f1xx_hal_tim_ex.o(i.HAL_TIMEx_MasterConfigSynchronization)
    HAL_TIM_Base_Init                        0x0800379b   Thumb Code    92  stm32f1xx_hal_tim.o(i.HAL_TIM_Base_Init)
    HAL_TIM_Base_MspInit                     0x080037f9   Thumb Code    72  stm32f1xx_hal_msp.o(i.HAL_TIM_Base_MspInit)
    HAL_TIM_Base_Start                       0x08003849   Thumb Code    88  stm32f1xx_hal_tim.o(i.HAL_TIM_Base_Start)
    HAL_TIM_Base_Start_IT                    0x080038a1   Thumb Code    98  stm32f1xx_hal_tim.o(i.HAL_TIM_Base_Start_IT)
    HAL_TIM_ConfigClockSource                0x08003903   Thumb Code   228  stm32f1xx_hal_tim.o(i.HAL_TIM_ConfigClockSource)
    HAL_TIM_IC_CaptureCallback               0x080039e7   Thumb Code     2  stm32f1xx_hal_tim.o(i.HAL_TIM_IC_CaptureCallback)
    HAL_TIM_IRQHandler                       0x080039e9   Thumb Code   372  stm32f1xx_hal_tim.o(i.HAL_TIM_IRQHandler)
    HAL_TIM_OC_DelayElapsedCallback          0x08003b5d   Thumb Code     2  stm32f1xx_hal_tim.o(i.HAL_TIM_OC_DelayElapsedCallback)
    HAL_TIM_PWM_PulseFinishedCallback        0x08003b5f   Thumb Code     2  stm32f1xx_hal_tim.o(i.HAL_TIM_PWM_PulseFinishedCallback)
    HAL_TIM_PeriodElapsedCallback            0x08003b61   Thumb Code   274  main.o(i.HAL_TIM_PeriodElapsedCallback)
    HAL_TIM_TriggerCallback                  0x08003ca9   Thumb Code     2  stm32f1xx_hal_tim.o(i.HAL_TIM_TriggerCallback)
    HAL_UARTEx_RxEventCallback               0x08003cab   Thumb Code     2  stm32f1xx_hal_uart.o(i.HAL_UARTEx_RxEventCallback)
    HAL_UART_ErrorCallback                   0x08003cad   Thumb Code     2  stm32f1xx_hal_uart.o(i.HAL_UART_ErrorCallback)
    HAL_UART_IRQHandler                      0x08003cb1   Thumb Code   506  stm32f1xx_hal_uart.o(i.HAL_UART_IRQHandler)
    HAL_UART_Init                            0x08003eb1   Thumb Code   100  stm32f1xx_hal_uart.o(i.HAL_UART_Init)
    HAL_UART_MspInit                         0x08003f15   Thumb Code   116  stm32f1xx_hal_msp.o(i.HAL_UART_MspInit)
    HAL_UART_RxCpltCallback                  0x08003f95   Thumb Code     2  stm32f1xx_hal_uart.o(i.HAL_UART_RxCpltCallback)
    HAL_UART_TxCpltCallback                  0x08003f97   Thumb Code     2  stm32f1xx_hal_uart.o(i.HAL_UART_TxCpltCallback)
    HardFault_Handler                        0x08003f99   Thumb Code     2  stm32f1xx_it.o(i.HardFault_Handler)
    MemManage_Handler                        0x08004729   Thumb Code     2  stm32f1xx_it.o(i.MemManage_Handler)
    MonthPrint                               0x0800472d   Thumb Code   102  main.o(i.MonthPrint)
    NMI_Handler                              0x08004805   Thumb Code     2  stm32f1xx_it.o(i.NMI_Handler)
    PendSV_Handler                           0x08004807   Thumb Code     2  stm32f1xx_it.o(i.PendSV_Handler)
    SVC_Handler                              0x0800482d   Thumb Code     2  stm32f1xx_it.o(i.SVC_Handler)
    SysTick_Handler                          0x0800482f   Thumb Code     4  stm32f1xx_it.o(i.SysTick_Handler)
    SystemClock_Config                       0x08004833   Thumb Code    80  main.o(i.SystemClock_Config)
    SystemInit                               0x08004883   Thumb Code     2  system_stm32f1xx.o(i.SystemInit)
    TIM2_IRQHandler                          0x08004885   Thumb Code     6  stm32f1xx_it.o(i.TIM2_IRQHandler)
    TIM_Base_SetConfig                       0x08004891   Thumb Code   106  stm32f1xx_hal_tim.o(i.TIM_Base_SetConfig)
    TIM_ETR_SetConfig                        0x08004909   Thumb Code    22  stm32f1xx_hal_tim.o(i.TIM_ETR_SetConfig)
    USART1_IRQHandler                        0x08004bb9   Thumb Code     6  stm32f1xx_it.o(i.USART1_IRQHandler)
    UsageFault_Handler                       0x08004bc5   Thumb Code     2  stm32f1xx_it.o(i.UsageFault_Handler)
    __ARM_fpclassify                         0x08004bc7   Thumb Code    40  fpclassify.o(i.__ARM_fpclassify)
    _is_digit                                0x08004bef   Thumb Code    14  __printf_wp.o(i._is_digit)
    force_temp_conv                          0x08004bfd   Thumb Code    98  ds3231.o(i.force_temp_conv)
    main                                     0x08004c61   Thumb Code   162  main.o(i.main)
    _get_lc_numeric                          0x08004d19   Thumb Code    44  lc_numeric_c.o(locale$$code)
    __aeabi_d2f                              0x08004d45   Thumb Code     0  d2f.o(x$fpl$d2f)
    _d2f                                     0x08004d45   Thumb Code    98  d2f.o(x$fpl$d2f)
    __aeabi_dadd                             0x08004da9   Thumb Code     0  daddsub_clz.o(x$fpl$dadd)
    _dadd                                    0x08004da9   Thumb Code   332  daddsub_clz.o(x$fpl$dadd)
    __fpl_dcheck_NaN1                        0x08004ef9   Thumb Code    10  dcheck1.o(x$fpl$dcheck1)
    __aeabi_ui2d                             0x08004f09   Thumb Code     0  dflt_clz.o(x$fpl$dfltu)
    _dfltu                                   0x08004f09   Thumb Code    38  dflt_clz.o(x$fpl$dfltu)
    __fpl_dnaninf                            0x08004f2f   Thumb Code   156  dnaninf.o(x$fpl$dnaninf)
    __fpl_dretinf                            0x08004fcb   Thumb Code    12  dretinf.o(x$fpl$dretinf)
    __aeabi_dsub                             0x08004fd9   Thumb Code     0  daddsub_clz.o(x$fpl$dsub)
    _dsub                                    0x08004fd9   Thumb Code   464  daddsub_clz.o(x$fpl$dsub)
    __aeabi_f2d                              0x080051ad   Thumb Code     0  f2d.o(x$fpl$f2d)
    _f2d                                     0x080051ad   Thumb Code    86  f2d.o(x$fpl$f2d)
    __fpl_fnaninf                            0x08005203   Thumb Code   140  fnaninf.o(x$fpl$fnaninf)
    __fpl_fretinf                            0x0800528f   Thumb Code    10  fretinf.o(x$fpl$fretinf)
    _printf_fp_dec                           0x08005299   Thumb Code     4  printf1.o(x$fpl$printf1)
    __fpl_return_NaN                         0x0800529d   Thumb Code   100  retnan.o(x$fpl$retnan)
    __ARM_scalbn                             0x08005301   Thumb Code    92  scalbn.o(x$fpl$scalbn)
    __fpl_cmpreturn                          0x0800535d   Thumb Code    48  trapv.o(x$fpl$trapveneer)
    AHBPrescTable                            0x0800538c   Data          16  system_stm32f1xx.o(.constdata)
    __I$use$fp                               0x0800538c   Number         0  usenofp.o(x$fpl$usenofp)
    APBPrescTable                            0x0800539c   Data           8  system_stm32f1xx.o(.constdata)
    Region$$Table$$Base                      0x0800544c   Number         0  anon$$obj.o(Region$$Table)
    Region$$Table$$Limit                     0x0800546c   Number         0  anon$$obj.o(Region$$Table)
    Mode                                     0x20000000   Data           1  main.o(.data)
    Adjust                                   0x20000001   Data           1  main.o(.data)
    alarm_flag                               0x20000002   Data           1  main.o(.data)
    AlarmHours                               0x20000003   Data           1  main.o(.data)
    AlarmMin                                 0x20000004   Data           1  main.o(.data)
    AlarmDate                                0x20000005   Data           1  main.o(.data)
    device                                   0x20000006   Data           1  main.o(.data)
    Temp                                     0x20000008   Data           4  main.o(.data)
    uwTickFreq                               0x2000000c   Data           1  stm32f1xx_hal.o(.data)
    uwTickPrio                               0x20000010   Data           4  stm32f1xx_hal.o(.data)
    uwTick                                   0x20000014   Data           4  stm32f1xx_hal.o(.data)
    SystemCoreClock                          0x20000018   Data           4  system_stm32f1xx.o(.data)
    DS3231                                   0x2000001c   Data          32  main.o(.bss)
    LCD1                                     0x2000003c   Data          12  main.o(.bss)
    buffer                                   0x20000048   Data          16  main.o(.bss)
    bufferm                                  0x20000058   Data          16  main.o(.bss)
    hi2c1                                    0x20000068   Data          84  main.o(.bss)
    htim1                                    0x200000bc   Data          72  main.o(.bss)
    htim2                                    0x20000104   Data          72  main.o(.bss)
    huart1                                   0x2000014c   Data          68  main.o(.bss)
    __libspace_start                         0x20000190   Data          96  libspace.o(.bss)
    __temporary_stack_top$libspace           0x200001f0   Data           0  libspace.o(.bss)



==============================================================================

Memory Map of the image

  Image Entry point : 0x080000ed

  Load Region LR_IROM1 (Base: 0x08000000, Size: 0x000054a4, Max: 0x00010000, ABSOLUTE)

    Execution Region ER_IROM1 (Exec base: 0x08000000, Load base: 0x08000000, Size: 0x00005488, Max: 0x00010000, ABSOLUTE)

    Exec Addr    Load Addr    Size         Type   Attr      Idx    E Section Name        Object

    0x08000000   0x08000000   0x000000ec   Data   RO            3    RESET               startup_stm32f103xb.o
    0x080000ec   0x080000ec   0x00000008   Code   RO         3551  * !!!main             c_w.l(__main.o)
    0x080000f4   0x080000f4   0x00000034   Code   RO         3799    !!!scatter          c_w.l(__scatter.o)
    0x08000128   0x08000128   0x0000001a   Code   RO         3801    !!handler_copy      c_w.l(__scatter_copy.o)
    0x08000142   0x08000142   0x00000002   PAD
    0x08000144   0x08000144   0x0000001c   Code   RO         3803    !!handler_zi        c_w.l(__scatter_zi.o)
    0x08000160   0x08000160   0x00000000   Code   RO         3546    .ARM.Collect$$_printf_percent$$00000000  c_w.l(_printf_percent.o)
    0x08000160   0x08000160   0x00000006   Code   RO         3545    .ARM.Collect$$_printf_percent$$00000003  c_w.l(_printf_f.o)
    0x08000166   0x08000166   0x00000006   Code   RO         3544    .ARM.Collect$$_printf_percent$$00000009  c_w.l(_printf_d.o)
    0x0800016c   0x0800016c   0x00000006   Code   RO         3543    .ARM.Collect$$_printf_percent$$00000014  c_w.l(_printf_s.o)
    0x08000172   0x08000172   0x00000004   Code   RO         3584    .ARM.Collect$$_printf_percent$$00000017  c_w.l(_printf_percent_end.o)
    0x08000176   0x08000176   0x00000002   Code   RO         3670    .ARM.Collect$$libinit$$00000000  c_w.l(libinit.o)
    0x08000178   0x08000178   0x00000000   Code   RO         3672    .ARM.Collect$$libinit$$00000002  c_w.l(libinit2.o)
    0x08000178   0x08000178   0x00000000   Code   RO         3674    .ARM.Collect$$libinit$$00000004  c_w.l(libinit2.o)
    0x08000178   0x08000178   0x00000000   Code   RO         3677    .ARM.Collect$$libinit$$0000000A  c_w.l(libinit2.o)
    0x08000178   0x08000178   0x00000000   Code   RO         3679    .ARM.Collect$$libinit$$0000000C  c_w.l(libinit2.o)
    0x08000178   0x08000178   0x00000000   Code   RO         3681    .ARM.Collect$$libinit$$0000000E  c_w.l(libinit2.o)
    0x08000178   0x08000178   0x00000006   Code   RO         3682    .ARM.Collect$$libinit$$0000000F  c_w.l(libinit2.o)
    0x0800017e   0x0800017e   0x00000000   Code   RO         3684    .ARM.Collect$$libinit$$00000011  c_w.l(libinit2.o)
    0x0800017e   0x0800017e   0x00000000   Code   RO         3686    .ARM.Collect$$libinit$$00000013  c_w.l(libinit2.o)
    0x0800017e   0x0800017e   0x00000000   Code   RO         3688    .ARM.Collect$$libinit$$00000015  c_w.l(libinit2.o)
    0x0800017e   0x0800017e   0x0000000a   Code   RO         3689    .ARM.Collect$$libinit$$00000016  c_w.l(libinit2.o)
    0x08000188   0x08000188   0x00000000   Code   RO         3690    .ARM.Collect$$libinit$$00000017  c_w.l(libinit2.o)
    0x08000188   0x08000188   0x00000000   Code   RO         3692    .ARM.Collect$$libinit$$00000019  c_w.l(libinit2.o)
    0x08000188   0x08000188   0x00000000   Code   RO         3694    .ARM.Collect$$libinit$$0000001B  c_w.l(libinit2.o)
    0x08000188   0x08000188   0x00000000   Code   RO         3696    .ARM.Collect$$libinit$$0000001D  c_w.l(libinit2.o)
    0x08000188   0x08000188   0x00000000   Code   RO         3698    .ARM.Collect$$libinit$$0000001F  c_w.l(libinit2.o)
    0x08000188   0x08000188   0x00000000   Code   RO         3700    .ARM.Collect$$libinit$$00000021  c_w.l(libinit2.o)
    0x08000188   0x08000188   0x00000000   Code   RO         3702    .ARM.Collect$$libinit$$00000023  c_w.l(libinit2.o)
    0x08000188   0x08000188   0x00000000   Code   RO         3704    .ARM.Collect$$libinit$$00000025  c_w.l(libinit2.o)
    0x08000188   0x08000188   0x00000000   Code   RO         3708    .ARM.Collect$$libinit$$0000002C  c_w.l(libinit2.o)
    0x08000188   0x08000188   0x00000000   Code   RO         3710    .ARM.Collect$$libinit$$0000002E  c_w.l(libinit2.o)
    0x08000188   0x08000188   0x00000000   Code   RO         3712    .ARM.Collect$$libinit$$00000030  c_w.l(libinit2.o)
    0x08000188   0x08000188   0x00000000   Code   RO         3714    .ARM.Collect$$libinit$$00000032  c_w.l(libinit2.o)
    0x08000188   0x08000188   0x00000002   Code   RO         3715    .ARM.Collect$$libinit$$00000033  c_w.l(libinit2.o)
    0x0800018a   0x0800018a   0x00000002   Code   RO         3747    .ARM.Collect$$libshutdown$$00000000  c_w.l(libshutdown.o)
    0x0800018c   0x0800018c   0x00000000   Code   RO         3758    .ARM.Collect$$libshutdown$$00000002  c_w.l(libshutdown2.o)
    0x0800018c   0x0800018c   0x00000000   Code   RO         3760    .ARM.Collect$$libshutdown$$00000004  c_w.l(libshutdown2.o)
    0x0800018c   0x0800018c   0x00000000   Code   RO         3763    .ARM.Collect$$libshutdown$$00000007  c_w.l(libshutdown2.o)
    0x0800018c   0x0800018c   0x00000000   Code   RO         3766    .ARM.Collect$$libshutdown$$0000000A  c_w.l(libshutdown2.o)
    0x0800018c   0x0800018c   0x00000000   Code   RO         3768    .ARM.Collect$$libshutdown$$0000000C  c_w.l(libshutdown2.o)
    0x0800018c   0x0800018c   0x00000000   Code   RO         3771    .ARM.Collect$$libshutdown$$0000000F  c_w.l(libshutdown2.o)
    0x0800018c   0x0800018c   0x00000002   Code   RO         3772    .ARM.Collect$$libshutdown$$00000010  c_w.l(libshutdown2.o)
    0x0800018e   0x0800018e   0x00000000   Code   RO         3573    .ARM.Collect$$rtentry$$00000000  c_w.l(__rtentry.o)
    0x0800018e   0x0800018e   0x00000000   Code   RO         3597    .ARM.Collect$$rtentry$$00000002  c_w.l(__rtentry2.o)
    0x0800018e   0x0800018e   0x00000006   Code   RO         3609    .ARM.Collect$$rtentry$$00000004  c_w.l(__rtentry4.o)
    0x08000194   0x08000194   0x00000000   Code   RO         3599    .ARM.Collect$$rtentry$$00000009  c_w.l(__rtentry2.o)
    0x08000194   0x08000194   0x00000004   Code   RO         3600    .ARM.Collect$$rtentry$$0000000A  c_w.l(__rtentry2.o)
    0x08000198   0x08000198   0x00000000   Code   RO         3602    .ARM.Collect$$rtentry$$0000000C  c_w.l(__rtentry2.o)
    0x08000198   0x08000198   0x00000008   Code   RO         3603    .ARM.Collect$$rtentry$$0000000D  c_w.l(__rtentry2.o)
    0x080001a0   0x080001a0   0x00000002   Code   RO         3718    .ARM.Collect$$rtexit$$00000000  c_w.l(rtexit.o)
    0x080001a2   0x080001a2   0x00000000   Code   RO         3725    .ARM.Collect$$rtexit$$00000002  c_w.l(rtexit2.o)
    0x080001a2   0x080001a2   0x00000004   Code   RO         3726    .ARM.Collect$$rtexit$$00000003  c_w.l(rtexit2.o)
    0x080001a6   0x080001a6   0x00000006   Code   RO         3727    .ARM.Collect$$rtexit$$00000004  c_w.l(rtexit2.o)
    0x080001ac   0x080001ac   0x00000040   Code   RO            4    .text               startup_stm32f103xb.o
    0x080001ec   0x080001ec   0x00000028   Code   RO         3513    .text               c_w.l(noretval__2sprintf.o)
    0x08000214   0x08000214   0x0000004e   Code   RO         3517    .text               c_w.l(_printf_pad.o)
    0x08000262   0x08000262   0x00000052   Code   RO         3519    .text               c_w.l(_printf_str.o)
    0x080002b4   0x080002b4   0x00000078   Code   RO         3521    .text               c_w.l(_printf_dec.o)
    0x0800032c   0x0800032c   0x00000138   Code   RO         3535    .text               c_w.l(__printf_flags_wp.o)
    0x08000464   0x08000464   0x0000004e   Code   RO         3547    .text               c_w.l(rt_memclr_w.o)
    0x080004b2   0x080004b2   0x00000006   Code   RO         3549    .text               c_w.l(heapauxi.o)
    0x080004b8   0x080004b8   0x000000b2   Code   RO         3574    .text               c_w.l(_printf_intcommon.o)
    0x0800056a   0x0800056a   0x0000041e   Code   RO         3576    .text               c_w.l(_printf_fp_dec.o)
    0x08000988   0x08000988   0x00000030   Code   RO         3578    .text               c_w.l(_printf_char_common.o)
    0x080009b8   0x080009b8   0x0000000a   Code   RO         3580    .text               c_w.l(_sputc.o)
    0x080009c2   0x080009c2   0x0000002c   Code   RO         3582    .text               c_w.l(_printf_char.o)
    0x080009ee   0x080009ee   0x00000002   PAD
    0x080009f0   0x080009f0   0x00000008   Code   RO         3614    .text               c_w.l(rt_locale_intlibspace.o)
    0x080009f8   0x080009f8   0x0000008a   Code   RO         3616    .text               c_w.l(lludiv10.o)
    0x08000a82   0x08000a82   0x00000002   PAD
    0x08000a84   0x08000a84   0x00000080   Code   RO         3618    .text               c_w.l(_printf_fp_infnan.o)
    0x08000b04   0x08000b04   0x000000e4   Code   RO         3622    .text               c_w.l(bigflt0.o)
    0x08000be8   0x08000be8   0x00000008   Code   RO         3656    .text               c_w.l(libspace.o)
    0x08000bf0   0x08000bf0   0x0000004a   Code   RO         3659    .text               c_w.l(sys_stackheap_outer.o)
    0x08000c3a   0x08000c3a   0x00000012   Code   RO         3661    .text               c_w.l(exit.o)
    0x08000c4c   0x08000c4c   0x00000080   Code   RO         3663    .text               c_w.l(strcmpv7m.o)
    0x08000ccc   0x08000ccc   0x0000000c   Code   RO         3737    .text               c_w.l(sys_exit.o)
    0x08000cd8   0x08000cd8   0x00000002   Code   RO         3748    .text               c_w.l(use_no_semi.o)
    0x08000cda   0x08000cda   0x00000000   Code   RO         3750    .text               c_w.l(indicate_semi.o)
    0x08000cda   0x08000cda   0x0000003e   Code   RO         3625    CL$$btod_d2e        c_w.l(btod.o)
    0x08000d18   0x08000d18   0x00000046   Code   RO         3627    CL$$btod_d2e_denorm_low  c_w.l(btod.o)
    0x08000d5e   0x08000d5e   0x00000060   Code   RO         3626    CL$$btod_d2e_norm_op1  c_w.l(btod.o)
    0x08000dbe   0x08000dbe   0x00000338   Code   RO         3635    CL$$btod_div_common  c_w.l(btod.o)
    0x080010f6   0x080010f6   0x000000dc   Code   RO         3632    CL$$btod_e2e        c_w.l(btod.o)
    0x080011d2   0x080011d2   0x0000002a   Code   RO         3629    CL$$btod_ediv       c_w.l(btod.o)
    0x080011fc   0x080011fc   0x0000002a   Code   RO         3628    CL$$btod_emul       c_w.l(btod.o)
    0x08001226   0x08001226   0x00000244   Code   RO         3634    CL$$btod_mult_common  c_w.l(btod.o)
    0x0800146a   0x0800146a   0x00000002   PAD
    0x0800146c   0x0800146c   0x00000084   Code   RO          302    i.AlarmTone         main.o
    0x080014f0   0x080014f0   0x00000012   Code   RO          187    i.BCD2DEC           ds3231.o
    0x08001502   0x08001502   0x00000002   Code   RO          439    i.BusFault_Handler  stm32f1xx_it.o
    0x08001504   0x08001504   0x0000000e   Code   RO           13    i.CLCD_I2C_BlinkOff  clcd_i2c.o
    0x08001512   0x08001512   0x0000000e   Code   RO           14    i.CLCD_I2C_BlinkOn  clcd_i2c.o
    0x08001520   0x08001520   0x00000014   Code   RO           15    i.CLCD_I2C_Clear    clcd_i2c.o
    0x08001534   0x08001534   0x000000c6   Code   RO           18    i.CLCD_I2C_Init     clcd_i2c.o
    0x080015fa   0x080015fa   0x00000002   PAD
    0x080015fc   0x080015fc   0x00000034   Code   RO           20    i.CLCD_I2C_SetCursor  clcd_i2c.o
    0x08001630   0x08001630   0x00000006   Code   RO           21    i.CLCD_I2C_WriteChar  clcd_i2c.o
    0x08001636   0x08001636   0x00000018   Code   RO           22    i.CLCD_I2C_WriteString  clcd_i2c.o
    0x0800164e   0x0800164e   0x0000006a   Code   RO           23    i.CLCD_WriteI2C     clcd_i2c.o
    0x080016b8   0x080016b8   0x00000016   Code   RO          188    i.DEC2BCD           ds3231.o
    0x080016ce   0x080016ce   0x0000003e   Code   RO          189    i.DS3231_ClearAlarm1Flag  ds3231.o
    0x0800170c   0x0800170c   0x0000003e   Code   RO          190    i.DS3231_ClearAlarm2Flag  ds3231.o
    0x0800174a   0x0800174a   0x0000004a   Code   RO          191    i.DS3231_EnableAlarm1  ds3231.o
    0x08001794   0x08001794   0x0000004c   Code   RO          192    i.DS3231_EnableAlarm2  ds3231.o
    0x080017e0   0x080017e0   0x0000003e   Code   RO          193    i.DS3231_GetDate    ds3231.o
    0x0800181e   0x0800181e   0x0000004e   Code   RO          194    i.DS3231_GetTemp    ds3231.o
    0x0800186c   0x0800186c   0x00000036   Code   RO          195    i.DS3231_GetTime    ds3231.o
    0x080018a2   0x080018a2   0x0000002c   Code   RO          196    i.DS3231_Init       ds3231.o
    0x080018ce   0x080018ce   0x00000046   Code   RO          199    i.DS3231_SetDate    ds3231.o
    0x08001914   0x08001914   0x00000042   Code   RO          200    i.DS3231_SetInterruptMode  ds3231.o
    0x08001956   0x08001956   0x0000003a   Code   RO          201    i.DS3231_SetTime    ds3231.o
    0x08001990   0x08001990   0x00000002   Code   RO          440    i.DebugMon_Handler  stm32f1xx_it.o
    0x08001992   0x08001992   0x00000002   PAD
    0x08001994   0x08001994   0x00000018   Code   RO          304    i.Delay_ms          main.o
    0x080019ac   0x080019ac   0x00000040   Code   RO          305    i.Display_Adjust    main.o
    0x080019ec   0x080019ec   0x00000034   Code   RO          306    i.Display_ChangeDisplay  main.o
    0x08001a20   0x08001a20   0x00000030   Code   RO          308    i.Display_SetAlarm  main.o
    0x08001a50   0x08001a50   0x00000030   Code   RO          309    i.Display_SetTime   main.o
    0x08001a80   0x08001a80   0x0000004c   Code   RO          310    i.Display_Time      main.o
    0x08001acc   0x08001acc   0x00000006   Code   RO          441    i.EXTI0_IRQHandler  stm32f1xx_it.o
    0x08001ad2   0x08001ad2   0x00000006   Code   RO          442    i.EXTI1_IRQHandler  stm32f1xx_it.o
    0x08001ad8   0x08001ad8   0x00000006   Code   RO          443    i.EXTI2_IRQHandler  stm32f1xx_it.o
    0x08001ade   0x08001ade   0x00000006   Code   RO          444    i.EXTI3_IRQHandler  stm32f1xx_it.o
    0x08001ae4   0x08001ae4   0x00000006   Code   RO          445    i.EXTI9_5_IRQHandler  stm32f1xx_it.o
    0x08001aea   0x08001aea   0x00000048   Code   RO         1509    i.HAL_DMA_Abort     stm32f1xx_hal_dma.o
    0x08001b32   0x08001b32   0x00000002   PAD
    0x08001b34   0x08001b34   0x000000a4   Code   RO         1510    i.HAL_DMA_Abort_IT  stm32f1xx_hal_dma.o
    0x08001bd8   0x08001bd8   0x00000028   Code   RO         1132    i.HAL_Delay         stm32f1xx_hal.o
    0x08001c00   0x08001c00   0x00000784   Code   RO          312    i.HAL_GPIO_EXTI_Callback  main.o
    0x08002384   0x08002384   0x00000018   Code   RO         1444    i.HAL_GPIO_EXTI_IRQHandler  stm32f1xx_hal_gpio.o
    0x0800239c   0x0800239c   0x000001fc   Code   RO         1445    i.HAL_GPIO_Init     stm32f1xx_hal_gpio.o
    0x08002598   0x08002598   0x0000000e   Code   RO         1449    i.HAL_GPIO_WritePin  stm32f1xx_hal_gpio.o
    0x080025a6   0x080025a6   0x00000002   PAD
    0x080025a8   0x080025a8   0x0000000c   Code   RO         1136    i.HAL_GetTick       stm32f1xx_hal.o
    0x080025b4   0x080025b4   0x000001ac   Code   RO          664    i.HAL_I2C_Init      stm32f1xx_hal_i2c.o
    0x08002760   0x08002760   0x00000188   Code   RO          665    i.HAL_I2C_IsDeviceReady  stm32f1xx_hal_i2c.o
    0x080028e8   0x080028e8   0x00000160   Code   RO          677    i.HAL_I2C_Master_Transmit  stm32f1xx_hal_i2c.o
    0x08002a48   0x08002a48   0x00000318   Code   RO          682    i.HAL_I2C_Mem_Read  stm32f1xx_hal_i2c.o
    0x08002d60   0x08002d60   0x00000174   Code   RO          685    i.HAL_I2C_Mem_Write  stm32f1xx_hal_i2c.o
    0x08002ed4   0x08002ed4   0x0000005c   Code   RO          558    i.HAL_I2C_MspInit   stm32f1xx_hal_msp.o
    0x08002f30   0x08002f30   0x00000010   Code   RO         1142    i.HAL_IncTick       stm32f1xx_hal.o
    0x08002f40   0x08002f40   0x00000024   Code   RO         1143    i.HAL_Init          stm32f1xx_hal.o
    0x08002f64   0x08002f64   0x00000044   Code   RO         1144    i.HAL_InitTick      stm32f1xx_hal.o
    0x08002fa8   0x08002fa8   0x0000003c   Code   RO          559    i.HAL_MspInit       stm32f1xx_hal_msp.o
    0x08002fe4   0x08002fe4   0x0000001c   Code   RO         1605    i.HAL_NVIC_EnableIRQ  stm32f1xx_hal_cortex.o
    0x08003000   0x08003000   0x00000068   Code   RO         1611    i.HAL_NVIC_SetPriority  stm32f1xx_hal_cortex.o
    0x08003068   0x08003068   0x00000024   Code   RO         1612    i.HAL_NVIC_SetPriorityGrouping  stm32f1xx_hal_cortex.o
    0x0800308c   0x0800308c   0x00000180   Code   RO         1300    i.HAL_RCC_ClockConfig  stm32f1xx_hal_rcc.o
    0x0800320c   0x0800320c   0x0000000c   Code   RO         1305    i.HAL_RCC_GetHCLKFreq  stm32f1xx_hal_rcc.o
    0x08003218   0x08003218   0x00000020   Code   RO         1307    i.HAL_RCC_GetPCLK1Freq  stm32f1xx_hal_rcc.o
    0x08003238   0x08003238   0x00000020   Code   RO         1308    i.HAL_RCC_GetPCLK2Freq  stm32f1xx_hal_rcc.o
    0x08003258   0x08003258   0x00000078   Code   RO         1309    i.HAL_RCC_GetSysClockFreq  stm32f1xx_hal_rcc.o
    0x080032d0   0x080032d0   0x0000042c   Code   RO         1312    i.HAL_RCC_OscConfig  stm32f1xx_hal_rcc.o
    0x080036fc   0x080036fc   0x00000028   Code   RO         1616    i.HAL_SYSTICK_Config  stm32f1xx_hal_cortex.o
    0x08003724   0x08003724   0x00000002   Code   RO         2838    i.HAL_TIMEx_BreakCallback  stm32f1xx_hal_tim_ex.o
    0x08003726   0x08003726   0x00000002   Code   RO         2839    i.HAL_TIMEx_CommutCallback  stm32f1xx_hal_tim_ex.o
    0x08003728   0x08003728   0x00000072   Code   RO         2857    i.HAL_TIMEx_MasterConfigSynchronization  stm32f1xx_hal_tim_ex.o
    0x0800379a   0x0800379a   0x0000005c   Code   RO         2123    i.HAL_TIM_Base_Init  stm32f1xx_hal_tim.o
    0x080037f6   0x080037f6   0x00000002   PAD
    0x080037f8   0x080037f8   0x00000050   Code   RO          561    i.HAL_TIM_Base_MspInit  stm32f1xx_hal_msp.o
    0x08003848   0x08003848   0x00000058   Code   RO         2126    i.HAL_TIM_Base_Start  stm32f1xx_hal_tim.o
    0x080038a0   0x080038a0   0x00000062   Code   RO         2128    i.HAL_TIM_Base_Start_IT  stm32f1xx_hal_tim.o
    0x08003902   0x08003902   0x000000e4   Code   RO         2132    i.HAL_TIM_ConfigClockSource  stm32f1xx_hal_tim.o
    0x080039e6   0x080039e6   0x00000002   Code   RO         2157    i.HAL_TIM_IC_CaptureCallback  stm32f1xx_hal_tim.o
    0x080039e8   0x080039e8   0x00000174   Code   RO         2171    i.HAL_TIM_IRQHandler  stm32f1xx_hal_tim.o
    0x08003b5c   0x08003b5c   0x00000002   Code   RO         2174    i.HAL_TIM_OC_DelayElapsedCallback  stm32f1xx_hal_tim.o
    0x08003b5e   0x08003b5e   0x00000002   Code   RO         2201    i.HAL_TIM_PWM_PulseFinishedCallback  stm32f1xx_hal_tim.o
    0x08003b60   0x08003b60   0x00000148   Code   RO          313    i.HAL_TIM_PeriodElapsedCallback  main.o
    0x08003ca8   0x08003ca8   0x00000002   Code   RO         2214    i.HAL_TIM_TriggerCallback  stm32f1xx_hal_tim.o
    0x08003caa   0x08003caa   0x00000002   Code   RO         3116    i.HAL_UARTEx_RxEventCallback  stm32f1xx_hal_uart.o
    0x08003cac   0x08003cac   0x00000002   Code   RO         3130    i.HAL_UART_ErrorCallback  stm32f1xx_hal_uart.o
    0x08003cae   0x08003cae   0x00000002   PAD
    0x08003cb0   0x08003cb0   0x00000200   Code   RO         3133    i.HAL_UART_IRQHandler  stm32f1xx_hal_uart.o
    0x08003eb0   0x08003eb0   0x00000064   Code   RO         3134    i.HAL_UART_Init     stm32f1xx_hal_uart.o
    0x08003f14   0x08003f14   0x00000080   Code   RO          563    i.HAL_UART_MspInit  stm32f1xx_hal_msp.o
    0x08003f94   0x08003f94   0x00000002   Code   RO         3140    i.HAL_UART_RxCpltCallback  stm32f1xx_hal_uart.o
    0x08003f96   0x08003f96   0x00000002   Code   RO         3145    i.HAL_UART_TxCpltCallback  stm32f1xx_hal_uart.o
    0x08003f98   0x08003f98   0x00000002   Code   RO          446    i.HardFault_Handler  stm32f1xx_it.o
    0x08003f9a   0x08003f9a   0x00000032   Code   RO          707    i.I2C_IsAcknowledgeFailed  stm32f1xx_hal_i2c.o
    0x08003fcc   0x08003fcc   0x000000b4   Code   RO          711    i.I2C_MasterRequestWrite  stm32f1xx_hal_i2c.o
    0x08004080   0x08004080   0x00000154   Code   RO          718    i.I2C_RequestMemoryRead  stm32f1xx_hal_i2c.o
    0x080041d4   0x080041d4   0x000000d0   Code   RO          719    i.I2C_RequestMemoryWrite  stm32f1xx_hal_i2c.o
    0x080042a4   0x080042a4   0x0000005c   Code   RO          727    i.I2C_WaitOnBTFFlagUntilTimeout  stm32f1xx_hal_i2c.o
    0x08004300   0x08004300   0x000000b4   Code   RO          728    i.I2C_WaitOnFlagUntilTimeout  stm32f1xx_hal_i2c.o
    0x080043b4   0x080043b4   0x000000ce   Code   RO          729    i.I2C_WaitOnMasterAddressFlagUntilTimeout  stm32f1xx_hal_i2c.o
    0x08004482   0x08004482   0x0000007c   Code   RO          730    i.I2C_WaitOnRXNEFlagUntilTimeout  stm32f1xx_hal_i2c.o
    0x080044fe   0x080044fe   0x0000005c   Code   RO          733    i.I2C_WaitOnTXEFlagUntilTimeout  stm32f1xx_hal_i2c.o
    0x0800455a   0x0800455a   0x00000002   PAD
    0x0800455c   0x0800455c   0x00000120   Code   RO          314    i.MX_GPIO_Init      main.o
    0x0800467c   0x0800467c   0x00000058   Code   RO          315    i.MX_TIM1_Init      main.o
    0x080046d4   0x080046d4   0x00000054   Code   RO          316    i.MX_TIM2_Init      main.o
    0x08004728   0x08004728   0x00000002   Code   RO          447    i.MemManage_Handler  stm32f1xx_it.o
    0x0800472a   0x0800472a   0x00000002   PAD
    0x0800472c   0x0800472c   0x000000d8   Code   RO          317    i.MonthPrint        main.o
    0x08004804   0x08004804   0x00000002   Code   RO          448    i.NMI_Handler       stm32f1xx_it.o
    0x08004806   0x08004806   0x00000002   Code   RO          449    i.PendSV_Handler    stm32f1xx_it.o
    0x08004808   0x08004808   0x00000024   Code   RO         1313    i.RCC_Delay         stm32f1xx_hal_rcc.o
    0x0800482c   0x0800482c   0x00000002   Code   RO          450    i.SVC_Handler       stm32f1xx_it.o
    0x0800482e   0x0800482e   0x00000004   Code   RO          451    i.SysTick_Handler   stm32f1xx_it.o
    0x08004832   0x08004832   0x00000050   Code   RO          318    i.SystemClock_Config  main.o
    0x08004882   0x08004882   0x00000002   Code   RO         3473    i.SystemInit        system_stm32f1xx.o
    0x08004884   0x08004884   0x0000000c   Code   RO          452    i.TIM2_IRQHandler   stm32f1xx_it.o
    0x08004890   0x08004890   0x00000078   Code   RO         2216    i.TIM_Base_SetConfig  stm32f1xx_hal_tim.o
    0x08004908   0x08004908   0x00000016   Code   RO         2227    i.TIM_ETR_SetConfig  stm32f1xx_hal_tim.o
    0x0800491e   0x0800491e   0x00000010   Code   RO         2228    i.TIM_ITRx_SetConfig  stm32f1xx_hal_tim.o
    0x0800492e   0x0800492e   0x00000026   Code   RO         2234    i.TIM_TI1_ConfigInputStage  stm32f1xx_hal_tim.o
    0x08004954   0x08004954   0x00000024   Code   RO         2236    i.TIM_TI2_ConfigInputStage  stm32f1xx_hal_tim.o
    0x08004978   0x08004978   0x00000010   Code   RO         3147    i.UART_DMAAbortOnError  stm32f1xx_hal_uart.o
    0x08004988   0x08004988   0x00000030   Code   RO         3157    i.UART_EndRxTransfer  stm32f1xx_hal_uart.o
    0x080049b8   0x080049b8   0x0000001a   Code   RO         3158    i.UART_EndTransmit_IT  stm32f1xx_hal_uart.o
    0x080049d2   0x080049d2   0x000000be   Code   RO         3160    i.UART_Receive_IT   stm32f1xx_hal_uart.o
    0x08004a90   0x08004a90   0x000000c8   Code   RO         3161    i.UART_SetConfig    stm32f1xx_hal_uart.o
    0x08004b58   0x08004b58   0x0000005e   Code   RO         3164    i.UART_Transmit_IT  stm32f1xx_hal_uart.o
    0x08004bb6   0x08004bb6   0x00000002   PAD
    0x08004bb8   0x08004bb8   0x0000000c   Code   RO          453    i.USART1_IRQHandler  stm32f1xx_it.o
    0x08004bc4   0x08004bc4   0x00000002   Code   RO          454    i.UsageFault_Handler  stm32f1xx_it.o
    0x08004bc6   0x08004bc6   0x00000028   Code   RO         3654    i.__ARM_fpclassify  m_ws.l(fpclassify.o)
    0x08004bee   0x08004bee   0x0000000e   Code   RO         3533    i._is_digit         c_w.l(__printf_wp.o)
    0x08004bfc   0x08004bfc   0x00000062   Code   RO          202    i.force_temp_conv   ds3231.o
    0x08004c5e   0x08004c5e   0x00000002   PAD
    0x08004c60   0x08004c60   0x000000b8   Code   RO          319    i.main              main.o
    0x08004d18   0x08004d18   0x0000002c   Code   RO         3648    locale$$code        c_w.l(lc_numeric_c.o)
    0x08004d44   0x08004d44   0x00000062   Code   RO         3553    x$fpl$d2f           fz_ws.l(d2f.o)
    0x08004da6   0x08004da6   0x00000002   PAD
    0x08004da8   0x08004da8   0x00000150   Code   RO         3555    x$fpl$dadd          fz_ws.l(daddsub_clz.o)
    0x08004ef8   0x08004ef8   0x00000010   Code   RO         3585    x$fpl$dcheck1       fz_ws.l(dcheck1.o)
    0x08004f08   0x08004f08   0x00000026   Code   RO         3561    x$fpl$dfltu         fz_ws.l(dflt_clz.o)
    0x08004f2e   0x08004f2e   0x0000009c   Code   RO         3587    x$fpl$dnaninf       fz_ws.l(dnaninf.o)
    0x08004fca   0x08004fca   0x0000000c   Code   RO         3589    x$fpl$dretinf       fz_ws.l(dretinf.o)
    0x08004fd6   0x08004fd6   0x00000002   PAD
    0x08004fd8   0x08004fd8   0x000001d4   Code   RO         3557    x$fpl$dsub          fz_ws.l(daddsub_clz.o)
    0x080051ac   0x080051ac   0x00000056   Code   RO         3567    x$fpl$f2d           fz_ws.l(f2d.o)
    0x08005202   0x08005202   0x0000008c   Code   RO         3591    x$fpl$fnaninf       fz_ws.l(fnaninf.o)
    0x0800528e   0x0800528e   0x0000000a   Code   RO         3593    x$fpl$fretinf       fz_ws.l(fretinf.o)
    0x08005298   0x08005298   0x00000004   Code   RO         3569    x$fpl$printf1       fz_ws.l(printf1.o)
    0x0800529c   0x0800529c   0x00000064   Code   RO         3652    x$fpl$retnan        fz_ws.l(retnan.o)
    0x08005300   0x08005300   0x0000005c   Code   RO         3571    x$fpl$scalbn        fz_ws.l(scalbn.o)
    0x0800535c   0x0800535c   0x00000030   Code   RO         3716    x$fpl$trapveneer    fz_ws.l(trapv.o)
    0x0800538c   0x0800538c   0x00000000   Code   RO         3595    x$fpl$usenofp       fz_ws.l(usenofp.o)
    0x0800538c   0x0800538c   0x00000010   Data   RO         3474    .constdata          system_stm32f1xx.o
    0x0800539c   0x0800539c   0x00000008   Data   RO         3475    .constdata          system_stm32f1xx.o
    0x080053a4   0x080053a4   0x00000011   Data   RO         3536    .constdata          c_w.l(__printf_flags_wp.o)
    0x080053b5   0x080053b5   0x00000003   PAD
    0x080053b8   0x080053b8   0x00000094   Data   RO         3623    .constdata          c_w.l(bigflt0.o)
    0x0800544c   0x0800544c   0x00000020   Data   RO         3797    Region$$Table       anon$$obj.o
    0x0800546c   0x0800546c   0x0000001c   Data   RO         3647    locale$$data        c_w.l(lc_numeric_c.o)


    Execution Region RW_IRAM1 (Exec base: 0x20000000, Load base: 0x08005488, Size: 0x000007f0, Max: 0x00005000, ABSOLUTE)

    Exec Addr    Load Addr    Size         Type   Attr      Idx    E Section Name        Object

    0x20000000   0x08005488   0x0000000c   Data   RW          323    .data               main.o
    0x2000000c   0x08005494   0x0000000c   Data   RW         1150    .data               stm32f1xx_hal.o
    0x20000018   0x080054a0   0x00000004   Data   RW         3476    .data               system_stm32f1xx.o
    0x2000001c        -       0x00000174   Zero   RW          320    .bss                main.o
    0x20000190        -       0x00000060   Zero   RW         3657    .bss                c_w.l(libspace.o)
    0x200001f0        -       0x00000200   Zero   RW            2    HEAP                startup_stm32f103xb.o
    0x200003f0        -       0x00000400   Zero   RW            1    STACK               startup_stm32f103xb.o


==============================================================================

Image component sizes


      Code (inc. data)   RO Data    RW Data    ZI Data      Debug   Object Name

       434          4          0          0          0     439629   clcd_i2c.o
       844          0          0          0          0       9129   ds3231.o
      3636        452          0         12        372      11311   main.o
        64         26        236          0       1536        808   startup_stm32f103xb.o
       172         30          0         12          0       5881   stm32f1xx_hal.o
       208         16          0          0          0      28671   stm32f1xx_hal_cortex.o
       236         28          0          0          0       1707   stm32f1xx_hal_dma.o
       546         18          0          0          0       3451   stm32f1xx_hal_gpio.o
      3808         76          0          0          0      17072   stm32f1xx_hal_i2c.o
       360         40          0          0          0       2886   stm32f1xx_hal_msp.o
      1684         98          0          0          0       6860   stm32f1xx_hal_rcc.o
      1118         14          0          0          0      10016   stm32f1xx_hal_tim.o
       118          0          0          0          0       2449   stm32f1xx_hal_tim_ex.o
      1194         12          0          0          0       8664   stm32f1xx_hal_uart.o
        74         12          0          0          0       6857   stm32f1xx_it.o
         2          0         24          4          0       1107   system_stm32f1xx.o

    ----------------------------------------------------------------------
     14518        826        292         28       1908     556498   Object Totals
         0          0         32          0          0          0   (incl. Generated)
        20          0          0          0          0          0   (incl. Padding)

    ----------------------------------------------------------------------

      Code (inc. data)   RO Data    RW Data    ZI Data      Debug   Library Member Name

         8          0          0          0          0         68   __main.o
       312          4         17          0          0         92   __printf_flags_wp.o
        14          0          0          0          0         68   __printf_wp.o
         0          0          0          0          0          0   __rtentry.o
        12          0          0          0          0          0   __rtentry2.o
         6          0          0          0          0          0   __rtentry4.o
        52          8          0          0          0          0   __scatter.o
        26          0          0          0          0          0   __scatter_copy.o
        28          0          0          0          0          0   __scatter_zi.o
        44          0          0          0          0        108   _printf_char.o
        48          6          0          0          0         96   _printf_char_common.o
         6          0          0          0          0          0   _printf_d.o
       120         16          0          0          0         92   _printf_dec.o
         6          0          0          0          0          0   _printf_f.o
      1054          0          0          0          0        216   _printf_fp_dec.o
       128         16          0          0          0         84   _printf_fp_infnan.o
       178          0          0          0          0         88   _printf_intcommon.o
        78          0          0          0          0        108   _printf_pad.o
         0          0          0          0          0          0   _printf_percent.o
         4          0          0          0          0          0   _printf_percent_end.o
         6          0          0          0          0          0   _printf_s.o
        82          0          0          0          0         80   _printf_str.o
        10          0          0          0          0         68   _sputc.o
       228          4        148          0          0         96   bigflt0.o
      1936        128          0          0          0        672   btod.o
        18          0          0          0          0         80   exit.o
         6          0          0          0          0        152   heapauxi.o
         0          0          0          0          0          0   indicate_semi.o
        44         10         28          0          0         76   lc_numeric_c.o
         2          0          0          0          0          0   libinit.o
        18          0          0          0          0          0   libinit2.o
         2          0          0          0          0          0   libshutdown.o
         2          0          0          0          0          0   libshutdown2.o
         8          4          0          0         96         68   libspace.o
       138          0          0          0          0         80   lludiv10.o
        40          6          0          0          0         84   noretval__2sprintf.o
         8          4          0          0          0         68   rt_locale_intlibspace.o
        78          0          0          0          0         80   rt_memclr_w.o
         2          0          0          0          0          0   rtexit.o
        10          0          0          0          0          0   rtexit2.o
       128          0          0          0          0         68   strcmpv7m.o
        12          4          0          0          0         68   sys_exit.o
        74          0          0          0          0         80   sys_stackheap_outer.o
         2          0          0          0          0         68   use_no_semi.o
        98          4          0          0          0         92   d2f.o
       804         16          0          0          0        272   daddsub_clz.o
        16          4          0          0          0         68   dcheck1.o
        38          0          0          0          0         68   dflt_clz.o
       156          4          0          0          0         92   dnaninf.o
        12          0          0          0          0         68   dretinf.o
        86          4          0          0          0         84   f2d.o
       140          4          0          0          0         84   fnaninf.o
        10          0          0          0          0         68   fretinf.o
         4          0          0          0          0         68   printf1.o
       100          0          0          0          0         68   retnan.o
        92          0          0          0          0         68   scalbn.o
        48          0          0          0          0         68   trapv.o
         0          0          0          0          0          0   usenofp.o
        40          0          0          0          0         68   fpclassify.o

    ----------------------------------------------------------------------
      6634        246        196          0         96       4144   Library Totals
        12          0          3          0          0          0   (incl. Padding)

    ----------------------------------------------------------------------

      Code (inc. data)   RO Data    RW Data    ZI Data      Debug   Library Name

      4978        210        193          0         96       2908   c_w.l
      1604         36          0          0          0       1168   fz_ws.l
        40          0          0          0          0         68   m_ws.l

    ----------------------------------------------------------------------
      6634        246        196          0         96       4144   Library Totals

    ----------------------------------------------------------------------

==============================================================================


      Code (inc. data)   RO Data    RW Data    ZI Data      Debug   

     21152       1072        488         28       2004     552318   Grand Totals
     21152       1072        488         28       2004     552318   ELF Image Totals
     21152       1072        488         28          0          0   ROM Totals

==============================================================================

    Total RO  Size (Code + RO Data)                21640 (  21.13kB)
    Total RW  Size (RW Data + ZI Data)              2032 (   1.98kB)
    Total ROM Size (Code + RO Data + RW Data)      21668 (  21.16kB)

==============================================================================

