<html>
<body>
<pre>
<h1>µVision Build Log</h1>
<h2>Tool Versions:</h2>
IDE-Version: µVision V5.31.0.0
Copyright (C) 2020 ARM Ltd and ARM Germany GmbH. All rights reserved.
License Information: Duong Hoang, das, LIC=HN0AE-57QWL-UHW8H-WJY6P-8LH28-25CF5
 
Tool Versions:
Toolchain:       MDK-ARM Plus  Version: 5.31.0.0
Toolchain Path:  C:\Keil_v5\ARM\ARMCC\Bin
C Compiler:      Armcc.exe V5.06 update 6 (build 750)
Assembler:       Armasm.exe V5.06 update 6 (build 750)
Linker/Locator:  ArmLink.exe V5.06 update 6 (build 750)
Library Manager: ArmAr.exe V5.06 update 6 (build 750)
Hex Converter:   FromElf.exe V5.06 update 6 (build 750)
CPU DLL:         SARMCM3.DLL V5.31.0.0
Dialog DLL:      DCM.DLL V1.17.3.0
Target DLL:      STLink\ST-LINKIII-KEIL_SWO.dll V3.0.7.0
Dialog DLL:      TCM.DLL V1.46.0.0
 
<h2>Project:</h2>
C:\Users\DuongHoang\Downloads\STM32\DigitalClock\MDK-ARM\DigitalClock.uvprojx
Project File Date:  12/03/2021

<h2>Output:</h2>
*** Using Compiler 'V5.06 update 6 (build 750)', folder: 'C:\Keil_v5\ARM\ARMCC\Bin'
Build target 'DigitalClock'
compiling main.c...
../Core/Src/main.c(108): warning:  #223-D: function "sprintf" declared implicitly
  		sprintf(ASCII, "January");
../Core/Src/main.c(110): warning:  #223-D: function "sprintf" declared implicitly
  		sprintf(ASCII, "Febnuary");
../Core/Src/main.c(112): warning:  #223-D: function "sprintf" declared implicitly
  		sprintf(ASCII, "March");
../Core/Src/main.c(114): warning:  #223-D: function "sprintf" declared implicitly
  		sprintf(ASCII, "April");
../Core/Src/main.c(116): warning:  #223-D: function "sprintf" declared implicitly
  		sprintf(ASCII, "May");
../Core/Src/main.c(118): warning:  #223-D: function "sprintf" declared implicitly
  		sprintf(ASCII, "June");
../Core/Src/main.c(120): warning:  #223-D: function "sprintf" declared implicitly
  		sprintf(ASCII, "July");
../Core/Src/main.c(122): warning:  #223-D: function "sprintf" declared implicitly
  		sprintf(ASCII, "August");
../Core/Src/main.c(124): warning:  #223-D: function "sprintf" declared implicitly
  		sprintf(ASCII, "September");
../Core/Src/main.c(126): warning:  #223-D: function "sprintf" declared implicitly
  		sprintf(ASCII, "October");
../Core/Src/main.c(128): warning:  #223-D: function "sprintf" declared implicitly
  		sprintf(ASCII, "November");
../Core/Src/main.c(130): warning:  #223-D: function "sprintf" declared implicitly
  		sprintf(ASCII, "December");
../Core/Src/main.c(150): warning:  #223-D: function "sprintf" declared implicitly
  	sprintf(buffer, "%02d:%02d:%02d", DS3231.Hours, DS3231.Min, DS3231.Sec);
../Core/Src/main.c(160): warning:  #223-D: function "sprintf" declared implicitly
  	sprintf(buffer, "%02d,%02d,20%02d", DS3231.Date, DS3231.Month, DS3231.Year);
../Core/Src/main.c(210): warning:  #223-D: function "sprintf" declared implicitly
  				sprintf(buffer, "%02d", DS3231.Hours);
../Core/Src/main.c(251): warning:  #223-D: function "sprintf" declared implicitly
  				sprintf(buffer, "%02d", DS3231.Hours);
../Core/Src/main.c(416): warning:  #223-D: function "sprintf" declared implicitly
  						sprintf(buffer, "%02d:%02d:%02d", DS3231.Hours, DS3231.Min, DS3231.Sec);
../Core/Src/main.c(461): warning:  #188-D: enumerated type mixed with another type
  				HAL_GPIO_WritePin(Buzzer_GPIO_Port, Buzzer_Pin, 0);
../Core/Src/main.c(464): warning:  #188-D: enumerated type mixed with another type
  					HAL_GPIO_WritePin(Buzzer_GPIO_Port, Buzzer_Pin, 1);
../Core/Src/main.c: 19 warnings, 0 errors
linking...
Program Size: Code=17560 RO-data=488 RW-data=32 ZI-data=1864  
FromELF: creating hex file...
"DigitalClock\DigitalClock.axf" - 0 Error(s), 19 Warning(s).

<h2>Software Packages used:</h2>

Package Vendor: ARM
                http://www.keil.com/pack/ARM.CMSIS.5.8.0.pack
                ARM.CMSIS.5.8.0
                CMSIS (Common Microcontroller Software Interface Standard)
   * Component: CORE Version: 5.5.0

Package Vendor: Keil
                http://www.keil.com/pack/Keil.STM32F1xx_DFP.2.3.0.pack
                Keil.STM32F1xx_DFP.2.3.0
                STMicroelectronics STM32F1 Series Device Support, Drivers and Examples

<h2>Collection of Component include folders:</h2>
  .\RTE\_DigitalClock
  C:\Users\DuongHoang\AppData\Local\Arm\Packs\ARM\CMSIS\5.8.0\CMSIS\Core\Include
  C:\Users\DuongHoang\AppData\Local\Arm\Packs\Keil\STM32F1xx_DFP\2.3.0\Device\Include

<h2>Collection of Component Files used:</h2>

   * Component: ARM::CMSIS:CORE:5.5.0
Build Time Elapsed:  00:00:03
</pre>
</body>
</html>
